Microchip MPLAB XC8 Compiler V1.40 ()

Linker command line:

-W-3 --edf=C:\Program Files (x86)\Microchip\xc8\v1.40\dat\en_msgs.txt -cs \
  -h+dist/default/production\PIC18_OPTIMIZED_MOTOR.X.production.sym \
  --cmf=dist/default/production\PIC18_OPTIMIZED_MOTOR.X.production.cmf -z \
  -Q18F4620 -oC:\Users\1234gary\AppData\Local\Temp\s5v4.2 \
  -Mdist/default/production/PIC18_OPTIMIZED_MOTOR.X.production.map -E1 \
  -ver=XC8 -ASTACK=0FDh-0f7fh -pstack=STACK -ACODE=00h-0FFFFh \
  -ACONST=00h-0FFFFh -ASMALLCONST=01000h-010FFhx240 \
  -AMEDIUMCONST=01000h-0FFFFh -ACOMRAM=01h-07Fh -AABS1=00h-0F7Fh \
  -ABIGRAM=01h-0F7Fh -ARAM=080h-0FFh,0100h-01FFhx14,0F00h-0F7Fh \
  -ABANK0=080h-0FFh -ABANK1=0100h-01FFh -ABANK2=0200h-02FFh \
  -ABANK3=0300h-03FFh -ABANK4=0400h-04FFh -ABANK5=0500h-05FFh \
  -ABANK6=0600h-06FFh -ABANK7=0700h-07FFh -ABANK8=0800h-08FFh \
  -ABANK9=0900h-09FFh -ABANK10=0A00h-0AFFh -ABANK11=0B00h-0BFFh \
  -ABANK12=0C00h-0CFFh -ABANK13=0D00h-0DFFh -ABANK14=0E00h-0EFFh \
  -ABANK15=0F00h-0F7Fh -ASFR=0F80h-0FFFh \
  -preset_vec=00h,intcode=08h,intcodelo,powerup,init -pramtop=01000h \
  -psmallconst=SMALLCONST -pmediumconst=MEDIUMCONST -pconst=CONST \
  -AFARRAM=00h-00h -ACONFIG=0300000h-030000Dh -pconfig=CONFIG \
  -AIDLOC=0200000h-0200007h -pidloc=IDLOC -AEEDATA=0F00000h-0F003FFh \
  -peeprom_data=EEDATA \
  -prdata=COMRAM,nvrram=COMRAM,nvbit=COMRAM,rbss=COMRAM,rbit=COMRAM \
  -pfarbss=FARRAM,fardata=FARRAM,nvFARRAM=FARRAM \
  -pintsave_regs=BIGRAM,bigbss=BIGRAM,bigdata=BIGRAM -pbss=RAM \
  -pidata=CODE,irdata=CODE,ibigdata=CODE,ifardata=CODE -prparam=COMRAM \
  C:\Users\1234gary\AppData\Local\Temp\s5v4.obj \
  dist/default/production\PIC18_OPTIMIZED_MOTOR.X.production.obj 

Object code version is 3.11

Machine type is 18F4620

Call graph: (short form)




                Name                               Link     Load   Length Selector   Space Scale
C:\Users\1234gary\AppData\Local\Temp\s5v4.obj
                init                                  E        E        4        4       0
                reset_vec                             0        0        4        0       0
                idloc                            200000   200000        8   200000       0
                config                           300000   300000        E   300000       0
dist/default/production\PIC18_OPTIMIZED_MOTOR.X.production.obj
                intcode                               8        8        6        4       0
                temp                                 51       51        1        1       1
                mediumconst                        FE30     FE30      1D0     7F18       0
                text78                             2DE0     2DE0       84        4       0
                text77                             3792     3792       22        4       0
                text76                             2B64     2B64       AE        4       0
                text75                             290C     290C       E6        4       0
                text74                             2726     2726       F4        4       0
                text73                             2632     2632       F4        4       0
                text72                             3290     3290       56        4       0
                text71                             3876     3876        C        4       0
                text70                             3338     3338       52        4       0
                text69                             34F0     34F0       42        4       0
                text68                             374A     374A       26        4       0
                text67                             37B4     37B4       1E        4       0
                text66                             386A     386A        C        4       0
                text65                              686      686      5AE        4       0
                text64                             35E0     35E0       36        4       0
                text63                             3468     3468       46        4       0
                text62                             383C     383C       12        4       0
                text61                             3724     3724       26        4       0
                text60                             38BE     38BE        8        4       0
                text59                             38B6     38B6        8        4       0
                text58                             388C     388C        A        4       0
                text57                             310C     310C       68        4       0
                intcode_body                       1D36     1D36      140        4       0
                text55                             37D2     37D2       18        4       0
                text54                             35AA     35AA       36        4       0
                text53                             1FAC     1FAC      134        4       0
                text52                             356E     356E       3C        4       0
                text51                             3532     3532       3C        4       0
                text50                             364A     364A       34        4       0
                text49                             30A4     30A4       68        4       0
                text48                             384E     384E       10        4       0
                text47                             2EE6     2EE6       78        4       0
                text46                             3174     3174       62        4       0
                text45                             36AC     36AC       2A        4       0
                text44                             37EA     37EA       16        4       0
                text43                               12       12      674        4       0
                text42                             33D8     33D8       4A        4       0
                text41                             3616     3616       34        4       0
                text40                             17E8     17E8      160        4       0
                text39                             20E0     20E0      12A        4       0
                text38                             2C12     2C12       A4        4       0
                text37                              FEE      FEE      2F8        4       0
                text36                             3236     3236       5A        4       0
                text35                             3828     3828       14        4       0
                text34                             3814     3814       14        4       0
                text33                             367E     367E       2E        4       0
                text32                             38AE     38AE        8        4       0
                text31                             38A6     38A6        8        4       0
                text30                             3882     3882        A        4       0
                text29                             2F5E     2F5E       76        4       0
                text28                             2CB6     2CB6       9C        4       0
                text27                             389E     389E        8        4       0
                text26                             2E64     2E64       82        4       0
                text25                             1570     1570      278        4       0
                text24                             2432     2432      10A        4       0
                text23                             2AAE     2AAE       B6        4       0
                text22                             3896     3896        8        4       0
                text21                             303C     303C       68        4       0
                text20                             281A     281A       F2        4       0
                text19                             32E6     32E6       52        4       0
                text18                             220A     220A      11C        4       0
                text17                             2D52     2D52       8E        4       0
                text16                             2FD4     2FD4       68        4       0
                text15                             36D6     36D6       28        4       0
                text14                             12E6     12E6      28A        4       0
                text13                              C34      C34      3BA        4       0
                text12                             36FE     36FE       26        4       0
                text11                             338A     338A       4E        4       0
                text10                             29F2     29F2       BC        4       0
                text9                              31D6     31D6       60        4       0
                text8                              3422     3422       46        4       0
                text7                              3800     3800       14        4       0
                text6                              2326     2326      10C        4       0
                text5                              1AA6     1AA6      14C        4       0
                text4                              1948     1948      15E        4       0
                text3                              1BF2     1BF2      144        4       0
                text2                              253C     253C       F6        4       0
                text1                              3770     3770       22        4       0
                text0                              1E76     1E76      136        4       0
                cstackCOMRAM                          1        1       48        1       1
                cstackBANK0                          80       80       5B       80       1
                dataBANK0                            F1       F1        C       80       1
                bssBANK0                             DB       DB       16       80       1
                bssCOMRAM                            49       49        8        1       1
                cinit                              34AE     34AE       42        4       0
                idataBANK0                         385E     385E        C        4       0

TOTAL           Name                               Link     Load   Length     Space
        CLASS   STACK          

        CLASS   CODE           
                intcode                               8        8        6         0
                init                                  E        E        4         0
                reset_vec                             0        0        4         0
                text78                             2DE0     2DE0       84         0
                text77                             3792     3792       22         0
                text76                             2B64     2B64       AE         0
                text75                             290C     290C       E6         0
                text74                             2726     2726       F4         0
                text73                             2632     2632       F4         0
                text72                             3290     3290       56         0
                text71                             3876     3876        C         0
                text70                             3338     3338       52         0
                text69                             34F0     34F0       42         0
                text68                             374A     374A       26         0
                text67                             37B4     37B4       1E         0
                text66                             386A     386A        C         0
                text65                              686      686      5AE         0
                text64                             35E0     35E0       36         0
                text63                             3468     3468       46         0
                text62                             383C     383C       12         0
                text61                             3724     3724       26         0
                text60                             38BE     38BE        8         0
                text59                             38B6     38B6        8         0
                text58                             388C     388C        A         0
                text57                             310C     310C       68         0
                intcode_body                       1D36     1D36      140         0
                text55                             37D2     37D2       18         0
                text54                             35AA     35AA       36         0
                text53                             1FAC     1FAC      134         0
                text52                             356E     356E       3C         0
                text51                             3532     3532       3C         0
                text50                             364A     364A       34         0
                text49                             30A4     30A4       68         0
                text48                             384E     384E       10         0
                text47                             2EE6     2EE6       78         0
                text46                             3174     3174       62         0
                text45                             36AC     36AC       2A         0
                text44                             37EA     37EA       16         0
                text43                               12       12      674         0
                text42                             33D8     33D8       4A         0
                text41                             3616     3616       34         0
                text40                             17E8     17E8      160         0
                text39                             20E0     20E0      12A         0
                text38                             2C12     2C12       A4         0
                text37                              FEE      FEE      2F8         0
                text36                             3236     3236       5A         0
                text35                             3828     3828       14         0
                text34                             3814     3814       14         0
                text33                             367E     367E       2E         0
                text32                             38AE     38AE        8         0
                text31                             38A6     38A6        8         0
                text30                             3882     3882        A         0
                text29                             2F5E     2F5E       76         0
                text28                             2CB6     2CB6       9C         0
                text27                             389E     389E        8         0
                text26                             2E64     2E64       82         0
                text25                             1570     1570      278         0
                text24                             2432     2432      10A         0
                text23                             2AAE     2AAE       B6         0
                text22                             3896     3896        8         0
                text21                             303C     303C       68         0
                text20                             281A     281A       F2         0
                text19                             32E6     32E6       52         0
                text18                             220A     220A      11C         0
                text17                             2D52     2D52       8E         0
                text16                             2FD4     2FD4       68         0
                text15                             36D6     36D6       28         0
                text14                             12E6     12E6      28A         0
                text13                              C34      C34      3BA         0
                text12                             36FE     36FE       26         0
                text11                             338A     338A       4E         0
                text10                             29F2     29F2       BC         0
                text9                              31D6     31D6       60         0
                text8                              3422     3422       46         0
                text7                              3800     3800       14         0
                text6                              2326     2326      10C         0
                text5                              1AA6     1AA6      14C         0
                text4                              1948     1948      15E         0
                text3                              1BF2     1BF2      144         0
                text2                              253C     253C       F6         0
                text1                              3770     3770       22         0
                text0                              1E76     1E76      136         0
                cinit                              34AE     34AE       42         0
                idataBANK0                         385E     385E        C         0

        CLASS   CONST          

        CLASS   SMALLCONST     

        CLASS   MEDIUMCONST    
                mediumconst                        FE30     FE30      1D0         0

        CLASS   COMRAM         
                temp                                 51       51        1         1
                cstackCOMRAM                          1        1       48         1
                bssCOMRAM                            49       49        8         1

        CLASS   ABS1           

        CLASS   BIGRAM         

        CLASS   RAM            

        CLASS   BANK0          
                cstackBANK0                          80       80       5B         1
                dataBANK0                            F1       F1        C         1
                bssBANK0                             DB       DB       16         1

        CLASS   BANK1          

        CLASS   BANK2          

        CLASS   BANK3          

        CLASS   BANK4          

        CLASS   BANK5          

        CLASS   BANK6          

        CLASS   BANK7          

        CLASS   BANK8          

        CLASS   BANK9          

        CLASS   BANK10         

        CLASS   BANK11         

        CLASS   BANK12         

        CLASS   BANK13         

        CLASS   BANK14         

        CLASS   BANK15         

        CLASS   SFR            

        CLASS   FARRAM         

        CLASS   CONFIG         
                config                           300000   300000        E         0

        CLASS   IDLOC          
                idloc                            200000   200000        8         0

        CLASS   EEDATA         



SEGMENTS        Name                           Load    Length   Top    Selector   Space  Class

                reset_vec                      000000  000004  000004         0       0  CODE    
                cstackCOMRAM                   000001  000051  000052         1       1  COMRAM  
                intcode                        000008  0038BE  0038C6         4       0  CODE    
                cstackBANK0                    000080  00007D  0000FD        80       1  BANK0   
                mediumconst                    00FE30  0001D0  010000      7F18       0  MEDIUMCO
                idloc                          200000  000008  200008    200000       0  IDLOC   
                config                         300000  00000E  30000E    300000       0  CONFIG  


UNUSED ADDRESS RANGES

        Name                Unused          Largest block    Delta
        BANK0            0000FD-0000FF                3
        BANK1            000100-0001FF              100
        BANK10           000A00-000AFF              100
        BANK11           000B00-000BFF              100
        BANK12           000C00-000CFF              100
        BANK13           000D00-000DFF              100
        BANK14           000E00-000EFF              100
        BANK15           000F00-000F7F               80
        BANK2            000200-0002FF              100
        BANK3            000300-0003FF              100
        BANK4            000400-0004FF              100
        BANK5            000500-0005FF              100
        BANK6            000600-0006FF              100
        BANK7            000700-0007FF              100
        BANK8            000800-0008FF              100
        BANK9            000900-0009FF              100
        BIGRAM           000052-00007F               2E
                         0000FD-000F7F              E83
        CODE             000004-000007                4
                         0038C6-00FE2F             C56A
        COMRAM           000052-00007F               2E
        CONST            000004-000007                4
                         0038C6-00FE2F             C56A
        EEDATA           F00000-F003FF              400
        MEDIUMCONST      0038C6-00FE2F             C56A
        RAM              0000FD-000F7F              100
        SFR              000F80-000FFF               80
        SMALLCONST       0038C6-00FE2F              100
        STACK            0000FD-000F7F              E83

                                  Symbol Table

?___awdiv                                          cstackCOMRAM 000001
?___ftdiv                                          cstackBANK0  000097
?___ftmul                                          cstackBANK0  000088
?___ftpack                                         cstackBANK0  000080
?___fttol                                          cstackBANK0  0000A6
?___lldiv                                          cstackBANK0  000080
?___lwdiv                                          cstackBANK0  000080
?___lwmod                                          cstackBANK0  000087
?___wmul                                           cstackBANK0  000080
?__doprnt                                          cstackBANK0  00008C
?_analyzeRgbcForSensor                             cstackBANK0  000080
?_atoi                                             cstackBANK0  000086
?_capIsOnBottle                                    cstackBANK0  0000A6
?_displayMainProgramLcdScreen                      cstackBANK0  0000AC
?_getCurrentTimeInSeconds                          cstackBANK0  0000AA
?_getMotorCounterBasedOnBottlesLeft                cstackCOMRAM 000009
?_printf                                           cstackBANK0  00009E
?_sprintf                                          cstackBANK0  00009E
?_storeRgbSensorInputIntegerValuesInto             cstackBANK0  00008E
?i2___ftdiv                                        cstackCOMRAM 000018
?i2___ftmul                                        cstackCOMRAM 000009
?i2___ftpack                                       cstackCOMRAM 000001
?i2___fttol                                        cstackCOMRAM 000027
?i2___lwdiv                                        cstackCOMRAM 000001
?i2___lwmod                                        cstackCOMRAM 000008
?i2___wmul                                         cstackCOMRAM 000001
?i2__doprnt                                        cstackCOMRAM 00000D
?i2_printf                                         cstackCOMRAM 00001F
EEPROM@i                                           cstackBANK0  0000D4
EEPROM@screen_state                                cstackBANK0  0000D2
EEPROM@storage                                     cstackBANK0  0000C5
EEPROM@temp                                        cstackBANK0  0000D1
EEPROM@timeStorage                                 cstackBANK0  0000B7
Eeprom_ReadByte@address                            cstackBANK0  000086
Eeprom_WriteByte@address                           cstackBANK0  000086
Eeprom_WriteByte@data                              cstackBANK0  000088
I2C_Master_Read@a                                  cstackBANK0  000081
I2C_Master_Read@temp                               cstackBANK0  000082
I2C_Master_Write@d                                 cstackBANK0  000081
_ACKDT                                             (abs)        007E2D
_ACKEN                                             (abs)        007E2C
_ADCON0                                            (abs)        000FC2
_ADCON1                                            (abs)        000FC1
_ADFM                                              (abs)        007E07
_BACK                                              mediumconst  00FE54
_CMCONbits                                         (abs)        000FB4
_CVRCON                                            (abs)        000FB5
_EEADR                                             (abs)        000FA9
_EEADRH                                            (abs)        000FAA
_EECON1bits                                        (abs)        000FA6
_EECON2                                            (abs)        000FA7
_EEDATA                                            (abs)        000FA8
_EEPROM                                            text37       000FEE
_ENTER                                             mediumconst  00FE56
_Eeprom_ReadByte                                   text55       0037D2
_Eeprom_WriteByte                                  text15       0036D6
_I2C_Master_Read                                   text33       00367E
_I2C_Master_Start                                  text32       0038AE
_I2C_Master_Stop                                   text31       0038A6
_I2C_Master_Wait                                   text34       003814
_I2C_Master_Write                                  text30       003882
_INTCONbits                                        (abs)        000FF2
_LATA                                              (abs)        000F89
_LATB                                              (abs)        000F8A
_LATC                                              (abs)        000F8B
_LATD                                              (abs)        000F8C
_LATDbits                                          (abs)        000F8C
_LATE                                              (abs)        000F8D
_LEFT                                              mediumconst  00FE58
_OSCCON                                            (abs)        000FD3
_OSCTUNEbits                                       (abs)        000F9B
_PEIE                                              (abs)        007F96
_PEN                                               (abs)        007E2A
_PIR2bits                                          (abs)        000FA1
_PORTAbits                                         (abs)        000F80
_PORTB                                             (abs)        000F81
_PORTBbits                                         (abs)        000F81
_PORTCbits                                         (abs)        000F82
_PORTDbits                                         (abs)        000F83
_PSA                                               (abs)        007EAB
_RCEN                                              (abs)        007E2B
_RIGHT                                             mediumconst  00FE5A
_RSEN                                              (abs)        007E29
_SEN                                               (abs)        007E28
_SSPADD                                            (abs)        000FC8
_SSPBUF                                            (abs)        000FC9
_SSPCON1                                           (abs)        000FC6
_SSPCON2                                           (abs)        000FC5
_SSPSTAT                                           (abs)        000FC7
_T08BIT                                            (abs)        007EAE
_T0CS                                              (abs)        007EAD
_T0PS0                                             (abs)        007EA8
_T0PS1                                             (abs)        007EA9
_T0PS2                                             (abs)        007EAA
_T1CKPS0                                           (abs)        007E6C
_T1CKPS1                                           (abs)        007E6D
_T1CON                                             (abs)        000FCD
_T1OSCEN                                           (abs)        007E6B
_T1SYNC                                            (abs)        007E6A
_TMR0IE                                            (abs)        007F95
_TMR0IF                                            (abs)        007F92
_TMR0ON                                            (abs)        007EAF
_TMR1CS                                            (abs)        007E69
_TMR1H                                             (abs)        000FCF
_TMR1IE                                            (abs)        007CE8
_TMR1IF                                            (abs)        007CF0
_TMR1L                                             (abs)        000FCE
_TMR1ON                                            (abs)        007E68
_TRISA                                             (abs)        000F92
_TRISB                                             (abs)        000F93
_TRISC                                             (abs)        000F94
_TRISC3                                            (abs)        007CA3
_TRISC4                                            (abs)        007CA4
_TRISD                                             (abs)        000F95
_TRISE                                             (abs)        000F96
__CFG_BOREN$SBORDIS                                (abs)        000000
__CFG_BORV$3                                       (abs)        000000
__CFG_CCP2MX$PORTC                                 (abs)        000000
__CFG_CP0$OFF                                      (abs)        000000
__CFG_CP1$OFF                                      (abs)        000000
__CFG_CP2$OFF                                      (abs)        000000
__CFG_CP3$OFF                                      (abs)        000000
__CFG_CPB$OFF                                      (abs)        000000
__CFG_CPD$OFF                                      (abs)        000000
__CFG_EBTR0$OFF                                    (abs)        000000
__CFG_EBTR1$OFF                                    (abs)        000000
__CFG_EBTR2$OFF                                    (abs)        000000
__CFG_EBTR3$OFF                                    (abs)        000000
__CFG_EBTRB$OFF                                    (abs)        000000
__CFG_FCMEN$OFF                                    (abs)        000000
__CFG_IESO$OFF                                     (abs)        000000
__CFG_LPT1OSC$OFF                                  (abs)        000000
__CFG_LVP$OFF                                      (abs)        000000
__CFG_MCLRE$ON                                     (abs)        000000
__CFG_OSC$HS                                       (abs)        000000
__CFG_PBADEN$ON                                    (abs)        000000
__CFG_PWRT$OFF                                     (abs)        000000
__CFG_STVREN$ON                                    (abs)        000000
__CFG_WDT$OFF                                      (abs)        000000
__CFG_WDTPS$32768                                  (abs)        000000
__CFG_WRT0$OFF                                     (abs)        000000
__CFG_WRT1$OFF                                     (abs)        000000
__CFG_WRT2$OFF                                     (abs)        000000
__CFG_WRT3$OFF                                     (abs)        000000
__CFG_WRTB$OFF                                     (abs)        000000
__CFG_WRTC$OFF                                     (abs)        000000
__CFG_WRTD$OFF                                     (abs)        000000
__CFG_XINST$OFF                                    (abs)        000000
__HRAM                                             (abs)        000000
__Habs1                                            abs1         000000
__Hbank0                                           bank0        000000
__Hbank1                                           bank1        000000
__Hbank10                                          bank10       000000
__Hbank11                                          bank11       000000
__Hbank12                                          bank12       000000
__Hbank13                                          bank13       000000
__Hbank14                                          bank14       000000
__Hbank15                                          bank15       000000
__Hbank2                                           bank2        000000
__Hbank3                                           bank3        000000
__Hbank4                                           bank4        000000
__Hbank5                                           bank5        000000
__Hbank6                                           bank6        000000
__Hbank7                                           bank7        000000
__Hbank8                                           bank8        000000
__Hbank9                                           bank9        000000
__Hbigbss                                          bigbss       000000
__Hbigdata                                         bigdata      000000
__Hbigram                                          bigram       000000
__Hbss                                             bss          000000
__HbssBANK0                                        bssBANK0     000000
__HbssCOMRAM                                       bssCOMRAM    000000
__Hcinit                                           cinit        000000
__Hclrtext                                         clrtext      000000
__Hcomram                                          comram       000000
__Hconfig                                          config       30000E
__Hconst                                           const        000000
__HcstackBANK0                                     cstackBANK0  000000
__HcstackCOMRAM                                    cstackCOMRAM 000000
__Hdata                                            data         000000
__HdataBANK0                                       dataBANK0    000000
__Heeprom_data                                     eeprom_data  000000
__Hfarbss                                          farbss       000000
__Hfardata                                         fardata      000000
__Hibigdata                                        ibigdata     000000
__Hidata                                           idata        000000
__HidataBANK0                                      idataBANK0   000000
__Hidloc                                           idloc        200008
__Hifardata                                        ifardata     000000
__Hinit                                            init         000012
__Hintcode                                         intcode      00000E
__Hintcode_body                                    intcode_body 000000
__Hintcodelo                                       intcodelo    00000E
__Hintentry                                        intentry     000000
__Hintret                                          intret       000000
__Hintsave_regs                                    intsave_regs 000000
__Hirdata                                          irdata       000000
__Hmediumconst                                     mediumconst  010000
__HnvFARRAM                                        nvFARRAM     000000
__Hnvbit                                           nvbit        000000
__Hnvrram                                          nvrram       000000
__Hparam                                           rparam       000000
__Hpowerup                                         powerup      00000E
__Hram                                             ram          000000
__Hramtop                                          ramtop       001000
__Hrbit                                            rbit         000000
__Hrbss                                            rbss         000000
__Hrdata                                           rdata        000000
__Hreset_vec                                       reset_vec    000004
__Hrparam                                          rparam       000000
__Hsfr                                             sfr          000000
__Hsmallconst                                      smallconst   000000
__Hspace_0                                         (abs)        30000E
__Hspace_1                                         (abs)        0000FD
__Hspace_2                                         (abs)        000000
__Hstack                                           stack        000000
__Hstruct                                          struct       000000
__Htemp                                            temp         000052
__Htext                                            text         000000
__Htext0                                           text0        000000
__Htext1                                           text1        000000
__Htext10                                          text10       000000
__Htext11                                          text11       000000
__Htext12                                          text12       000000
__Htext13                                          text13       000000
__Htext14                                          text14       000000
__Htext15                                          text15       000000
__Htext16                                          text16       000000
__Htext17                                          text17       000000
__Htext18                                          text18       000000
__Htext19                                          text19       000000
__Htext2                                           text2        000000
__Htext20                                          text20       000000
__Htext21                                          text21       000000
__Htext22                                          text22       000000
__Htext23                                          text23       000000
__Htext24                                          text24       000000
__Htext25                                          text25       000000
__Htext26                                          text26       000000
__Htext27                                          text27       000000
__Htext28                                          text28       000000
__Htext29                                          text29       000000
__Htext3                                           text3        000000
__Htext30                                          text30       000000
__Htext31                                          text31       000000
__Htext32                                          text32       000000
__Htext33                                          text33       000000
__Htext34                                          text34       000000
__Htext35                                          text35       000000
__Htext36                                          text36       000000
__Htext37                                          text37       000000
__Htext38                                          text38       000000
__Htext39                                          text39       000000
__Htext4                                           text4        000000
__Htext40                                          text40       000000
__Htext41                                          text41       000000
__Htext42                                          text42       000000
__Htext43                                          text43       000000
__Htext44                                          text44       000000
__Htext45                                          text45       000000
__Htext46                                          text46       000000
__Htext47                                          text47       000000
__Htext48                                          text48       000000
__Htext49                                          text49       000000
__Htext5                                           text5        000000
__Htext50                                          text50       000000
__Htext51                                          text51       000000
__Htext52                                          text52       000000
__Htext53                                          text53       000000
__Htext54                                          text54       000000
__Htext55                                          text55       000000
__Htext57                                          text57       000000
__Htext58                                          text58       000000
__Htext59                                          text59       000000
__Htext6                                           text6        000000
__Htext60                                          text60       000000
__Htext61                                          text61       000000
__Htext62                                          text62       000000
__Htext63                                          text63       000000
__Htext64                                          text64       000000
__Htext65                                          text65       000000
__Htext66                                          text66       000000
__Htext67                                          text67       000000
__Htext68                                          text68       000000
__Htext69                                          text69       000000
__Htext7                                           text7        000000
__Htext70                                          text70       000000
__Htext71                                          text71       000000
__Htext72                                          text72       000000
__Htext73                                          text73       000000
__Htext74                                          text74       000000
__Htext75                                          text75       000000
__Htext76                                          text76       000000
__Htext77                                          text77       000000
__Htext78                                          text78       000000
__Htext79                                          text79       000000
__Htext8                                           text8        000000
__Htext9                                           text9        000000
__LRAM                                             (abs)        000001
__Labs1                                            abs1         000000
__Lbank0                                           bank0        000000
__Lbank1                                           bank1        000000
__Lbank10                                          bank10       000000
__Lbank11                                          bank11       000000
__Lbank12                                          bank12       000000
__Lbank13                                          bank13       000000
__Lbank14                                          bank14       000000
__Lbank15                                          bank15       000000
__Lbank2                                           bank2        000000
__Lbank3                                           bank3        000000
__Lbank4                                           bank4        000000
__Lbank5                                           bank5        000000
__Lbank6                                           bank6        000000
__Lbank7                                           bank7        000000
__Lbank8                                           bank8        000000
__Lbank9                                           bank9        000000
__Lbigbss                                          bigbss       000000
__Lbigdata                                         bigdata      000000
__Lbigram                                          bigram       000000
__Lbss                                             bss          000000
__LbssBANK0                                        bssBANK0     000000
__LbssCOMRAM                                       bssCOMRAM    000000
__Lcinit                                           cinit        000000
__Lclrtext                                         clrtext      000000
__Lcomram                                          comram       000000
__Lconfig                                          config       300000
__Lconst                                           const        000000
__LcstackBANK0                                     cstackBANK0  000000
__LcstackCOMRAM                                    cstackCOMRAM 000000
__Ldata                                            data         000000
__LdataBANK0                                       dataBANK0    000000
__Leeprom_data                                     eeprom_data  000000
__Lfarbss                                          farbss       000000
__Lfardata                                         fardata      000000
__Libigdata                                        ibigdata     000000
__Lidata                                           idata        000000
__LidataBANK0                                      idataBANK0   000000
__Lidloc                                           idloc        200000
__Lifardata                                        ifardata     000000
__Linit                                            init         00000E
__Lintcode                                         intcode      000008
__Lintcode_body                                    intcode_body 000000
__Lintcodelo                                       intcodelo    00000E
__Lintentry                                        intentry     000000
__Lintret                                          intret       000000
__Lintsave_regs                                    intsave_regs 000000
__Lirdata                                          irdata       000000
__Lmediumconst                                     mediumconst  00FE30
__LnvFARRAM                                        nvFARRAM     000000
__Lnvbit                                           nvbit        000000
__Lnvrram                                          nvrram       000000
__Lparam                                           rparam       000000
__Lpowerup                                         powerup      00000E
__Lram                                             ram          000000
__Lramtop                                          ramtop       001000
__Lrbit                                            rbit         000000
__Lrbss                                            rbss         000000
__Lrdata                                           rdata        000000
__Lreset_vec                                       reset_vec    000000
__Lrparam                                          rparam       000000
__Lsfr                                             sfr          000000
__Lsmallconst                                      smallconst   000000
__Lspace_0                                         (abs)        000000
__Lspace_1                                         (abs)        000000
__Lspace_2                                         (abs)        000000
__Lstack                                           stack        000000
__Lstruct                                          struct       000000
__Ltemp                                            temp         000051
__Ltext                                            text         000000
__Ltext0                                           text0        000000
__Ltext1                                           text1        000000
__Ltext10                                          text10       000000
__Ltext11                                          text11       000000
__Ltext12                                          text12       000000
__Ltext13                                          text13       000000
__Ltext14                                          text14       000000
__Ltext15                                          text15       000000
__Ltext16                                          text16       000000
__Ltext17                                          text17       000000
__Ltext18                                          text18       000000
__Ltext19                                          text19       000000
__Ltext2                                           text2        000000
__Ltext20                                          text20       000000
__Ltext21                                          text21       000000
__Ltext22                                          text22       000000
__Ltext23                                          text23       000000
__Ltext24                                          text24       000000
__Ltext25                                          text25       000000
__Ltext26                                          text26       000000
__Ltext27                                          text27       000000
__Ltext28                                          text28       000000
__Ltext29                                          text29       000000
__Ltext3                                           text3        000000
__Ltext30                                          text30       000000
__Ltext31                                          text31       000000
__Ltext32                                          text32       000000
__Ltext33                                          text33       000000
__Ltext34                                          text34       000000
__Ltext35                                          text35       000000
__Ltext36                                          text36       000000
__Ltext37                                          text37       000000
__Ltext38                                          text38       000000
__Ltext39                                          text39       000000
__Ltext4                                           text4        000000
__Ltext40                                          text40       000000
__Ltext41                                          text41       000000
__Ltext42                                          text42       000000
__Ltext43                                          text43       000000
__Ltext44                                          text44       000000
__Ltext45                                          text45       000000
__Ltext46                                          text46       000000
__Ltext47                                          text47       000000
__Ltext48                                          text48       000000
__Ltext49                                          text49       000000
__Ltext5                                           text5        000000
__Ltext50                                          text50       000000
__Ltext51                                          text51       000000
__Ltext52                                          text52       000000
__Ltext53                                          text53       000000
__Ltext54                                          text54       000000
__Ltext55                                          text55       000000
__Ltext57                                          text57       000000
__Ltext58                                          text58       000000
__Ltext59                                          text59       000000
__Ltext6                                           text6        000000
__Ltext60                                          text60       000000
__Ltext61                                          text61       000000
__Ltext62                                          text62       000000
__Ltext63                                          text63       000000
__Ltext64                                          text64       000000
__Ltext65                                          text65       000000
__Ltext66                                          text66       000000
__Ltext67                                          text67       000000
__Ltext68                                          text68       000000
__Ltext69                                          text69       000000
__Ltext7                                           text7        000000
__Ltext70                                          text70       000000
__Ltext71                                          text71       000000
__Ltext72                                          text72       000000
__Ltext73                                          text73       000000
__Ltext74                                          text74       000000
__Ltext75                                          text75       000000
__Ltext76                                          text76       000000
__Ltext77                                          text77       000000
__Ltext78                                          text78       000000
__Ltext79                                          text79       000000
__Ltext8                                           text8        000000
__Ltext9                                           text9        000000
__S0                                               (abs)        30000E
__S1                                               (abs)        0000FD
__S2                                               (abs)        000000
___awdiv                                           text78       002DE0
___awdiv@counter                                   cstackCOMRAM 000005
___awdiv@dividend                                  cstackCOMRAM 000001
___awdiv@divisor                                   cstackCOMRAM 000003
___awdiv@quotient                                  cstackCOMRAM 000007
___awdiv@sign                                      cstackCOMRAM 000006
___ftdiv                                           text5        001AA6
___ftdiv@cntr                                      cstackBANK0  0000A0
___ftdiv@exp                                       cstackBANK0  0000A4
___ftdiv@f1                                        cstackBANK0  000097
___ftdiv@f2                                        cstackBANK0  00009A
___ftdiv@f3                                        cstackBANK0  0000A1
___ftdiv@sign                                      cstackBANK0  0000A5
___ftmul                                           text4        001948
___ftmul@cntr                                      cstackBANK0  000095
___ftmul@exp                                       cstackBANK0  000091
___ftmul@f1                                        cstackBANK0  000088
___ftmul@f2                                        cstackBANK0  00008B
___ftmul@f3_as_product                             cstackBANK0  000092
___ftmul@sign                                      cstackBANK0  000096
___ftpack                                          text6        002326
___ftpack@arg                                      cstackBANK0  000080
___ftpack@exp                                      cstackBANK0  000083
___ftpack@sign                                     cstackBANK0  000084
___fttol                                           text3        001BF2
___fttol@exp1                                      cstackBANK0  0000B4
___fttol@f1                                        cstackBANK0  0000A6
___fttol@lval                                      cstackBANK0  0000B0
___fttol@sign1                                     cstackBANK0  0000AF
___inthi_sp                                        stack        000000
___intlo_sp                                        stack        000000
___lldiv                                           text10       0029F2
___lldiv@counter                                   cstackBANK0  00008C
___lldiv@dividend                                  cstackBANK0  000080
___lldiv@divisor                                   cstackBANK0  000084
___lldiv@quotient                                  cstackBANK0  000088
___lwdiv                                           text47       002EE6
___lwdiv@counter                                   cstackBANK0  000086
___lwdiv@dividend                                  cstackBANK0  000080
___lwdiv@divisor                                   cstackBANK0  000082
___lwdiv@quotient                                  cstackBANK0  000084
___lwmod                                           text46       003174
___lwmod@counter                                   cstackBANK0  00008B
___lwmod@dividend                                  cstackBANK0  000087
___lwmod@divisor                                   cstackBANK0  000089
___param_bank                                      (abs)        000000
___rparam_used                                     (abs)        000001
___sp                                              stack        000000
___wmul                                            text54       0035AA
___wmul@multiplicand                               cstackBANK0  000082
___wmul@multiplier                                 cstackBANK0  000080
___wmul@product                                    cstackBANK0  000084
__accesstop                                        (abs)        000080
__activetblptr                                     (abs)        000003
__doprnt                                           text43       000012
__doprnt@ap                                        cstackBANK0  000090
__doprnt@c                                         cstackBANK0  00009D
__doprnt@f                                         cstackBANK0  00008E
__doprnt@flag                                      cstackBANK0  00009A
__doprnt@idx                                       cstackBANK0  000096
__doprnt@pb                                        cstackBANK0  00008C
__doprnt@prec                                      cstackBANK0  000097
__doprnt@val                                       cstackBANK0  000098
__doprnt@width                                     cstackBANK0  00009B
__end_of_BACK                                      mediumconst  00FE56
__end_of_EEPROM                                    text37       0012E6
__end_of_ENTER                                     mediumconst  00FE58
__end_of_Eeprom_ReadByte                           text55       0037EA
__end_of_Eeprom_WriteByte                          text15       0036FE
__end_of_I2C_Master_Read                           text33       0036AC
__end_of_I2C_Master_Start                          text32       0038B6
__end_of_I2C_Master_Stop                           text31       0038AE
__end_of_I2C_Master_Wait                           text34       003828
__end_of_I2C_Master_Write                          text30       00388C
__end_of_LEFT                                      mediumconst  00FE5A
__end_of_RIGHT                                     mediumconst  00FE5C
__end_of___awdiv                                   text78       002E64
__end_of___ftdiv                                   text5        001BF2
__end_of___ftmul                                   text4        001AA6
__end_of___ftpack                                  text6        002432
__end_of___fttol                                   text3        001D36
__end_of___lldiv                                   text10       002AAE
__end_of___lwdiv                                   text47       002F5E
__end_of___lwmod                                   text46       0031D6
__end_of___wmul                                    text54       0035E0
__end_of__doprnt                                   text43       000686
__end_of__initialization                           cinit        0034E6
__end_of_activateDCmotors                          text27       0038A6
__end_of_analyzeRgbcForSensor                      text25       0017E8
__end_of_atoi                                      text20       00290C
__end_of_capIsOnBottle                             text23       002B64
__end_of_cycleProgramScreenLeft                    text52       0035AA
__end_of_cycleProgramScreenRight                   text51       00356E
__end_of_disableDCmotors                           text22       00389E
__end_of_displayMainProgramLcdScreen               text28       002D52
__end_of_dpowers                                   mediumconst  00FE4C
__end_of_enterSelectedSubProgramFromMainProgram    text11       0033D8
__end_of_extendSensorAreaArm                       text21       0030A4
__end_of_getCurrentTimeInSeconds                   text18       002326
__end_of_getEEPROM                                 text53       0020E0
__end_of_getMotorCounterBasedOnBottlesLeft         text77       0037B4
__end_of_getPressedKeypadKey                       text50       00367E
__end_of_handler                                   intcode_body 001E76
__end_of_hexpowers                                 mediumconst  00FE54
__end_of_initializeI2C                             text9        003236
__end_of_initializeLcdScreen                       text7        003814
__end_of_initializeLcdSettings                     text8        003468
__end_of_initializePicPins                         text2        002632
__end_of_initializePicSettings                     text1        003792
__end_of_isdigit                                   text45       0036D6
__end_of_keys                                      mediumconst  00FE42
__end_of_lcdClear                                  text41       00364A
__end_of_lcdInst                                   text48       00385E
__end_of_lcdNibble                                 text49       00310C
__end_of_main                                      text0        001FAC
__end_of_moveBinServo                              text17       002DE0
__end_of_operation                                 text13       000FEE
__end_of_past_run_access                           text39       00220A
__end_of_printTime                                 text36       003290
__end_of_printf                                    text42       003422
__end_of_pushBottle                                text12       003724
__end_of_putch                                     text44       003800
__end_of_retractSensorAreaArm                      text16       00303C
__end_of_saveEEPROM                                text14       001570
__end_of_setMultiplexerToSensor                    text26       002EE6
__end_of_sprintf                                   text19       003338
__end_of_storeRgbSensorInputIntegerValuesInto      text24       00253C
__end_of_toggleRTCBasedOnCurrentMainProgramScreen  text35       00383C
__end_of_updateCurrentTime                         text29       002FD4
__end_of_update_eeprom_screen_state                text38       002CB6
__end_of_update_past_run_screen_state              text40       001948
__end_ofi2_I2C_Master_Read                         text61       00374A
__end_ofi2_I2C_Master_Start                        text60       0038C6
__end_ofi2_I2C_Master_Stop                         text59       0038BE
__end_ofi2_I2C_Master_Wait                         text62       00384E
__end_ofi2_I2C_Master_Write                        text58       003896
__end_ofi2___ftdiv                                 text75       0029F2
__end_ofi2___ftmul                                 text74       00281A
__end_ofi2___ftpack                                text76       002C12
__end_ofi2___fttol                                 text73       002726
__end_ofi2___lwdiv                                 text70       00338A
__end_ofi2___lwmod                                 text69       003532
__end_ofi2___wmul                                  text68       003770
__end_ofi2__doprnt                                 text65       000C34
__end_ofi2_isdigit                                 text67       0037D2
__end_ofi2_lcdInst                                 text71       003882
__end_ofi2_lcdNibble                               text72       0032E6
__end_ofi2_printTime                               text63       0034AE
__end_ofi2_printf                                  text64       003616
__end_ofi2_putch                                   text66       003876
__end_ofi2_updateCurrentTime                       text57       003174
__initialization                                   cinit        0034AE
__mediumconst                                      mediumconst  00FE30
__pbssBANK0                                        bssBANK0     0000DB
__pbssCOMRAM                                       bssCOMRAM    000049
__pcinit                                           cinit        0034AE
__pcstackBANK0                                     cstackBANK0  000080
__pcstackCOMRAM                                    cstackCOMRAM 000001
__pdataBANK0                                       dataBANK0    0000F1
__pidataBANK0                                      idataBANK0   00385E
__pintcode                                         intcode      000008
__pintcode_body                                    intcode_body 001D36
__pmediumconst                                     mediumconst  00FE30
__ptext0                                           text0        001E76
__ptext1                                           text1        003770
__ptext10                                          text10       0029F2
__ptext11                                          text11       00338A
__ptext12                                          text12       0036FE
__ptext13                                          text13       000C34
__ptext14                                          text14       0012E6
__ptext15                                          text15       0036D6
__ptext16                                          text16       002FD4
__ptext17                                          text17       002D52
__ptext18                                          text18       00220A
__ptext19                                          text19       0032E6
__ptext2                                           text2        00253C
__ptext20                                          text20       00281A
__ptext21                                          text21       00303C
__ptext22                                          text22       003896
__ptext23                                          text23       002AAE
__ptext24                                          text24       002432
__ptext25                                          text25       001570
__ptext26                                          text26       002E64
__ptext27                                          text27       00389E
__ptext28                                          text28       002CB6
__ptext29                                          text29       002F5E
__ptext3                                           text3        001BF2
__ptext30                                          text30       003882
__ptext31                                          text31       0038A6
__ptext32                                          text32       0038AE
__ptext33                                          text33       00367E
__ptext34                                          text34       003814
__ptext35                                          text35       003828
__ptext36                                          text36       003236
__ptext37                                          text37       000FEE
__ptext38                                          text38       002C12
__ptext39                                          text39       0020E0
__ptext4                                           text4        001948
__ptext40                                          text40       0017E8
__ptext41                                          text41       003616
__ptext42                                          text42       0033D8
__ptext43                                          text43       000012
__ptext44                                          text44       0037EA
__ptext45                                          text45       0036AC
__ptext46                                          text46       003174
__ptext47                                          text47       002EE6
__ptext48                                          text48       00384E
__ptext49                                          text49       0030A4
__ptext5                                           text5        001AA6
__ptext50                                          text50       00364A
__ptext51                                          text51       003532
__ptext52                                          text52       00356E
__ptext53                                          text53       001FAC
__ptext54                                          text54       0035AA
__ptext55                                          text55       0037D2
__ptext57                                          text57       00310C
__ptext58                                          text58       00388C
__ptext59                                          text59       0038B6
__ptext6                                           text6        002326
__ptext60                                          text60       0038BE
__ptext61                                          text61       003724
__ptext62                                          text62       00383C
__ptext63                                          text63       003468
__ptext64                                          text64       0035E0
__ptext65                                          text65       000686
__ptext66                                          text66       00386A
__ptext67                                          text67       0037B4
__ptext68                                          text68       00374A
__ptext69                                          text69       0034F0
__ptext7                                           text7        003800
__ptext70                                          text70       003338
__ptext71                                          text71       003876
__ptext72                                          text72       003290
__ptext73                                          text73       002632
__ptext74                                          text74       002726
__ptext75                                          text75       00290C
__ptext76                                          text76       002B64
__ptext77                                          text77       003792
__ptext78                                          text78       002DE0
__ptext79                                          text79       000000
__ptext8                                           text8        003422
__ptext9                                           text9        0031D6
__ramtop                                           ramtop       001000
__size_of_EEPROM                                   (abs)        000000
__size_of_Eeprom_ReadByte                          (abs)        000000
__size_of_Eeprom_WriteByte                         (abs)        000000
__size_of_I2C_Master_Read                          (abs)        000000
__size_of_I2C_Master_Start                         (abs)        000000
__size_of_I2C_Master_Stop                          (abs)        000000
__size_of_I2C_Master_Wait                          (abs)        000000
__size_of_I2C_Master_Write                         (abs)        000000
__size_of___awdiv                                  (abs)        000000
__size_of___ftdiv                                  (abs)        000000
__size_of___ftmul                                  (abs)        000000
__size_of___ftpack                                 (abs)        000000
__size_of___fttol                                  (abs)        000000
__size_of___lldiv                                  (abs)        000000
__size_of___lwdiv                                  (abs)        000000
__size_of___lwmod                                  (abs)        000000
__size_of___wmul                                   (abs)        000000
__size_of__doprnt                                  (abs)        000000
__size_of_activateDCmotors                         (abs)        000000
__size_of_analyzeRgbcForSensor                     (abs)        000000
__size_of_atoi                                     (abs)        000000
__size_of_capIsOnBottle                            (abs)        000000
__size_of_cycleProgramScreenLeft                   (abs)        000000
__size_of_cycleProgramScreenRight                  (abs)        000000
__size_of_disableDCmotors                          (abs)        000000
__size_of_displayMainProgramLcdScreen              (abs)        000000
__size_of_enterSelectedSubProgramFromMainProgram   (abs)        000000
__size_of_extendSensorAreaArm                      (abs)        000000
__size_of_getCurrentTimeInSeconds                  (abs)        000000
__size_of_getEEPROM                                (abs)        000000
__size_of_getMotorCounterBasedOnBottlesLeft        (abs)        000000
__size_of_getPressedKeypadKey                      (abs)        000000
__size_of_handler                                  (abs)        000000
__size_of_initializeI2C                            (abs)        000000
__size_of_initializeLcdScreen                      (abs)        000000
__size_of_initializeLcdSettings                    (abs)        000000
__size_of_initializePicPins                        (abs)        000000
__size_of_initializePicSettings                    (abs)        000000
__size_of_isdigit                                  (abs)        000000
__size_of_lcdClear                                 (abs)        000000
__size_of_lcdInst                                  (abs)        000000
__size_of_lcdNibble                                (abs)        000000
__size_of_main                                     (abs)        000000
__size_of_moveBinServo                             (abs)        000000
__size_of_operation                                (abs)        000000
__size_of_past_run_access                          (abs)        000000
__size_of_printTime                                (abs)        000000
__size_of_printf                                   (abs)        000000
__size_of_pushBottle                               (abs)        000000
__size_of_putch                                    (abs)        000000
__size_of_retractSensorAreaArm                     (abs)        000000
__size_of_saveEEPROM                               (abs)        000000
__size_of_setMultiplexerToSensor                   (abs)        000000
__size_of_sprintf                                  (abs)        000000
__size_of_storeRgbSensorInputIntegerValuesInto     (abs)        000000
__size_of_toggleRTCBasedOnCurrentMainProgramScreen (abs)        000000
__size_of_updateCurrentTime                        (abs)        000000
__size_of_update_eeprom_screen_state               (abs)        000000
__size_of_update_past_run_screen_state             (abs)        000000
__size_ofi2_I2C_Master_Read                        (abs)        000000
__size_ofi2_I2C_Master_Start                       (abs)        000000
__size_ofi2_I2C_Master_Stop                        (abs)        000000
__size_ofi2_I2C_Master_Wait                        (abs)        000000
__size_ofi2_I2C_Master_Write                       (abs)        000000
__size_ofi2___ftdiv                                (abs)        000000
__size_ofi2___ftmul                                (abs)        000000
__size_ofi2___ftpack                               (abs)        000000
__size_ofi2___fttol                                (abs)        000000
__size_ofi2___lwdiv                                (abs)        000000
__size_ofi2___lwmod                                (abs)        000000
__size_ofi2___wmul                                 (abs)        000000
__size_ofi2__doprnt                                (abs)        000000
__size_ofi2_isdigit                                (abs)        000000
__size_ofi2_lcdInst                                (abs)        000000
__size_ofi2_lcdNibble                              (abs)        000000
__size_ofi2_printTime                              (abs)        000000
__size_ofi2_printf                                 (abs)        000000
__size_ofi2_putch                                  (abs)        000000
__size_ofi2_updateCurrentTime                      (abs)        000000
__smallconst                                       smallconst   000000
_activateDCmotors                                  text27       00389E
_analyzeRgbcForSensor                              text25       001570
_atoi                                              text20       00281A
_capIsOnBottle                                     text23       002AAE
_currentBottle                                     bssBANK0     0000E9
_currentBottleBin                                  bssBANK0     0000EB
_currentMainProgramScreen                          bssBANK0     0000EF
_cycleProgramScreenLeft                            text52       00356E
_cycleProgramScreenRight                           text51       003532
_disableDCmotors                                   text22       003896
_displayMainProgramLcdScreen                       text28       002CB6
_dpowers                                           mediumconst  00FE42
_enterSelectedSubProgramFromMainProgram            text11       00338A
_extendSensorAreaArm                               text21       00303C
_getCurrentTimeInSeconds                           text18       00220A
_getCurrentTimeInSeconds$1724                      cstackBANK0  0000AE
_getEEPROM                                         text53       001FAC
_getMotorCounterBasedOnBottlesLeft                 text77       003792
_getPressedKeypadKey                               text50       00364A
_handler                                           intcode      000008
_hexpowers                                         mediumconst  00FE4C
_initializeI2C                                     text9        0031D6
_initializeLcdScreen                               text7        003800
_initializeLcdSettings                             text8        003422
_initializePicPins                                 text2        00253C
_initializePicSettings                             text1        003770
_isdigit                                           text45       0036AC
_isdigit$1338                                      cstackBANK0  000081
_keys                                              mediumconst  00FE31
_lastRunTime                                       bssBANK0     0000DB
_lastSortedBottleTime                              bssBANK0     0000ED
_lcdClear                                          text41       003616
_lcdInst                                           text48       00384E
_lcdNibble                                         text49       0030A4
_main                                              text0        001E76
_motorCounter                                      bssCOMRAM    000049
_moveBinServo                                      text17       002D52
_nRBPU                                             (abs)        007F8F
_operation                                         text13       000C34
_past_run_access                                   text39       0020E0
_printTime                                         text36       003236
_printf                                            text42       0033D8
_pushBottle                                        text12       0036FE
_putch                                             text44       0037EA
[...]
      Locals:         3       0       0       0       0       0       0       0       0       0       0       0       0       0       0       0       0
      Temps:          0       0       0       0       0       0       0       0       0       0       0       0       0       0       0       0       0
      Totals:         7       0       0       0       0       0       0       0       0       0       0       0       0       0       0       0       0
Total ram usage:        7 bytes
 Hardware stack levels used:    1
 This function calls:
		Nothing
 This function is called by:
		i2__doprnt
 This function uses a non-reentrant model


 *************** function i2_lcdInst *****************
 Defined at:
		line 25 in file "lcd.c"
 Parameters:    Size  Location     Type
  data            1    wreg     unsigned char 
 Auto vars:     Size  Location     Type
  data            1    2[COMRAM] unsigned char 
 Return value:  Size  Location     Type
                  1    wreg      void 
 Registers used:
		wreg, status,2, status,0, cstack
 Tracked objects:
		On entry : 
		On exit  : 
		Unchanged: 
 Data sizes:     COMRAM   BANK0   BANK1   BANK2   BANK3   BANK4   BANK5   BANK6   BANK7   BANK8   BANK9  BANK10  BANK11  BANK12  BANK13  BANK14  BANK15
      Params:         0       0       0       0       0       0       0       0       0       0       0       0       0       0       0       0       0
      Locals:         1       0       0       0       0       0       0       0       0       0       0       0       0       0       0       0       0
      Temps:          0       0       0       0       0       0       0       0       0       0       0       0       0       0       0       0       0
      Totals:         1       0       0       0       0       0       0       0       0       0       0       0       0       0       0       0       0
Total ram usage:        1 bytes
 Hardware stack levels used:    1
 Hardware stack levels required when called:    1
 This function calls:
		i2_lcdNibble
 This function is called by:
		i2_printTime
 This function uses a non-reentrant model


 *************** function i2_lcdNibble *****************
 Defined at:
		line 43 in file "lcd.c"
 Parameters:    Size  Location     Type
  data            1    wreg     unsigned char 
 Auto vars:     Size  Location     Type
  data            1    1[COMRAM] unsigned char 
  lcdNibble       1    0[COMRAM] unsigned char 
 Return value:  Size  Location     Type
                  1    wreg      void 
 Registers used:
		wreg, status,2, status,0
 Tracked objects:
		On entry : 
		On exit  : 
		Unchanged: 
 Data sizes:     COMRAM   BANK0   BANK1   BANK2   BANK3   BANK4   BANK5   BANK6   BANK7   BANK8   BANK9  BANK10  BANK11  BANK12  BANK13  BANK14  BANK15
      Params:         0       0       0       0       0       0       0       0       0       0       0       0       0       0       0       0       0
      Locals:         2       0       0       0       0       0       0       0       0       0       0       0       0       0       0       0       0
      Temps:          0       0       0       0       0       0       0       0       0       0       0       0       0       0       0       0       0
      Totals:         2       0       0       0       0       0       0       0       0       0       0       0       0       0       0       0       0
Total ram usage:        2 bytes
 Hardware stack levels used:    1
 This function calls:
		Nothing
 This function is called by:
		i2_lcdInst
		i2_putch
 This function uses a non-reentrant model


 *************** function i2___fttol *****************
 Defined at:
		line 44 in file "C:\Program Files (x86)\Microchip\xc8\v1.40\sources\common\fttol.c"
 Parameters:    Size  Location     Type
  f1              3   38[COMRAM] float 
 Auto vars:     Size  Location     Type
  __fttol         4   48[COMRAM] unsigned long 
  __fttol         1   52[COMRAM] unsigned char 
  __fttol         1   47[COMRAM] unsigned char 
 Return value:  Size  Location     Type
                  4   38[COMRAM] long 
 Registers used:
		wreg, status,2, status,0
 Tracked objects:
		On entry : 
		On exit  : 
		Unchanged: 
 Data sizes:     COMRAM   BANK0   BANK1   BANK2   BANK3   BANK4   BANK5   BANK6   BANK7   BANK8   BANK9  BANK10  BANK11  BANK12  BANK13  BANK14  BANK15
      Params:         4       0       0       0       0       0       0       0       0       0       0       0       0       0       0       0       0
      Locals:         6       0       0       0       0       0       0       0       0       0       0       0       0       0       0       0       0
      Temps:          5       0       0       0       0       0       0       0       0       0       0       0       0       0       0       0       0
      Totals:        15       0       0       0       0       0       0       0       0       0       0       0       0       0       0       0       0
Total ram usage:       15 bytes
 Hardware stack levels used:    1
 This function calls:
		Nothing
 This function is called by:
		_handler
 This function uses a non-reentrant model


 *************** function i2___ftmul *****************
 Defined at:
		line 62 in file "C:\Program Files (x86)\Microchip\xc8\v1.40\sources\common\ftmul.c"
 Parameters:    Size  Location     Type
  f1              3    8[COMRAM] float 
  f2              3   11[COMRAM] float 
 Auto vars:     Size  Location     Type
  __ftmul         3   18[COMRAM] unsigned um
  __ftmul         1   22[COMRAM] unsigned char 
  __ftmul         1   21[COMRAM] unsigned char 
  __ftmul         1   17[COMRAM] unsigned char 
 Return value:  Size  Location     Type
                  3    8[COMRAM] float 
 Registers used:
		wreg, status,2, status,0, cstack
 Tracked objects:
		On entry : 
		On exit  : 
		Unchanged: 
 Data sizes:     COMRAM   BANK0   BANK1   BANK2   BANK3   BANK4   BANK5   BANK6   BANK7   BANK8   BANK9  BANK10  BANK11  BANK12  BANK13  BANK14  BANK15
      Params:         6       0       0       0       0       0       0       0       0       0       0       0       0       0       0       0       0
      Locals:         6       0       0       0       0       0       0       0       0       0       0       0       0       0       0       0       0
      Temps:          3       0       0       0       0       0       0       0       0       0       0       0       0       0       0       0       0
      Totals:        15       0       0       0       0       0       0       0       0       0       0       0       0       0       0       0       0
Total ram usage:       15 bytes
 Hardware stack levels used:    1
 Hardware stack levels required when called:    1
 This function calls:
		i2___ftpack
 This function is called by:
		_handler
 This function uses a non-reentrant model


 *************** function i2___ftdiv *****************
 Defined at:
		line 54 in file "C:\Program Files (x86)\Microchip\xc8\v1.40\sources\common\ftdiv.c"
 Parameters:    Size  Location     Type
  f1              3   23[COMRAM] float 
  f2              3   26[COMRAM] float 
 Auto vars:     Size  Location     Type
  __ftdiv         3   33[COMRAM] float 
  __ftdiv         1   37[COMRAM] unsigned char 
  __ftdiv         1   36[COMRAM] unsigned char 
  __ftdiv         1   32[COMRAM] unsigned char 
 Return value:  Size  Location     Type
                  3   23[COMRAM] float 
 Registers used:
		wreg, status,2, status,0, cstack
 Tracked objects:
		On entry : 
		On exit  : 
		Unchanged: 
 Data sizes:     COMRAM   BANK0   BANK1   BANK2   BANK3   BANK4   BANK5   BANK6   BANK7   BANK8   BANK9  BANK10  BANK11  BANK12  BANK13  BANK14  BANK15
      Params:         6       0       0       0       0       0       0       0       0       0       0       0       0       0       0       0       0
      Locals:         6       0       0       0       0       0       0       0       0       0       0       0       0       0       0       0       0
      Temps:          3       0       0       0       0       0       0       0       0       0       0       0       0       0       0       0       0
      Totals:        15       0       0       0       0       0       0       0       0       0       0       0       0       0       0       0       0
Total ram usage:       15 bytes
 Hardware stack levels used:    1
 Hardware stack levels required when called:    1
 This function calls:
		i2___ftpack
 This function is called by:
		_handler
 This function uses a non-reentrant model


 *************** function i2___ftpack *****************
 Defined at:
		line 62 in file "C:\Program Files (x86)\Microchip\xc8\v1.40\sources\common\float.c"
 Parameters:    Size  Location     Type
  arg             3    0[COMRAM] unsigned um
  exp             1    3[COMRAM] unsigned char 
  sign            1    4[COMRAM] unsigned char 
 Auto vars:     Size  Location     Type
		None
 Return value:  Size  Location     Type
                  3    0[COMRAM] float 
 Registers used:
		wreg, status,2, status,0
 Tracked objects:
		On entry : 
		On exit  : 
		Unchanged: 
 Data sizes:     COMRAM   BANK0   BANK1   BANK2   BANK3   BANK4   BANK5   BANK6   BANK7   BANK8   BANK9  BANK10  BANK11  BANK12  BANK13  BANK14  BANK15
      Params:         5       0       0       0       0       0       0       0       0       0       0       0       0       0       0       0       0
      Locals:         0       0       0       0       0       0       0       0       0       0       0       0       0       0       0       0       0
      Temps:          3       0       0       0       0       0       0       0       0       0       0       0       0       0       0       0       0
      Totals:         8       0       0       0       0       0       0       0       0       0       0       0       0       0       0       0       0
Total ram usage:        8 bytes
 Hardware stack levels used:    1
 This function calls:
		Nothing
 This function is called by:
		i2___ftdiv
		i2___ftmul
 This function uses a non-reentrant model


 *************** function _getMotorCounterBasedOnBottlesLeft *****************
 Defined at:
		line 866 in file "main.c"
 Parameters:    Size  Location     Type
		None
 Auto vars:     Size  Location     Type
		None
 Return value:  Size  Location     Type
                  2    8[COMRAM] int 
 Registers used:
		wreg, status,2, status,0, cstack
 Tracked objects:
		On entry : 
		On exit  : 
		Unchanged: 
 Data sizes:     COMRAM   BANK0   BANK1   BANK2   BANK3   BANK4   BANK5   BANK6   BANK7   BANK8   BANK9  BANK10  BANK11  BANK12  BANK13  BANK14  BANK15
      Params:         2       0       0       0       0       0       0       0       0       0       0       0       0       0       0       0       0
      Locals:         0       0       0       0       0       0       0       0       0       0       0       0       0       0       0       0       0
      Temps:          0       0       0       0       0       0       0       0       0       0       0       0       0       0       0       0       0
      Totals:         2       0       0       0       0       0       0       0       0       0       0       0       0       0       0       0       0
Total ram usage:        2 bytes
 Hardware stack levels used:    1
 Hardware stack levels required when called:    1
 This function calls:
		___awdiv
 This function is called by:
		_handler
 This function uses a non-reentrant model


 *************** function ___awdiv *****************
 Defined at:
		line 8 in file "C:\Program Files (x86)\Microchip\xc8\v1.40\sources\common\awdiv.c"
 Parameters:    Size  Location     Type
  dividend        2    0[COMRAM] int 
  divisor         2    2[COMRAM] int 
 Auto vars:     Size  Location     Type
  quotient        2    6[COMRAM] int 
  sign            1    5[COMRAM] unsigned char 
  counter         1    4[COMRAM] unsigned char 
 Return value:  Size  Location     Type
                  2    0[COMRAM] int 
 Registers used:
		wreg, status,2, status,0
 Tracked objects:
		On entry : 
		On exit  : 
		Unchanged: 
 Data sizes:     COMRAM   BANK0   BANK1   BANK2   BANK3   BANK4   BANK5   BANK6   BANK7   BANK8   BANK9  BANK10  BANK11  BANK12  BANK13  BANK14  BANK15
      Params:         4       0       0       0       0       0       0       0       0       0       0       0       0       0       0       0       0
      Locals:         4       0       0       0       0       0       0       0       0       0       0       0       0       0       0       0       0
      Temps:          0       0       0       0       0       0       0       0       0       0       0       0       0       0       0       0       0
      Totals:         8       0       0       0       0       0       0       0       0       0       0       0       0       0       0       0       0
Total ram usage:        8 bytes
 Hardware stack levels used:    1
 This function calls:
		Nothing
 This function is called by:
		_getMotorCounterBasedOnBottlesLeft
 This function uses a non-reentrant model



MODULE INFORMATION

Module		Function		Class		Link	Load	Size
C:\Program Files (x86)\Microchip\xc8\v1.40\sources\common\doprnt.c
		__doprnt       		CODE           	0012	0000	1653

C:\Program Files (x86)\Microchip\xc8\v1.40\sources\common\doprnt.c estimated size: 1653

C:\Program Files (x86)\Microchip\xc8\v1.40\sources\common\float.c
		___ftpack      		CODE           	2326	0000	269

C:\Program Files (x86)\Microchip\xc8\v1.40\sources\common\float.c estimated size: 269

interruptHandler.c
		_handler       		CODE           	0008	0000	327

interruptHandler.c estimated size: 327

I2C.c
		_I2C_Master_Read		CODE           	367E	0000	47
		_I2C_Master_Wait		CODE           	3814	0000	21
		_I2C_Master_Stop		CODE           	38A6	0000	9
		_I2C_Master_Write		CODE           	3882	0000	11
		_initializeI2C 		CODE           	31D6	0000	97
		_I2C_Master_Start		CODE           	38AE	0000	9

I2C.c estimated size: 194

C:\Program Files (x86)\Microchip\xc8\v1.40\sources\common\Umul16.c
		___wmul        		CODE           	35AA	0000	55

C:\Program Files (x86)\Microchip\xc8\v1.40\sources\common\Umul16.c estimated size: 55

C:\Program Files (x86)\Microchip\xc8\v1.40\sources\common\lwmod.c
		___lwmod       		CODE           	3174	0000	99

C:\Program Files (x86)\Microchip\xc8\v1.40\sources\common\lwmod.c estimated size: 99

C:\Program Files (x86)\Microchip\xc8\v1.40\sources\common\ftmul.c
		___ftmul       		CODE           	1948	0000	351

C:\Program Files (x86)\Microchip\xc8\v1.40\sources\common\ftmul.c estimated size: 351

C:\Program Files (x86)\Microchip\xc8\v1.40\sources\common\ftdiv.c
		___ftdiv       		CODE           	1AA6	0000	333

C:\Program Files (x86)\Microchip\xc8\v1.40\sources\common\ftdiv.c estimated size: 333

C:\Program Files (x86)\Microchip\xc8\v1.40\sources\common\isdigit.c
		_isdigit       		CODE           	36AC	0000	43

C:\Program Files (x86)\Microchip\xc8\v1.40\sources\common\isdigit.c estimated size: 43

shared
		i2_printf      		CODE           	35E0	0000	55
		i2_printTime   		CODE           	3468	0000	71
		i2_I2C_Master_Start		CODE           	38BE	0000	9
		_ENTER         		MEDIUMCONST    	FE56	0000	3
		i2_putch       		CODE           	386A	0000	13
		i2_lcdNibble   		CODE           	3290	0000	87
		i2___ftdiv     		CODE           	290C	0000	231
		_RIGHT         		MEDIUMCONST    	FE5A	0000	3
		i2___fttol     		CODE           	2632	0000	245
		_dpowers       		MEDIUMCONST    	FE42	0000	11
		i2___lwdiv     		CODE           	3338	0000	83
		i2_isdigit     		CODE           	37B4	0000	31
		i2___ftmul     		CODE           	2726	0000	245
		i2___wmul      		CODE           	374A	0000	39
		i2_I2C_Master_Read		CODE           	3724	0000	39
		i2__doprnt     		CODE           	0686	0000	1455
		i2___lwmod     		CODE           	34F0	0000	67
		i2___ftpack    		CODE           	2B64	0000	175
		_keys          		MEDIUMCONST    	FE31	0000	18
		__initialization		CODE           	34AE	0000	57
		_BACK          		MEDIUMCONST    	FE54	0000	3
		_LEFT          		MEDIUMCONST    	FE58	0000	3
		i2_updateCurrentTime		CODE           	310C	0000	105
		i2_I2C_Master_Wait		CODE           	383C	0000	19
		_hexpowers     		MEDIUMCONST    	FE4C	0000	9
		i2_I2C_Master_Stop		CODE           	38B6	0000	9
		i2_lcdInst     		CODE           	3876	0000	13
		i2_I2C_Master_Write		CODE           	388C	0000	11

shared estimated size: 3109

C:\Program Files (x86)\Microchip\xc8\v1.40\sources\common\printf.c
		_printf        		CODE           	33D8	0000	75

C:\Program Files (x86)\Microchip\xc8\v1.40\sources\common\printf.c estimated size: 75

C:\Program Files (x86)\Microchip\xc8\v1.40\sources\common\atoi.c
		_atoi          		CODE           	281A	0000	243

C:\Program Files (x86)\Microchip\xc8\v1.40\sources\common\atoi.c estimated size: 243

lcd.c
		_putch         		CODE           	37EA	0000	23
		_lcdInst       		CODE           	384E	0000	17
		_lcdClear      		CODE           	3616	0000	53
		_lcdNibble     		CODE           	30A4	0000	105
		_initializeLcdSettings		CODE           	3422	0000	71

lcd.c estimated size: 269

C:\Program Files (x86)\Microchip\xc8\v1.40\sources\common\fttol.c
		___fttol       		CODE           	1BF2	0000	325

C:\Program Files (x86)\Microchip\xc8\v1.40\sources\common\fttol.c estimated size: 325

C:\Program Files (x86)\Microchip\xc8\v1.40\sources\common\sprintf.c
		_sprintf       		CODE           	32E6	0000	83

C:\Program Files (x86)\Microchip\xc8\v1.40\sources\common\sprintf.c estimated size: 83

C:\Program Files (x86)\Microchip\xc8\v1.40\sources\common\lwdiv.c
		___lwdiv       		CODE           	2EE6	0000	121

C:\Program Files (x86)\Microchip\xc8\v1.40\sources\common\lwdiv.c estimated size: 121

C:\Program Files (x86)\Microchip\xc8\v1.40\sources\common\awdiv.c
		___awdiv       		CODE           	2DE0	0000	133

C:\Program Files (x86)\Microchip\xc8\v1.40\sources\common\awdiv.c estimated size: 133

main.c
		_cycleProgramScreenRight		CODE           	3532	0000	61
		_pushBottle    		CODE           	36FE	0000	39
		_storeRgbSensorInputIntegerValuesInto		CODE           	2432	0000	267
		_getEEPROM     		CODE           	1FAC	0000	309
		_capIsOnBottle 		CODE           	2AAE	0000	183
		_Eeprom_ReadByte		CODE           	37D2	0000	25
		_update_past_run_screen_state		CODE           	17E8	0000	353
		_initializePicPins		CODE           	253C	0000	247
		_getCurrentTimeInSeconds		CODE           	220A	0000	285
		_toggleRTCBasedOnCurrentMainProgramScreen		CODE           	3828	0000	21
		_setMultiplexerToSensor		CODE           	2E64	0000	131
		_main          		CODE           	1E76	0000	311
		_updateCurrentTime		CODE           	2F5E	0000	119
		_displayMainProgramLcdScreen		CODE           	2CB6	0000	157
		_update_eeprom_screen_state		CODE           	2C12	0000	165
		_analyzeRgbcForSensor		CODE           	1570	0000	633
		_cycleProgramScreenLeft		CODE           	356E	0000	61
		_retractSensorAreaArm		CODE           	2FD4	0000	105
		_moveBinServo  		CODE           	2D52	0000	143
		_operation     		CODE           	0C34	0000	955
		_Eeprom_WriteByte		CODE           	36D6	0000	41
		_extendSensorAreaArm		CODE           	303C	0000	105
		_disableDCmotors		CODE           	3896	0000	9
		_printTime     		CODE           	3236	0000	91
		_initializePicSettings		CODE           	3770	0000	35
		_saveEEPROM    		CODE           	12E6	0000	651
		_enterSelectedSubProgramFromMainProgram		CODE           	338A	0000	79
		_EEPROM        		CODE           	0FEE	0000	761
		_getMotorCounterBasedOnBottlesLeft		CODE           	3792	0000	35
		_initializeLcdScreen		CODE           	3800	0000	21
		_past_run_access		CODE           	20E0	0000	299
		_activateDCmotors		CODE           	389E	0000	9
		_getPressedKeypadKey		CODE           	364A	0000	53

main.c estimated size: 6759

C:\Program Files (x86)\Microchip\xc8\v1.40\sources\common\lldiv.c
		___lldiv       		CODE           	29F2	0000	189

C:\Program Files (x86)\Microchip\xc8\v1.40\sources\common\lldiv.c estimated size: 189

