Microchip MPLAB XC8 Compiler V1.40 ()

Linker command line:

-W-3 --edf=C:\Program Files (x86)\Microchip\xc8\v1.40\dat\en_msgs.txt -cs \
  -h+dist/default/production\PIC18_CLEANED_MOTOR.X.production.sym \
  --cmf=dist/default/production\PIC18_CLEANED_MOTOR.X.production.cmf -z \
  -Q18F4620 -oC:\Users\1234gary\AppData\Local\Temp\sv8s.2 \
  -Mdist/default/production/PIC18_CLEANED_MOTOR.X.production.map -E1 \
  -ver=XC8 -ASTACK=0F5h-0f7fh -pstack=STACK -ACODE=00h-0FFFFh \
  -ACONST=00h-0FFFFh -ASMALLCONST=01000h-010FFhx240 \
  -AMEDIUMCONST=01000h-0FFFFh -ACOMRAM=01h-07Fh -AABS1=00h-0F7Fh \
  -ABIGRAM=01h-0F7Fh -ARAM=080h-0FFh,0100h-01FFhx14,0F00h-0F7Fh \
  -ABANK0=080h-0FFh -ABANK1=0100h-01FFh -ABANK2=0200h-02FFh \
  -ABANK3=0300h-03FFh -ABANK4=0400h-04FFh -ABANK5=0500h-05FFh \
  -ABANK6=0600h-06FFh -ABANK7=0700h-07FFh -ABANK8=0800h-08FFh \
  -ABANK9=0900h-09FFh -ABANK10=0A00h-0AFFh -ABANK11=0B00h-0BFFh \
  -ABANK12=0C00h-0CFFh -ABANK13=0D00h-0DFFh -ABANK14=0E00h-0EFFh \
  -ABANK15=0F00h-0F7Fh -ASFR=0F80h-0FFFh \
  -preset_vec=00h,intcode=08h,intcodelo,powerup,init -pramtop=01000h \
  -psmallconst=SMALLCONST -pmediumconst=MEDIUMCONST -pconst=CONST \
  -AFARRAM=00h-00h -ACONFIG=0300000h-030000Dh -pconfig=CONFIG \
  -AIDLOC=0200000h-0200007h -pidloc=IDLOC -AEEDATA=0F00000h-0F003FFh \
  -peeprom_data=EEDATA \
  -prdata=COMRAM,nvrram=COMRAM,nvbit=COMRAM,rbss=COMRAM,rbit=COMRAM \
  -pfarbss=FARRAM,fardata=FARRAM,nvFARRAM=FARRAM \
  -pintsave_regs=BIGRAM,bigbss=BIGRAM,bigdata=BIGRAM -pbss=RAM \
  -pidata=CODE,irdata=CODE,ibigdata=CODE,ifardata=CODE -prparam=COMRAM \
  C:\Users\1234gary\AppData\Local\Temp\sv8s.obj \
  dist/default/production\PIC18_CLEANED_MOTOR.X.production.obj 

Object code version is 3.11

Machine type is 18F4620

Call graph: (short form)




                Name                               Link     Load   Length Selector   Space Scale
C:\Users\1234gary\AppData\Local\Temp\sv8s.obj
                init                                  E        E        4        4       0
                reset_vec                             0        0        4        0       0
                idloc                            200000   200000        8   200000       0
                config                           300000   300000        E   300000       0
dist/default/production\PIC18_CLEANED_MOTOR.X.production.obj
                intcode                               8        8        6        4       0
                temp                                 4F       4F        1        1       1
                mediumconst                        FE28     FE28      1D8     7F14       0
                text72                             2548     2548       AE        4       0
                text71                             22EA     22EA       E6        4       0
                text70                             2104     2104       F4        4       0
                text69                             2010     2010       F4        4       0
                text68                             2A86     2A86       56        4       0
                text67                             30B4     30B4        C        4       0
                text66                             2B2E     2B2E       52        4       0
                text65                             2D38     2D38       42        4       0
                text64                             2FAA     2FAA       26        4       0
                text63                             2FF2     2FF2       1E        4       0
                text62                             30A8     30A8        C        4       0
                text61                              686      686      5AE        4       0
                text60                             2E66     2E66       36        4       0
                text59                             2D7A     2D7A       3E        4       0
                text58                             307A     307A       12        4       0
                text57                             2F84     2F84       26        4       0
                text56                             3106     3106        8        4       0
                text55                             30FE     30FE        8        4       0
                text54                             30D4     30D4        A        4       0
                text53                             295C     295C       68        4       0
                intcode_body                       1950     1950      138        4       0
                text51                             3010     3010       18        4       0
                text50                             2E30     2E30       36        4       0
                text49                             1BBE     1BBE      134        4       0
                text48                             2DF4     2DF4       3C        4       0
                text47                             2DB8     2DB8       3C        4       0
                text46                             2ED0     2ED0       34        4       0
                text45                             28F4     28F4       68        4       0
                text44                             308C     308C       10        4       0
                text43                             2736     2736       78        4       0
                text42                             29C4     29C4       62        4       0
                text41                             2F32     2F32       2A        4       0
                text40                             3028     3028       16        4       0
                text39                               12       12      674        4       0
                text38                             2C1E     2C1E       4A        4       0
                text37                             2E9C     2E9C       34        4       0
                text36                             1402     1402      160        4       0
                text35                             248C     248C       BC        4       0
                text34                             25F6     25F6       A4        4       0
                text33                             1192     1192      270        4       0
                text32                             2B80     2B80       50        4       0
                text31                             3066     3066       14        4       0
                text30                             3052     3052       14        4       0
                text29                             2F04     2F04       2E        4       0
                text28                             30F6     30F6        8        4       0
                text27                             30EE     30EE        8        4       0
                text26                             30CA     30CA        A        4       0
                text25                             27AE     27AE       76        4       0
                text24                             269A     269A       9C        4       0
                text23                             30E6     30E6        8        4       0
                text22                             30DE     30DE        8        4       0
                text21                             2C68     2C68       48        4       0
                text20                             21F8     21F8       F2        4       0
                text19                             2ADC     2ADC       52        4       0
                text18                             1CF2     1CF2      11C        4       0
                text17                             288C     288C       68        4       0
                text16                             2824     2824       68        4       0
                text15                             2F5C     2F5C       28        4       0
                text14                              F08      F08      28A        4       0
                text13                              C34      C34      2D4        4       0
                text12                             30C0     30C0        A        4       0
                text11                             2BD0     2BD0       4E        4       0
                text10                             2CB0     2CB0       46        4       0
                text9                              303E     303E       14        4       0
                text8                              1E0E     1E0E      10C        4       0
                text7                              16C0     16C0      14C        4       0
                text6                              1562     1562      15E        4       0
                text5                              180C     180C      144        4       0
                text4                              1F1A     1F1A       F6        4       0
                text3                              23D0     23D0       BC        4       0
                text2                              2A26     2A26       60        4       0
                text1                              2FD0     2FD0       22        4       0
                text0                              1A88     1A88      136        4       0
                cstackCOMRAM                          1        1       48        1       1
                cstackBANK0                          80       80       59       80       1
                dataBANK0                            E9       E9        C       80       1
                bssBANK0                             D9       D9       10       80       1
                bssCOMRAM                            49       49        6        1       1
                cinit                              2CF6     2CF6       42        4       0
                idataBANK0                         309C     309C        C        4       0

TOTAL           Name                               Link     Load   Length     Space
        CLASS   STACK          

        CLASS   CODE           
                intcode                               8        8        6         0
                init                                  E        E        4         0
                reset_vec                             0        0        4         0
                text72                             2548     2548       AE         0
                text71                             22EA     22EA       E6         0
                text70                             2104     2104       F4         0
                text69                             2010     2010       F4         0
                text68                             2A86     2A86       56         0
                text67                             30B4     30B4        C         0
                text66                             2B2E     2B2E       52         0
                text65                             2D38     2D38       42         0
                text64                             2FAA     2FAA       26         0
                text63                             2FF2     2FF2       1E         0
                text62                             30A8     30A8        C         0
                text61                              686      686      5AE         0
                text60                             2E66     2E66       36         0
                text59                             2D7A     2D7A       3E         0
                text58                             307A     307A       12         0
                text57                             2F84     2F84       26         0
                text56                             3106     3106        8         0
                text55                             30FE     30FE        8         0
                text54                             30D4     30D4        A         0
                text53                             295C     295C       68         0
                intcode_body                       1950     1950      138         0
                text51                             3010     3010       18         0
                text50                             2E30     2E30       36         0
                text49                             1BBE     1BBE      134         0
                text48                             2DF4     2DF4       3C         0
                text47                             2DB8     2DB8       3C         0
                text46                             2ED0     2ED0       34         0
                text45                             28F4     28F4       68         0
                text44                             308C     308C       10         0
                text43                             2736     2736       78         0
                text42                             29C4     29C4       62         0
                text41                             2F32     2F32       2A         0
                text40                             3028     3028       16         0
                text39                               12       12      674         0
                text38                             2C1E     2C1E       4A         0
                text37                             2E9C     2E9C       34         0
                text36                             1402     1402      160         0
                text35                             248C     248C       BC         0
                text34                             25F6     25F6       A4         0
                text33                             1192     1192      270         0
                text32                             2B80     2B80       50         0
                text31                             3066     3066       14         0
                text30                             3052     3052       14         0
                text29                             2F04     2F04       2E         0
                text28                             30F6     30F6        8         0
                text27                             30EE     30EE        8         0
                text26                             30CA     30CA        A         0
                text25                             27AE     27AE       76         0
                text24                             269A     269A       9C         0
                text23                             30E6     30E6        8         0
                text22                             30DE     30DE        8         0
                text21                             2C68     2C68       48         0
                text20                             21F8     21F8       F2         0
                text19                             2ADC     2ADC       52         0
                text18                             1CF2     1CF2      11C         0
                text17                             288C     288C       68         0
                text16                             2824     2824       68         0
                text15                             2F5C     2F5C       28         0
                text14                              F08      F08      28A         0
                text13                              C34      C34      2D4         0
                text12                             30C0     30C0        A         0
                text11                             2BD0     2BD0       4E         0
                text10                             2CB0     2CB0       46         0
                text9                              303E     303E       14         0
                text8                              1E0E     1E0E      10C         0
                text7                              16C0     16C0      14C         0
                text6                              1562     1562      15E         0
                text5                              180C     180C      144         0
                text4                              1F1A     1F1A       F6         0
                text3                              23D0     23D0       BC         0
                text2                              2A26     2A26       60         0
                text1                              2FD0     2FD0       22         0
                text0                              1A88     1A88      136         0
                cinit                              2CF6     2CF6       42         0
                idataBANK0                         309C     309C        C         0

        CLASS   CONST          

        CLASS   SMALLCONST     

        CLASS   MEDIUMCONST    
                mediumconst                        FE28     FE28      1D8         0

        CLASS   COMRAM         
                temp                                 4F       4F        1         1
                cstackCOMRAM                          1        1       48         1
                bssCOMRAM                            49       49        6         1

        CLASS   ABS1           

        CLASS   BIGRAM         

        CLASS   RAM            

        CLASS   BANK0          
                cstackBANK0                          80       80       59         1
                dataBANK0                            E9       E9        C         1
                bssBANK0                             D9       D9       10         1

        CLASS   BANK1          

        CLASS   BANK2          

        CLASS   BANK3          

        CLASS   BANK4          

        CLASS   BANK5          

        CLASS   BANK6          

        CLASS   BANK7          

        CLASS   BANK8          

        CLASS   BANK9          

        CLASS   BANK10         

        CLASS   BANK11         

        CLASS   BANK12         

        CLASS   BANK13         

        CLASS   BANK14         

        CLASS   BANK15         

        CLASS   SFR            

        CLASS   FARRAM         

        CLASS   CONFIG         
                config                           300000   300000        E         0

        CLASS   IDLOC          
                idloc                            200000   200000        8         0

        CLASS   EEDATA         



SEGMENTS        Name                           Load    Length   Top    Selector   Space  Class

                reset_vec                      000000  000004  000004         0       0  CODE    
                cstackCOMRAM                   000001  00004F  000050         1       1  COMRAM  
                intcode                        000008  003106  00310E         4       0  CODE    
                cstackBANK0                    000080  000075  0000F5        80       1  BANK0   
                mediumconst                    00FE28  0001D8  010000      7F14       0  MEDIUMCO
                idloc                          200000  000008  200008    200000       0  IDLOC   
                config                         300000  00000E  30000E    300000       0  CONFIG  


UNUSED ADDRESS RANGES

        Name                Unused          Largest block    Delta
        BANK0            0000F5-0000FF                B
        BANK1            000100-0001FF              100
        BANK10           000A00-000AFF              100
        BANK11           000B00-000BFF              100
        BANK12           000C00-000CFF              100
        BANK13           000D00-000DFF              100
        BANK14           000E00-000EFF              100
        BANK15           000F00-000F7F               80
        BANK2            000200-0002FF              100
        BANK3            000300-0003FF              100
        BANK4            000400-0004FF              100
        BANK5            000500-0005FF              100
        BANK6            000600-0006FF              100
        BANK7            000700-0007FF              100
        BANK8            000800-0008FF              100
        BANK9            000900-0009FF              100
        BIGRAM           000050-00007F               30
                         0000F5-000F7F              E8B
        CODE             000004-000007                4
                         00310E-00FE27             CD1A
        COMRAM           000050-00007F               30
        CONST            000004-000007                4
                         00310E-00FE27             CD1A
        EEDATA           F00000-F003FF              400
        MEDIUMCONST      00310E-00FE27             CD1A
        RAM              0000F5-000F7F              100
        SFR              000F80-000FFF               80
        SMALLCONST       00310E-00FE27              100
        STACK            0000F5-000F7F              E8B

                                  Symbol Table

?___ftdiv                                          cstackBANK0  000097
?___ftmul                                          cstackBANK0  000088
?___ftpack                                         cstackBANK0  000080
?___fttol                                          cstackBANK0  0000A6
?___lldiv                                          cstackBANK0  000080
?___lwdiv                                          cstackBANK0  000080
?___lwmod                                          cstackBANK0  000087
?___wmul                                           cstackBANK0  000080
?__doprnt                                          cstackBANK0  00008C
?_atoi                                             cstackBANK0  000086
?_displayMainProgramLcdScreen                      cstackBANK0  0000AC
?_getCurrentTimeInSeconds                          cstackBANK0  0000AA
?_printf                                           cstackBANK0  00009E
?_sprintf                                          cstackBANK0  00009E
?i2___ftdiv                                        cstackCOMRAM 000018
?i2___ftmul                                        cstackCOMRAM 000009
?i2___ftpack                                       cstackCOMRAM 000001
?i2___fttol                                        cstackCOMRAM 000027
?i2___lwdiv                                        cstackCOMRAM 000001
?i2___lwmod                                        cstackCOMRAM 000008
?i2___wmul                                         cstackCOMRAM 000001
?i2__doprnt                                        cstackCOMRAM 00000D
?i2_printf                                         cstackCOMRAM 00001F
EEPROM@i                                           cstackBANK0  0000D2
EEPROM@screen_state                                cstackBANK0  0000D0
EEPROM@storage                                     cstackBANK0  0000C3
EEPROM@temp                                        cstackBANK0  0000CF
EEPROM@timeStorage                                 cstackBANK0  0000B5
Eeprom_ReadByte@address                            cstackBANK0  000086
Eeprom_WriteByte@address                           cstackBANK0  000086
Eeprom_WriteByte@data                              cstackBANK0  000088
I2C_Master_Read@a                                  cstackBANK0  000081
I2C_Master_Read@temp                               cstackBANK0  000082
I2C_Master_Write@d                                 cstackBANK0  000081
_ACKDT                                             (abs)        007E2D
_ACKEN                                             (abs)        007E2C
_ADCON0                                            (abs)        000FC2
_ADCON1                                            (abs)        000FC1
_ADFM                                              (abs)        007E07
_BACK                                              mediumconst  00FE4C
_CMCONbits                                         (abs)        000FB4
_CVRCON                                            (abs)        000FB5
_EEADR                                             (abs)        000FA9
_EEADRH                                            (abs)        000FAA
_EECON1bits                                        (abs)        000FA6
_EECON2                                            (abs)        000FA7
_EEDATA                                            (abs)        000FA8
_EEPROM                                            text33       001192
_ENTER                                             mediumconst  00FE4E
_Eeprom_ReadByte                                   text51       003010
_Eeprom_WriteByte                                  text15       002F5C
_I2C_Master_Read                                   text29       002F04
_I2C_Master_Start                                  text28       0030F6
_I2C_Master_Stop                                   text27       0030EE
_I2C_Master_Wait                                   text30       003052
_I2C_Master_Write                                  text26       0030CA
_INTCONbits                                        (abs)        000FF2
_LATA                                              (abs)        000F89
_LATB                                              (abs)        000F8A
_LATC                                              (abs)        000F8B
_LATD                                              (abs)        000F8C
_LATDbits                                          (abs)        000F8C
_LATE                                              (abs)        000F8D
_LEFT                                              mediumconst  00FE50
_OSCCON                                            (abs)        000FD3
_OSCTUNEbits                                       (abs)        000F9B
_PEIE                                              (abs)        007F96
_PEN                                               (abs)        007E2A
_PIR2bits                                          (abs)        000FA1
_PORTAbits                                         (abs)        000F80
_PORTB                                             (abs)        000F81
_PORTBbits                                         (abs)        000F81
_PORTCbits                                         (abs)        000F82
_PORTDbits                                         (abs)        000F83
_PSA                                               (abs)        007EAB
_RCEN                                              (abs)        007E2B
_RIGHT                                             mediumconst  00FE52
_RSEN                                              (abs)        007E29
_SEN                                               (abs)        007E28
_SSPADD                                            (abs)        000FC8
_SSPBUF                                            (abs)        000FC9
_SSPCON1                                           (abs)        000FC6
_SSPCON2                                           (abs)        000FC5
_SSPSTAT                                           (abs)        000FC7
_T08BIT                                            (abs)        007EAE
_T0CS                                              (abs)        007EAD
_T0PS0                                             (abs)        007EA8
_T0PS1                                             (abs)        007EA9
_T0PS2                                             (abs)        007EAA
_T1CKPS0                                           (abs)        007E6C
_T1CKPS1                                           (abs)        007E6D
_T1CON                                             (abs)        000FCD
_T1OSCEN                                           (abs)        007E6B
_T1SYNC                                            (abs)        007E6A
_TMR0IE                                            (abs)        007F95
_TMR0IF                                            (abs)        007F92
_TMR0ON                                            (abs)        007EAF
_TMR1CS                                            (abs)        007E69
_TMR1H                                             (abs)        000FCF
_TMR1IE                                            (abs)        007CE8
_TMR1IF                                            (abs)        007CF0
_TMR1L                                             (abs)        000FCE
_TMR1ON                                            (abs)        007E68
_TRISA                                             (abs)        000F92
_TRISB                                             (abs)        000F93
_TRISC                                             (abs)        000F94
_TRISC3                                            (abs)        007CA3
_TRISC4                                            (abs)        007CA4
_TRISD                                             (abs)        000F95
_TRISE                                             (abs)        000F96
__CFG_BOREN$SBORDIS                                (abs)        000000
__CFG_BORV$3                                       (abs)        000000
__CFG_CCP2MX$PORTC                                 (abs)        000000
__CFG_CP0$OFF                                      (abs)        000000
__CFG_CP1$OFF                                      (abs)        000000
__CFG_CP2$OFF                                      (abs)        000000
__CFG_CP3$OFF                                      (abs)        000000
__CFG_CPB$OFF                                      (abs)        000000
__CFG_CPD$OFF                                      (abs)        000000
__CFG_EBTR0$OFF                                    (abs)        000000
__CFG_EBTR1$OFF                                    (abs)        000000
__CFG_EBTR2$OFF                                    (abs)        000000
__CFG_EBTR3$OFF                                    (abs)        000000
__CFG_EBTRB$OFF                                    (abs)        000000
__CFG_FCMEN$OFF                                    (abs)        000000
__CFG_IESO$OFF                                     (abs)        000000
__CFG_LPT1OSC$OFF                                  (abs)        000000
__CFG_LVP$OFF                                      (abs)        000000
__CFG_MCLRE$ON                                     (abs)        000000
__CFG_OSC$HS                                       (abs)        000000
__CFG_PBADEN$ON                                    (abs)        000000
__CFG_PWRT$OFF                                     (abs)        000000
__CFG_STVREN$ON                                    (abs)        000000
__CFG_WDT$OFF                                      (abs)        000000
__CFG_WDTPS$32768                                  (abs)        000000
__CFG_WRT0$OFF                                     (abs)        000000
__CFG_WRT1$OFF                                     (abs)        000000
__CFG_WRT2$OFF                                     (abs)        000000
__CFG_WRT3$OFF                                     (abs)        000000
__CFG_WRTB$OFF                                     (abs)        000000
__CFG_WRTC$OFF                                     (abs)        000000
__CFG_WRTD$OFF                                     (abs)        000000
__CFG_XINST$OFF                                    (abs)        000000
__HRAM                                             (abs)        000000
__Habs1                                            abs1         000000
__Hbank0                                           bank0        000000
__Hbank1                                           bank1        000000
__Hbank10                                          bank10       000000
__Hbank11                                          bank11       000000
__Hbank12                                          bank12       000000
__Hbank13                                          bank13       000000
__Hbank14                                          bank14       000000
__Hbank15                                          bank15       000000
__Hbank2                                           bank2        000000
__Hbank3                                           bank3        000000
__Hbank4                                           bank4        000000
__Hbank5                                           bank5        000000
__Hbank6                                           bank6        000000
__Hbank7                                           bank7        000000
__Hbank8                                           bank8        000000
__Hbank9                                           bank9        000000
__Hbigbss                                          bigbss       000000
__Hbigdata                                         bigdata      000000
__Hbigram                                          bigram       000000
__Hbss                                             bss          000000
__HbssBANK0                                        bssBANK0     000000
__HbssCOMRAM                                       bssCOMRAM    000000
__Hcinit                                           cinit        000000
__Hclrtext                                         clrtext      000000
__Hcomram                                          comram       000000
__Hconfig                                          config       30000E
__Hconst                                           const        000000
__HcstackBANK0                                     cstackBANK0  000000
__HcstackCOMRAM                                    cstackCOMRAM 000000
__Hdata                                            data         000000
__HdataBANK0                                       dataBANK0    000000
__Heeprom_data                                     eeprom_data  000000
__Hfarbss                                          farbss       000000
__Hfardata                                         fardata      000000
__Hibigdata                                        ibigdata     000000
__Hidata                                           idata        000000
__HidataBANK0                                      idataBANK0   000000
__Hidloc                                           idloc        200008
__Hifardata                                        ifardata     000000
__Hinit                                            init         000012
__Hintcode                                         intcode      00000E
__Hintcode_body                                    intcode_body 000000
__Hintcodelo                                       intcodelo    00000E
__Hintentry                                        intentry     000000
__Hintret                                          intret       000000
__Hintsave_regs                                    intsave_regs 000000
__Hirdata                                          irdata       000000
__Hmediumconst                                     mediumconst  010000
__HnvFARRAM                                        nvFARRAM     000000
__Hnvbit                                           nvbit        000000
__Hnvrram                                          nvrram       000000
__Hparam                                           rparam       000000
__Hpowerup                                         powerup      00000E
__Hram                                             ram          000000
__Hramtop                                          ramtop       001000
__Hrbit                                            rbit         000000
__Hrbss                                            rbss         000000
__Hrdata                                           rdata        000000
__Hreset_vec                                       reset_vec    000004
__Hrparam                                          rparam       000000
__Hsfr                                             sfr          000000
__Hsmallconst                                      smallconst   000000
__Hspace_0                                         (abs)        30000E
__Hspace_1                                         (abs)        0000F5
__Hspace_2                                         (abs)        000000
__Hstack                                           stack        000000
__Hstruct                                          struct       000000
__Htemp                                            temp         000050
__Htext                                            text         000000
__Htext0                                           text0        000000
__Htext1                                           text1        000000
__Htext10                                          text10       000000
__Htext11                                          text11       000000
__Htext12                                          text12       000000
__Htext13                                          text13       000000
__Htext14                                          text14       000000
__Htext15                                          text15       000000
__Htext16                                          text16       000000
__Htext17                                          text17       000000
__Htext18                                          text18       000000
__Htext19                                          text19       000000
__Htext2                                           text2        000000
__Htext20                                          text20       000000
__Htext21                                          text21       000000
__Htext22                                          text22       000000
__Htext23                                          text23       000000
__Htext24                                          text24       000000
__Htext25                                          text25       000000
__Htext26                                          text26       000000
__Htext27                                          text27       000000
__Htext28                                          text28       000000
__Htext29                                          text29       000000
__Htext3                                           text3        000000
__Htext30                                          text30       000000
__Htext31                                          text31       000000
__Htext32                                          text32       000000
__Htext33                                          text33       000000
__Htext34                                          text34       000000
__Htext35                                          text35       000000
__Htext36                                          text36       000000
__Htext37                                          text37       000000
__Htext38                                          text38       000000
__Htext39                                          text39       000000
__Htext4                                           text4        000000
__Htext40                                          text40       000000
__Htext41                                          text41       000000
__Htext42                                          text42       000000
__Htext43                                          text43       000000
__Htext44                                          text44       000000
__Htext45                                          text45       000000
__Htext46                                          text46       000000
__Htext47                                          text47       000000
__Htext48                                          text48       000000
__Htext49                                          text49       000000
__Htext5                                           text5        000000
__Htext50                                          text50       000000
__Htext51                                          text51       000000
__Htext53                                          text53       000000
__Htext54                                          text54       000000
__Htext55                                          text55       000000
__Htext56                                          text56       000000
__Htext57                                          text57       000000
__Htext58                                          text58       000000
__Htext59                                          text59       000000
__Htext6                                           text6        000000
__Htext60                                          text60       000000
__Htext61                                          text61       000000
__Htext62                                          text62       000000
__Htext63                                          text63       000000
__Htext64                                          text64       000000
__Htext65                                          text65       000000
__Htext66                                          text66       000000
__Htext67                                          text67       000000
__Htext68                                          text68       000000
__Htext69                                          text69       000000
__Htext7                                           text7        000000
__Htext70                                          text70       000000
__Htext71                                          text71       000000
__Htext72                                          text72       000000
__Htext73                                          text73       000000
__Htext8                                           text8        000000
__Htext9                                           text9        000000
__LRAM                                             (abs)        000001
__Labs1                                            abs1         000000
__Lbank0                                           bank0        000000
__Lbank1                                           bank1        000000
__Lbank10                                          bank10       000000
__Lbank11                                          bank11       000000
__Lbank12                                          bank12       000000
__Lbank13                                          bank13       000000
__Lbank14                                          bank14       000000
__Lbank15                                          bank15       000000
__Lbank2                                           bank2        000000
__Lbank3                                           bank3        000000
__Lbank4                                           bank4        000000
__Lbank5                                           bank5        000000
__Lbank6                                           bank6        000000
__Lbank7                                           bank7        000000
__Lbank8                                           bank8        000000
__Lbank9                                           bank9        000000
__Lbigbss                                          bigbss       000000
__Lbigdata                                         bigdata      000000
__Lbigram                                          bigram       000000
__Lbss                                             bss          000000
__LbssBANK0                                        bssBANK0     000000
__LbssCOMRAM                                       bssCOMRAM    000000
__Lcinit                                           cinit        000000
__Lclrtext                                         clrtext      000000
__Lcomram                                          comram       000000
__Lconfig                                          config       300000
__Lconst                                           const        000000
__LcstackBANK0                                     cstackBANK0  000000
__LcstackCOMRAM                                    cstackCOMRAM 000000
__Ldata                                            data         000000
__LdataBANK0                                       dataBANK0    000000
__Leeprom_data                                     eeprom_data  000000
__Lfarbss                                          farbss       000000
__Lfardata                                         fardata      000000
__Libigdata                                        ibigdata     000000
__Lidata                                           idata        000000
__LidataBANK0                                      idataBANK0   000000
__Lidloc                                           idloc        200000
__Lifardata                                        ifardata     000000
__Linit                                            init         00000E
__Lintcode                                         intcode      000008
__Lintcode_body                                    intcode_body 000000
__Lintcodelo                                       intcodelo    00000E
__Lintentry                                        intentry     000000
__Lintret                                          intret       000000
__Lintsave_regs                                    intsave_regs 000000
__Lirdata                                          irdata       000000
__Lmediumconst                                     mediumconst  00FE28
__LnvFARRAM                                        nvFARRAM     000000
__Lnvbit                                           nvbit        000000
__Lnvrram                                          nvrram       000000
__Lparam                                           rparam       000000
__Lpowerup                                         powerup      00000E
__Lram                                             ram          000000
__Lramtop                                          ramtop       001000
__Lrbit                                            rbit         000000
__Lrbss                                            rbss         000000
__Lrdata                                           rdata        000000
__Lreset_vec                                       reset_vec    000000
__Lrparam                                          rparam       000000
__Lsfr                                             sfr          000000
__Lsmallconst                                      smallconst   000000
__Lspace_0                                         (abs)        000000
__Lspace_1                                         (abs)        000000
__Lspace_2                                         (abs)        000000
__Lstack                                           stack        000000
__Lstruct                                          struct       000000
__Ltemp                                            temp         00004F
__Ltext                                            text         000000
__Ltext0                                           text0        000000
__Ltext1                                           text1        000000
__Ltext10                                          text10       000000
__Ltext11                                          text11       000000
__Ltext12                                          text12       000000
__Ltext13                                          text13       000000
__Ltext14                                          text14       000000
__Ltext15                                          text15       000000
__Ltext16                                          text16       000000
__Ltext17                                          text17       000000
__Ltext18                                          text18       000000
__Ltext19                                          text19       000000
__Ltext2                                           text2        000000
__Ltext20                                          text20       000000
__Ltext21                                          text21       000000
__Ltext22                                          text22       000000
__Ltext23                                          text23       000000
__Ltext24                                          text24       000000
__Ltext25                                          text25       000000
__Ltext26                                          text26       000000
__Ltext27                                          text27       000000
__Ltext28                                          text28       000000
__Ltext29                                          text29       000000
__Ltext3                                           text3        000000
__Ltext30                                          text30       000000
__Ltext31                                          text31       000000
__Ltext32                                          text32       000000
__Ltext33                                          text33       000000
__Ltext34                                          text34       000000
__Ltext35                                          text35       000000
__Ltext36                                          text36       000000
__Ltext37                                          text37       000000
__Ltext38                                          text38       000000
__Ltext39                                          text39       000000
__Ltext4                                           text4        000000
__Ltext40                                          text40       000000
__Ltext41                                          text41       000000
__Ltext42                                          text42       000000
__Ltext43                                          text43       000000
__Ltext44                                          text44       000000
__Ltext45                                          text45       000000
__Ltext46                                          text46       000000
__Ltext47                                          text47       000000
__Ltext48                                          text48       000000
__Ltext49                                          text49       000000
__Ltext5                                           text5        000000
__Ltext50                                          text50       000000
__Ltext51                                          text51       000000
__Ltext53                                          text53       000000
__Ltext54                                          text54       000000
__Ltext55                                          text55       000000
__Ltext56                                          text56       000000
__Ltext57                                          text57       000000
__Ltext58                                          text58       000000
__Ltext59                                          text59       000000
__Ltext6                                           text6        000000
__Ltext60                                          text60       000000
__Ltext61                                          text61       000000
__Ltext62                                          text62       000000
__Ltext63                                          text63       000000
__Ltext64                                          text64       000000
__Ltext65                                          text65       000000
__Ltext66                                          text66       000000
__Ltext67                                          text67       000000
__Ltext68                                          text68       000000
__Ltext69                                          text69       000000
__Ltext7                                           text7        000000
__Ltext70                                          text70       000000
__Ltext71                                          text71       000000
__Ltext72                                          text72       000000
__Ltext73                                          text73       000000
__Ltext8                                           text8        000000
__Ltext9                                           text9        000000
__S0                                               (abs)        30000E
__S1                                               (abs)        0000F5
__S2                                               (abs)        000000
___ftdiv                                           text7        0016C0
___ftdiv@cntr                                      cstackBANK0  0000A0
___ftdiv@exp                                       cstackBANK0  0000A4
___ftdiv@f1                                        cstackBANK0  000097
___ftdiv@f2                                        cstackBANK0  00009A
___ftdiv@f3                                        cstackBANK0  0000A1
___ftdiv@sign                                      cstackBANK0  0000A5
___ftmul                                           text6        001562
___ftmul@cntr                                      cstackBANK0  000095
___ftmul@exp                                       cstackBANK0  000091
___ftmul@f1                                        cstackBANK0  000088
___ftmul@f2                                        cstackBANK0  00008B
___ftmul@f3_as_product                             cstackBANK0  000092
___ftmul@sign                                      cstackBANK0  000096
___ftpack                                          text8        001E0E
___ftpack@arg                                      cstackBANK0  000080
___ftpack@exp                                      cstackBANK0  000083
___ftpack@sign                                     cstackBANK0  000084
___fttol                                           text5        00180C
___fttol@exp1                                      cstackBANK0  0000B4
___fttol@f1                                        cstackBANK0  0000A6
___fttol@lval                                      cstackBANK0  0000B0
___fttol@sign1                                     cstackBANK0  0000AF
___inthi_sp                                        stack        000000
___intlo_sp                                        stack        000000
___lldiv                                           text3        0023D0
___lldiv@counter                                   cstackBANK0  00008C
___lldiv@dividend                                  cstackBANK0  000080
___lldiv@divisor                                   cstackBANK0  000084
___lldiv@quotient                                  cstackBANK0  000088
___lwdiv                                           text43       002736
___lwdiv@counter                                   cstackBANK0  000086
___lwdiv@dividend                                  cstackBANK0  000080
___lwdiv@divisor                                   cstackBANK0  000082
___lwdiv@quotient                                  cstackBANK0  000084
___lwmod                                           text42       0029C4
___lwmod@counter                                   cstackBANK0  00008B
___lwmod@dividend                                  cstackBANK0  000087
___lwmod@divisor                                   cstackBANK0  000089
___param_bank                                      (abs)        000000
___rparam_used                                     (abs)        000001
___sp                                              stack        000000
___wmul                                            text50       002E30
___wmul@multiplicand                               cstackBANK0  000082
___wmul@multiplier                                 cstackBANK0  000080
___wmul@product                                    cstackBANK0  000084
__accesstop                                        (abs)        000080
__activetblptr                                     (abs)        000003
__doprnt                                           text39       000012
__doprnt@ap                                        cstackBANK0  000090
__doprnt@c                                         cstackBANK0  00009D
__doprnt@f                                         cstackBANK0  00008E
__doprnt@flag                                      cstackBANK0  00009A
__doprnt@idx                                       cstackBANK0  000096
__doprnt@pb                                        cstackBANK0  00008C
__doprnt@prec                                      cstackBANK0  000097
__doprnt@val                                       cstackBANK0  000098
__doprnt@width                                     cstackBANK0  00009B
__end_of_BACK                                      mediumconst  00FE4E
__end_of_EEPROM                                    text33       001402
__end_of_ENTER                                     mediumconst  00FE50
__end_of_Eeprom_ReadByte                           text51       003028
__end_of_Eeprom_WriteByte                          text15       002F84
__end_of_I2C_Master_Read                           text29       002F32
__end_of_I2C_Master_Start                          text28       0030FE
__end_of_I2C_Master_Stop                           text27       0030F6
__end_of_I2C_Master_Wait                           text30       003066
__end_of_I2C_Master_Write                          text26       0030D4
__end_of_LEFT                                      mediumconst  00FE52
__end_of_RIGHT                                     mediumconst  00FE54
__end_of___ftdiv                                   text7        00180C
__end_of___ftmul                                   text6        0016C0
__end_of___ftpack                                  text8        001F1A
__end_of___fttol                                   text5        001950
__end_of___lldiv                                   text3        00248C
__end_of___lwdiv                                   text43       0027AE
__end_of___lwmod                                   text42       002A26
__end_of___wmul                                    text50       002E66
__end_of__doprnt                                   text39       000686
__end_of__initialization                           cinit        002D2E
__end_of_activateDCmotors                          text23       0030EE
__end_of_atoi                                      text20       0022EA
__end_of_cycleProgramScreenLeft                    text48       002E30
__end_of_cycleProgramScreenRight                   text47       002DF4
__end_of_disableDCmotors                           text22       0030E6
__end_of_displayMainProgramLcdScreen               text24       002736
__end_of_dpowers                                   mediumconst  00FE44
__end_of_enterSelectedSubProgramFromMainProgram    text11       002C1E
__end_of_extendSensorAreaArm                       text21       002CB0
__end_of_getCurrentTimeInSeconds                   text18       001E0E
__end_of_getEEPROM                                 text49       001CF2
__end_of_getPressedKeypadKey                       text46       002F04
__end_of_handler                                   intcode_body 001A88
__end_of_hexpowers                                 mediumconst  00FE4C
__end_of_initializeLcdScreen                       text9        003052
__end_of_initializeLcdSettings                     text10       002CF6
__end_of_initializePicPins                         text4        002010
__end_of_initializePicSettings                     text1        002FF2
__end_of_initializeRTC                             text2        002A86
__end_of_isdigit                                   text41       002F5C
__end_of_keys                                      mediumconst  00FE3A
__end_of_lcdClear                                  text37       002ED0
__end_of_lcdInst                                   text44       00309C
__end_of_lcdNibble                                 text45       00295C
__end_of_main                                      text0        001BBE
__end_of_moveBinServo                              text17       0028F4
__end_of_operation                                 text13       000F08
__end_of_past_run_access                           text35       002548
__end_of_printTime                                 text32       002BD0
__end_of_printf                                    text38       002C68
__end_of_pushBottle                                text12       0030CA
__end_of_putch                                     text40       00303E
__end_of_retractSensorAreaArm                      text16       00288C
__end_of_saveEEPROM                                text14       001192
__end_of_sprintf                                   text19       002B2E
__end_of_toggleRTCBasedOnCurrentMainProgramScreen  text31       00307A
__end_of_updateCurrentTime                         text25       002824
__end_of_update_eeprom_screen_state                text34       00269A
__end_of_update_past_run_screen_state              text36       001562
__end_ofi2_I2C_Master_Read                         text57       002FAA
__end_ofi2_I2C_Master_Start                        text56       00310E
__end_ofi2_I2C_Master_Stop                         text55       003106
__end_ofi2_I2C_Master_Wait                         text58       00308C
__end_ofi2_I2C_Master_Write                        text54       0030DE
__end_ofi2___ftdiv                                 text71       0023D0
__end_ofi2___ftmul                                 text70       0021F8
__end_ofi2___ftpack                                text72       0025F6
__end_ofi2___fttol                                 text69       002104
__end_ofi2___lwdiv                                 text66       002B80
__end_ofi2___lwmod                                 text65       002D7A
__end_ofi2___wmul                                  text64       002FD0
__end_ofi2__doprnt                                 text61       000C34
__end_ofi2_isdigit                                 text63       003010
__end_ofi2_lcdInst                                 text67       0030C0
__end_ofi2_lcdNibble                               text68       002ADC
__end_ofi2_printTime                               text59       002DB8
__end_ofi2_printf                                  text60       002E9C
__end_ofi2_putch                                   text62       0030B4
__end_ofi2_updateCurrentTime                       text53       0029C4
__initialization                                   cinit        002CF6
__mediumconst                                      mediumconst  00FE28
__pbssBANK0                                        bssBANK0     0000D9
__pbssCOMRAM                                       bssCOMRAM    000049
__pcinit                                           cinit        002CF6
__pcstackBANK0                                     cstackBANK0  000080
__pcstackCOMRAM                                    cstackCOMRAM 000001
__pdataBANK0                                       dataBANK0    0000E9
__pidataBANK0                                      idataBANK0   00309C
__pintcode                                         intcode      000008
__pintcode_body                                    intcode_body 001950
__pmediumconst                                     mediumconst  00FE28
__ptext0                                           text0        001A88
__ptext1                                           text1        002FD0
__ptext10                                          text10       002CB0
__ptext11                                          text11       002BD0
__ptext12                                          text12       0030C0
__ptext13                                          text13       000C34
__ptext14                                          text14       000F08
__ptext15                                          text15       002F5C
__ptext16                                          text16       002824
__ptext17                                          text17       00288C
__ptext18                                          text18       001CF2
__ptext19                                          text19       002ADC
__ptext2                                           text2        002A26
__ptext20                                          text20       0021F8
__ptext21                                          text21       002C68
__ptext22                                          text22       0030DE
__ptext23                                          text23       0030E6
__ptext24                                          text24       00269A
__ptext25                                          text25       0027AE
__ptext26                                          text26       0030CA
__ptext27                                          text27       0030EE
__ptext28                                          text28       0030F6
__ptext29                                          text29       002F04
__ptext3                                           text3        0023D0
__ptext30                                          text30       003052
__ptext31                                          text31       003066
__ptext32                                          text32       002B80
__ptext33                                          text33       001192
__ptext34                                          text34       0025F6
__ptext35                                          text35       00248C
__ptext36                                          text36       001402
__ptext37                                          text37       002E9C
__ptext38                                          text38       002C1E
__ptext39                                          text39       000012
__ptext4                                           text4        001F1A
__ptext40                                          text40       003028
__ptext41                                          text41       002F32
__ptext42                                          text42       0029C4
__ptext43                                          text43       002736
__ptext44                                          text44       00308C
__ptext45                                          text45       0028F4
__ptext46                                          text46       002ED0
__ptext47                                          text47       002DB8
__ptext48                                          text48       002DF4
__ptext49                                          text49       001BBE
__ptext5                                           text5        00180C
__ptext50                                          text50       002E30
__ptext51                                          text51       003010
__ptext53                                          text53       00295C
__ptext54                                          text54       0030D4
__ptext55                                          text55       0030FE
__ptext56                                          text56       003106
__ptext57                                          text57       002F84
__ptext58                                          text58       00307A
__ptext59                                          text59       002D7A
__ptext6                                           text6        001562
__ptext60                                          text60       002E66
__ptext61                                          text61       000686
__ptext62                                          text62       0030A8
__ptext63                                          text63       002FF2
__ptext64                                          text64       002FAA
__ptext65                                          text65       002D38
__ptext66                                          text66       002B2E
__ptext67                                          text67       0030B4
__ptext68                                          text68       002A86
__ptext69                                          text69       002010
__ptext7                                           text7        0016C0
__ptext70                                          text70       002104
__ptext71                                          text71       0022EA
__ptext72                                          text72       002548
__ptext73                                          text73       000000
__ptext8                                           text8        001E0E
__ptext9                                           text9        00303E
__ramtop                                           ramtop       001000
__size_of_EEPROM                                   (abs)        000000
__size_of_Eeprom_ReadByte                          (abs)        000000
__size_of_Eeprom_WriteByte                         (abs)        000000
__size_of_I2C_Master_Read                          (abs)        000000
__size_of_I2C_Master_Start                         (abs)        000000
__size_of_I2C_Master_Stop                          (abs)        000000
__size_of_I2C_Master_Wait                          (abs)        000000
__size_of_I2C_Master_Write                         (abs)        000000
__size_of___ftdiv                                  (abs)        000000
__size_of___ftmul                                  (abs)        000000
__size_of___ftpack                                 (abs)        000000
__size_of___fttol                                  (abs)        000000
__size_of___lldiv                                  (abs)        000000
__size_of___lwdiv                                  (abs)        000000
__size_of___lwmod                                  (abs)        000000
__size_of___wmul                                   (abs)        000000
__size_of__doprnt                                  (abs)        000000
__size_of_activateDCmotors                         (abs)        000000
__size_of_atoi                                     (abs)        000000
__size_of_cycleProgramScreenLeft                   (abs)        000000
__size_of_cycleProgramScreenRight                  (abs)        000000
__size_of_disableDCmotors                          (abs)        000000
__size_of_displayMainProgramLcdScreen              (abs)        000000
__size_of_enterSelectedSubProgramFromMainProgram   (abs)        000000
__size_of_extendSensorAreaArm                      (abs)        000000
__size_of_getCurrentTimeInSeconds                  (abs)        000000
__size_of_getEEPROM                                (abs)        000000
__size_of_getPressedKeypadKey                      (abs)        000000
__size_of_handler                                  (abs)        000000
__size_of_initializeLcdScreen                      (abs)        000000
__size_of_initializeLcdSettings                    (abs)        000000
__size_of_initializePicPins                        (abs)        000000
__size_of_initializePicSettings                    (abs)        000000
__size_of_initializeRTC                            (abs)        000000
__size_of_isdigit                                  (abs)        000000
__size_of_lcdClear                                 (abs)        000000
__size_of_lcdInst                                  (abs)        000000
__size_of_lcdNibble                                (abs)        000000
__size_of_main                                     (abs)        000000
__size_of_moveBinServo                             (abs)        000000
__size_of_operation                                (abs)        000000
__size_of_past_run_access                          (abs)        000000
__size_of_printTime                                (abs)        000000
__size_of_printf                                   (abs)        000000
__size_of_pushBottle                               (abs)        000000
__size_of_putch                                    (abs)        000000
__size_of_retractSensorAreaArm                     (abs)        000000
__size_of_saveEEPROM                               (abs)        000000
__size_of_sprintf                                  (abs)        000000
__size_of_toggleRTCBasedOnCurrentMainProgramScreen (abs)        000000
__size_of_updateCurrentTime                        (abs)        000000
__size_of_update_eeprom_screen_state               (abs)        000000
__size_of_update_past_run_screen_state             (abs)        000000
__size_ofi2_I2C_Master_Read                        (abs)        000000
__size_ofi2_I2C_Master_Start                       (abs)        000000
__size_ofi2_I2C_Master_Stop                        (abs)        000000
__size_ofi2_I2C_Master_Wait                        (abs)        000000
__size_ofi2_I2C_Master_Write                       (abs)        000000
__size_ofi2___ftdiv                                (abs)        000000
__size_ofi2___ftmul                                (abs)        000000
__size_ofi2___ftpack                               (abs)        000000
__size_ofi2___fttol                                (abs)        000000
__size_ofi2___lwdiv                                (abs)        000000
__size_ofi2___lwmod                                (abs)        000000
__size_ofi2___wmul                                 (abs)        000000
__size_ofi2__doprnt                                (abs)        000000
__size_ofi2_isdigit                                (abs)        000000
__size_ofi2_lcdInst                                (abs)        000000
__size_ofi2_lcdNibble                              (abs)        000000
__size_ofi2_printTime                              (abs)        000000
__size_ofi2_printf                                 (abs)        000000
__size_ofi2_putch                                  (abs)        000000
__size_ofi2_updateCurrentTime                      (abs)        000000
__smallconst                                       smallconst   000000
_activateDCmotors                                  text23       0030E6
_atoi                                              text20       0021F8
_currentMainProgramScreen                          bssBANK0     0000E7
_cycleProgramScreenLeft                            text48       002DF4
_cycleProgramScreenRight                           text47       002DB8
_disableDCmotors                                   text22       0030DE
_displayMainProgramLcdScreen                       text24       00269A
_dpowers                                           mediumconst  00FE3A
_enterSelectedSubProgramFromMainProgram            text11       002BD0
_extendSensorAreaArm                               text21       002C68
_getCurrentTimeInSeconds                           text18       001CF2
_getCurrentTimeInSeconds$1663                      cstackBANK0  0000AE
_getEEPROM                                         text49       001BBE
_getPressedKeypadKey                               text46       002ED0
_handler                                           intcode      000008
_hexpowers                                         mediumconst  00FE44
_initializeLcdScreen                               text9        00303E
_initializeLcdSettings                             text10       002CB0
_initializePicPins                                 text4        001F1A
_initializePicSettings                             text1        002FD0
_initializeRTC                                     text2        002A26
_isdigit                                           text41       002F32
_isdigit$1284                                      cstackBANK0  000081
_keys                                              mediumconst  00FE29
_lastRunTime                                       bssBANK0     0000D9
_lcdClear                                          text37       002E9C
_lcdInst                                           text44       00308C
_lcdNibble                                         text45       0028F4
_main                                              text0        001A88
_motorCounter                                      bssCOMRAM    000049
_moveBinServo                                      text17       00288C
_nRBPU                                             (abs)        007F8F
_operation                                         text13       000C34
_past_run_access                                   text35       00248C
_printTime                                         text32       002B80
_printf                                            text38       002C1E
_pushBottle                                        text12       0030C0
_putch                                             text40       003028
_putch$intlevel0                                   text40       00302E
_retractSensorAreaArm                              text16       002824
_runInfo                                           dataBANK0    0000E9
_saveEEPROM                                        text14       000F08
_sprintf                                           text19       002ADC
_time                                              bssBANK0     0000E0
_timerCounter                                      bssCOMRAM    00004B
_timerDisabled                                     bssCOMRAM    00004D
_toggleRTCBasedOnCurrentMainProgramScreen          text31       003066
_updateCurrentTime                                 text25       0027AE
_update_eeprom_screen_state                        text34       0025F6
_update_past_run_screen_state                      text36       001402
atoi@a                                             cstackBANK0  00008B
atoi@s                                             cstackBANK0  000086
atoi@sign                                          cstackBANK0  00008A
btemp                                              temp         00004F
cycleProgramScreenLeft@max                         cstackBANK0  000084
cycleProgramScreenLeft@min                         cstackBANK0  000082
cycleProgramScreenLeft@programScreen               cstackBANK0  000080
cycleProgramScreenRight@max                        cstackBANK0  000084
cycleProgramScreenRight@min                        cstackBANK0  000082
cycleProgramScreenRight@programScreen              cstackBANK0  000080
end_of_initialization                              cinit        002D2E
extendSensorAreaArm@i                              cstackBANK0  000081
getCurrentTimeInSeconds@currentTime                cstackBANK0  0000AC
getCurrentTimeInSeconds@str                        cstackBANK0  0000B0
getEEPROM@i                                        cstackBANK0  00008E
getEEPROM@num                                      cstackBANK0  000088
getPressedKeypadKey@keypress                       cstackBANK0  000080
handler@set_time                                   cstackCOMRAM 000047
handler@time                                       cstackCOMRAM 000044
i2I2C_Master_Read@a                                cstackCOMRAM 000002
i2I2C_Master_Read@temp                             cstackCOMRAM 000003
i2I2C_Master_Write@d                               cstackCOMRAM 000002
i2_I2C_Master_Read                                 text57       002F84
i2_I2C_Master_Start                                text56       003106
i2_I2C_Master_Stop                                 text55       0030FE
i2_I2C_Master_Wait                                 text58       00307A
i2_I2C_Master_Write                                text54       0030D4
i2___ftdiv                                         text71       0022EA
i2___ftdiv@cntr                                    cstackCOMRAM 000021
i2___ftdiv@exp                                     cstackCOMRAM 000025
i2___ftdiv@f1                                      cstackCOMRAM 000018
i2___ftdiv@f2                                      cstackCOMRAM 00001B
i2___ftdiv@f3                                      cstackCOMRAM 000022
i2___ftdiv@sign                                    cstackCOMRAM 000026
i2___ftmul                                         text70       002104
i2___ftmul@cntr                                    cstackCOMRAM 000016
i2___ftmul@exp                                     cstackCOMRAM 000012
i2___ftmul@f1                                      cstackCOMRAM 000009
i2___ftmul@f2                                      cstackCOMRAM 00000C
i2___ftmul@f3_as_product                           cstackCOMRAM 000013
i2___ftmul@sign                                    cstackCOMRAM 000017
i2___ftpack                                        text72       002548
i2___ftpack@arg                                    cstackCOMRAM 000001
i2___ftpack@exp                                    cstackCOMRAM 000004
i2___ftpack@sign                                   cstackCOMRAM 000005
i2___fttol                                         text69       002010
i2___fttol@exp1                                    cstackCOMRAM 000035
i2___fttol@f1                                      cstackCOMRAM 000027
i2___fttol@lval                                    cstackCOMRAM 000031
i2___fttol@sign1                                   cstackCOMRAM 000030
[...]
 Return value:  Size  Location     Type
                  2    0[COMRAM] unsigned int 
 Registers used:
		wreg, status,2, status,0, prodl, prodh
 Tracked objects:
		On entry : 
		On exit  : 
		Unchanged: 
 Data sizes:     COMRAM   BANK0   BANK1   BANK2   BANK3   BANK4   BANK5   BANK6   BANK7   BANK8   BANK9  BANK10  BANK11  BANK12  BANK13  BANK14  BANK15
      Params:         4       0       0       0       0       0       0       0       0       0       0       0       0       0       0       0       0
      Locals:         2       0       0       0       0       0       0       0       0       0       0       0       0       0       0       0       0
      Temps:          0       0       0       0       0       0       0       0       0       0       0       0       0       0       0       0       0
      Totals:         6       0       0       0       0       0       0       0       0       0       0       0       0       0       0       0       0
Total ram usage:        6 bytes
 Hardware stack levels used:    1
 This function calls:
		Nothing
 This function is called by:
		i2__doprnt
 This function uses a non-reentrant model


 *************** function i2___lwmod *****************
 Defined at:
		line 8 in file "C:\Program Files (x86)\Microchip\xc8\v1.40\sources\common\lwmod.c"
 Parameters:    Size  Location     Type
  dividend        2    7[COMRAM] unsigned int 
  divisor         2    9[COMRAM] unsigned int 
 Auto vars:     Size  Location     Type
  __lwmod         1   11[COMRAM] unsigned char 
 Return value:  Size  Location     Type
                  2    7[COMRAM] unsigned int 
 Registers used:
		wreg, status,2, status,0
 Tracked objects:
		On entry : 
		On exit  : 
		Unchanged: 
 Data sizes:     COMRAM   BANK0   BANK1   BANK2   BANK3   BANK4   BANK5   BANK6   BANK7   BANK8   BANK9  BANK10  BANK11  BANK12  BANK13  BANK14  BANK15
      Params:         4       0       0       0       0       0       0       0       0       0       0       0       0       0       0       0       0
      Locals:         1       0       0       0       0       0       0       0       0       0       0       0       0       0       0       0       0
      Temps:          0       0       0       0       0       0       0       0       0       0       0       0       0       0       0       0       0
      Totals:         5       0       0       0       0       0       0       0       0       0       0       0       0       0       0       0       0
Total ram usage:        5 bytes
 Hardware stack levels used:    1
 This function calls:
		Nothing
 This function is called by:
		i2__doprnt
 This function uses a non-reentrant model


 *************** function i2___lwdiv *****************
 Defined at:
		line 8 in file "C:\Program Files (x86)\Microchip\xc8\v1.40\sources\common\lwdiv.c"
 Parameters:    Size  Location     Type
  dividend        2    0[COMRAM] unsigned int 
  divisor         2    2[COMRAM] unsigned int 
 Auto vars:     Size  Location     Type
  __lwdiv         2    4[COMRAM] unsigned int 
  __lwdiv         1    6[COMRAM] unsigned char 
 Return value:  Size  Location     Type
                  2    0[COMRAM] unsigned int 
 Registers used:
		wreg, status,2, status,0
 Tracked objects:
		On entry : 
		On exit  : 
		Unchanged: 
 Data sizes:     COMRAM   BANK0   BANK1   BANK2   BANK3   BANK4   BANK5   BANK6   BANK7   BANK8   BANK9  BANK10  BANK11  BANK12  BANK13  BANK14  BANK15
      Params:         4       0       0       0       0       0       0       0       0       0       0       0       0       0       0       0       0
      Locals:         3       0       0       0       0       0       0       0       0       0       0       0       0       0       0       0       0
      Temps:          0       0       0       0       0       0       0       0       0       0       0       0       0       0       0       0       0
      Totals:         7       0       0       0       0       0       0       0       0       0       0       0       0       0       0       0       0
Total ram usage:        7 bytes
 Hardware stack levels used:    1
 This function calls:
		Nothing
 This function is called by:
		i2__doprnt
 This function uses a non-reentrant model


 *************** function i2_lcdInst *****************
 Defined at:
		line 25 in file "lcd.c"
 Parameters:    Size  Location     Type
  data            1    wreg     unsigned char 
 Auto vars:     Size  Location     Type
  data            1    2[COMRAM] unsigned char 
 Return value:  Size  Location     Type
                  1    wreg      void 
 Registers used:
		wreg, status,2, status,0, cstack
 Tracked objects:
		On entry : 
		On exit  : 
		Unchanged: 
 Data sizes:     COMRAM   BANK0   BANK1   BANK2   BANK3   BANK4   BANK5   BANK6   BANK7   BANK8   BANK9  BANK10  BANK11  BANK12  BANK13  BANK14  BANK15
      Params:         0       0       0       0       0       0       0       0       0       0       0       0       0       0       0       0       0
      Locals:         1       0       0       0       0       0       0       0       0       0       0       0       0       0       0       0       0
      Temps:          0       0       0       0       0       0       0       0       0       0       0       0       0       0       0       0       0
      Totals:         1       0       0       0       0       0       0       0       0       0       0       0       0       0       0       0       0
Total ram usage:        1 bytes
 Hardware stack levels used:    1
 Hardware stack levels required when called:    1
 This function calls:
		i2_lcdNibble
 This function is called by:
		i2_printTime
 This function uses a non-reentrant model


 *************** function i2_lcdNibble *****************
 Defined at:
		line 43 in file "lcd.c"
 Parameters:    Size  Location     Type
  data            1    wreg     unsigned char 
 Auto vars:     Size  Location     Type
  data            1    1[COMRAM] unsigned char 
  lcdNibble       1    0[COMRAM] unsigned char 
 Return value:  Size  Location     Type
                  1    wreg      void 
 Registers used:
		wreg, status,2, status,0
 Tracked objects:
		On entry : 
		On exit  : 
		Unchanged: 
 Data sizes:     COMRAM   BANK0   BANK1   BANK2   BANK3   BANK4   BANK5   BANK6   BANK7   BANK8   BANK9  BANK10  BANK11  BANK12  BANK13  BANK14  BANK15
      Params:         0       0       0       0       0       0       0       0       0       0       0       0       0       0       0       0       0
      Locals:         2       0       0       0       0       0       0       0       0       0       0       0       0       0       0       0       0
      Temps:          0       0       0       0       0       0       0       0       0       0       0       0       0       0       0       0       0
      Totals:         2       0       0       0       0       0       0       0       0       0       0       0       0       0       0       0       0
Total ram usage:        2 bytes
 Hardware stack levels used:    1
 This function calls:
		Nothing
 This function is called by:
		i2_lcdInst
		i2_putch
 This function uses a non-reentrant model


 *************** function i2___fttol *****************
 Defined at:
		line 44 in file "C:\Program Files (x86)\Microchip\xc8\v1.40\sources\common\fttol.c"
 Parameters:    Size  Location     Type
  f1              3   38[COMRAM] float 
 Auto vars:     Size  Location     Type
  __fttol         4   48[COMRAM] unsigned long 
  __fttol         1   52[COMRAM] unsigned char 
  __fttol         1   47[COMRAM] unsigned char 
 Return value:  Size  Location     Type
                  4   38[COMRAM] long 
 Registers used:
		wreg, status,2, status,0
 Tracked objects:
		On entry : 
		On exit  : 
		Unchanged: 
 Data sizes:     COMRAM   BANK0   BANK1   BANK2   BANK3   BANK4   BANK5   BANK6   BANK7   BANK8   BANK9  BANK10  BANK11  BANK12  BANK13  BANK14  BANK15
      Params:         4       0       0       0       0       0       0       0       0       0       0       0       0       0       0       0       0
      Locals:         6       0       0       0       0       0       0       0       0       0       0       0       0       0       0       0       0
      Temps:          5       0       0       0       0       0       0       0       0       0       0       0       0       0       0       0       0
      Totals:        15       0       0       0       0       0       0       0       0       0       0       0       0       0       0       0       0
Total ram usage:       15 bytes
 Hardware stack levels used:    1
 This function calls:
		Nothing
 This function is called by:
		_handler
 This function uses a non-reentrant model


 *************** function i2___ftmul *****************
 Defined at:
		line 62 in file "C:\Program Files (x86)\Microchip\xc8\v1.40\sources\common\ftmul.c"
 Parameters:    Size  Location     Type
  f1              3    8[COMRAM] float 
  f2              3   11[COMRAM] float 
 Auto vars:     Size  Location     Type
  __ftmul         3   18[COMRAM] unsigned um
  __ftmul         1   22[COMRAM] unsigned char 
  __ftmul         1   21[COMRAM] unsigned char 
  __ftmul         1   17[COMRAM] unsigned char 
 Return value:  Size  Location     Type
                  3    8[COMRAM] float 
 Registers used:
		wreg, status,2, status,0, cstack
 Tracked objects:
		On entry : 
		On exit  : 
		Unchanged: 
 Data sizes:     COMRAM   BANK0   BANK1   BANK2   BANK3   BANK4   BANK5   BANK6   BANK7   BANK8   BANK9  BANK10  BANK11  BANK12  BANK13  BANK14  BANK15
      Params:         6       0       0       0       0       0       0       0       0       0       0       0       0       0       0       0       0
      Locals:         6       0       0       0       0       0       0       0       0       0       0       0       0       0       0       0       0
      Temps:          3       0       0       0       0       0       0       0       0       0       0       0       0       0       0       0       0
      Totals:        15       0       0       0       0       0       0       0       0       0       0       0       0       0       0       0       0
Total ram usage:       15 bytes
 Hardware stack levels used:    1
 Hardware stack levels required when called:    1
 This function calls:
		i2___ftpack
 This function is called by:
		_handler
 This function uses a non-reentrant model


 *************** function i2___ftdiv *****************
 Defined at:
		line 54 in file "C:\Program Files (x86)\Microchip\xc8\v1.40\sources\common\ftdiv.c"
 Parameters:    Size  Location     Type
  f1              3   23[COMRAM] float 
  f2              3   26[COMRAM] float 
 Auto vars:     Size  Location     Type
  __ftdiv         3   33[COMRAM] float 
  __ftdiv         1   37[COMRAM] unsigned char 
  __ftdiv         1   36[COMRAM] unsigned char 
  __ftdiv         1   32[COMRAM] unsigned char 
 Return value:  Size  Location     Type
                  3   23[COMRAM] float 
 Registers used:
		wreg, status,2, status,0, cstack
 Tracked objects:
		On entry : 
		On exit  : 
		Unchanged: 
 Data sizes:     COMRAM   BANK0   BANK1   BANK2   BANK3   BANK4   BANK5   BANK6   BANK7   BANK8   BANK9  BANK10  BANK11  BANK12  BANK13  BANK14  BANK15
      Params:         6       0       0       0       0       0       0       0       0       0       0       0       0       0       0       0       0
      Locals:         6       0       0       0       0       0       0       0       0       0       0       0       0       0       0       0       0
      Temps:          3       0       0       0       0       0       0       0       0       0       0       0       0       0       0       0       0
      Totals:        15       0       0       0       0       0       0       0       0       0       0       0       0       0       0       0       0
Total ram usage:       15 bytes
 Hardware stack levels used:    1
 Hardware stack levels required when called:    1
 This function calls:
		i2___ftpack
 This function is called by:
		_handler
 This function uses a non-reentrant model


 *************** function i2___ftpack *****************
 Defined at:
		line 62 in file "C:\Program Files (x86)\Microchip\xc8\v1.40\sources\common\float.c"
 Parameters:    Size  Location     Type
  arg             3    0[COMRAM] unsigned um
  exp             1    3[COMRAM] unsigned char 
  sign            1    4[COMRAM] unsigned char 
 Auto vars:     Size  Location     Type
		None
 Return value:  Size  Location     Type
                  3    0[COMRAM] float 
 Registers used:
		wreg, status,2, status,0
 Tracked objects:
		On entry : 
		On exit  : 
		Unchanged: 
 Data sizes:     COMRAM   BANK0   BANK1   BANK2   BANK3   BANK4   BANK5   BANK6   BANK7   BANK8   BANK9  BANK10  BANK11  BANK12  BANK13  BANK14  BANK15
      Params:         5       0       0       0       0       0       0       0       0       0       0       0       0       0       0       0       0
      Locals:         0       0       0       0       0       0       0       0       0       0       0       0       0       0       0       0       0
      Temps:          3       0       0       0       0       0       0       0       0       0       0       0       0       0       0       0       0
      Totals:         8       0       0       0       0       0       0       0       0       0       0       0       0       0       0       0       0
Total ram usage:        8 bytes
 Hardware stack levels used:    1
 This function calls:
		Nothing
 This function is called by:
		i2___ftdiv
		i2___ftmul
 This function uses a non-reentrant model



MODULE INFORMATION

Module		Function		Class		Link	Load	Size
C:\Program Files (x86)\Microchip\xc8\v1.40\sources\common\doprnt.c
		__doprnt       		CODE           	0012	0000	1653

C:\Program Files (x86)\Microchip\xc8\v1.40\sources\common\doprnt.c estimated size: 1653

C:\Program Files (x86)\Microchip\xc8\v1.40\sources\common\float.c
		___ftpack      		CODE           	1E0E	0000	269

C:\Program Files (x86)\Microchip\xc8\v1.40\sources\common\float.c estimated size: 269

interruptHandler.c
		_handler       		CODE           	0008	0000	319

interruptHandler.c estimated size: 319

I2C.c
		_I2C_Master_Read		CODE           	2F04	0000	47
		_I2C_Master_Wait		CODE           	3052	0000	21
		_I2C_Master_Stop		CODE           	30EE	0000	9
		_I2C_Master_Write		CODE           	30CA	0000	11
		_initializeRTC 		CODE           	2A26	0000	97
		_I2C_Master_Start		CODE           	30F6	0000	9

I2C.c estimated size: 194

C:\Program Files (x86)\Microchip\xc8\v1.40\sources\common\Umul16.c
		___wmul        		CODE           	2E30	0000	55

C:\Program Files (x86)\Microchip\xc8\v1.40\sources\common\Umul16.c estimated size: 55

C:\Program Files (x86)\Microchip\xc8\v1.40\sources\common\lwmod.c
		___lwmod       		CODE           	29C4	0000	99

C:\Program Files (x86)\Microchip\xc8\v1.40\sources\common\lwmod.c estimated size: 99

C:\Program Files (x86)\Microchip\xc8\v1.40\sources\common\ftmul.c
		___ftmul       		CODE           	1562	0000	351

C:\Program Files (x86)\Microchip\xc8\v1.40\sources\common\ftmul.c estimated size: 351

C:\Program Files (x86)\Microchip\xc8\v1.40\sources\common\ftdiv.c
		___ftdiv       		CODE           	16C0	0000	333

C:\Program Files (x86)\Microchip\xc8\v1.40\sources\common\ftdiv.c estimated size: 333

C:\Program Files (x86)\Microchip\xc8\v1.40\sources\common\isdigit.c
		_isdigit       		CODE           	2F32	0000	43

C:\Program Files (x86)\Microchip\xc8\v1.40\sources\common\isdigit.c estimated size: 43

shared
		i2_printf      		CODE           	2E66	0000	55
		i2_printTime   		CODE           	2D7A	0000	63
		i2_I2C_Master_Start		CODE           	3106	0000	9
		_ENTER         		MEDIUMCONST    	FE4E	0000	3
		i2_putch       		CODE           	30A8	0000	13
		i2_lcdNibble   		CODE           	2A86	0000	87
		i2___ftdiv     		CODE           	22EA	0000	231
		_RIGHT         		MEDIUMCONST    	FE52	0000	3
		i2___fttol     		CODE           	2010	0000	245
		_dpowers       		MEDIUMCONST    	FE3A	0000	11
		i2___lwdiv     		CODE           	2B2E	0000	83
		i2_isdigit     		CODE           	2FF2	0000	31
		i2___ftmul     		CODE           	2104	0000	245
		i2___wmul      		CODE           	2FAA	0000	39
		i2_I2C_Master_Read		CODE           	2F84	0000	39
		i2__doprnt     		CODE           	0686	0000	1455
		i2___lwmod     		CODE           	2D38	0000	67
		i2___ftpack    		CODE           	2548	0000	175
		_keys          		MEDIUMCONST    	FE29	0000	18
		__initialization		CODE           	2CF6	0000	57
		_BACK          		MEDIUMCONST    	FE4C	0000	3
		_LEFT          		MEDIUMCONST    	FE50	0000	3
		i2_updateCurrentTime		CODE           	295C	0000	105
		i2_I2C_Master_Wait		CODE           	307A	0000	19
		_hexpowers     		MEDIUMCONST    	FE44	0000	9
		i2_I2C_Master_Stop		CODE           	30FE	0000	9
		i2_lcdInst     		CODE           	30B4	0000	13
		i2_I2C_Master_Write		CODE           	30D4	0000	11

shared estimated size: 3101

C:\Program Files (x86)\Microchip\xc8\v1.40\sources\common\printf.c
		_printf        		CODE           	2C1E	0000	75

C:\Program Files (x86)\Microchip\xc8\v1.40\sources\common\printf.c estimated size: 75

C:\Program Files (x86)\Microchip\xc8\v1.40\sources\common\atoi.c
		_atoi          		CODE           	21F8	0000	243

C:\Program Files (x86)\Microchip\xc8\v1.40\sources\common\atoi.c estimated size: 243

lcd.c
		_putch         		CODE           	3028	0000	23
		_lcdInst       		CODE           	308C	0000	17
		_lcdClear      		CODE           	2E9C	0000	53
		_lcdNibble     		CODE           	28F4	0000	105
		_initializeLcdSettings		CODE           	2CB0	0000	71

lcd.c estimated size: 269

C:\Program Files (x86)\Microchip\xc8\v1.40\sources\common\fttol.c
		___fttol       		CODE           	180C	0000	325

C:\Program Files (x86)\Microchip\xc8\v1.40\sources\common\fttol.c estimated size: 325

C:\Program Files (x86)\Microchip\xc8\v1.40\sources\common\sprintf.c
		_sprintf       		CODE           	2ADC	0000	83

C:\Program Files (x86)\Microchip\xc8\v1.40\sources\common\sprintf.c estimated size: 83

C:\Program Files (x86)\Microchip\xc8\v1.40\sources\common\lwdiv.c
		___lwdiv       		CODE           	2736	0000	121

C:\Program Files (x86)\Microchip\xc8\v1.40\sources\common\lwdiv.c estimated size: 121

main.c
		_cycleProgramScreenRight		CODE           	2DB8	0000	61
		_pushBottle    		CODE           	30C0	0000	11
		_getEEPROM     		CODE           	1BBE	0000	309
		_Eeprom_ReadByte		CODE           	3010	0000	25
		_update_past_run_screen_state		CODE           	1402	0000	353
		_initializePicPins		CODE           	1F1A	0000	247
		_getCurrentTimeInSeconds		CODE           	1CF2	0000	285
		_toggleRTCBasedOnCurrentMainProgramScreen		CODE           	3066	0000	21
		_main          		CODE           	1A88	0000	311
		_updateCurrentTime		CODE           	27AE	0000	119
		_displayMainProgramLcdScreen		CODE           	269A	0000	157
		_update_eeprom_screen_state		CODE           	25F6	0000	165
		_cycleProgramScreenLeft		CODE           	2DF4	0000	61
		_retractSensorAreaArm		CODE           	2824	0000	105
		_moveBinServo  		CODE           	288C	0000	105
		_operation     		CODE           	0C34	0000	725
		_Eeprom_WriteByte		CODE           	2F5C	0000	41
		_extendSensorAreaArm		CODE           	2C68	0000	73
		_disableDCmotors		CODE           	30DE	0000	9
		_printTime     		CODE           	2B80	0000	81
		_initializePicSettings		CODE           	2FD0	0000	35
		_saveEEPROM    		CODE           	0F08	0000	651
		_enterSelectedSubProgramFromMainProgram		CODE           	2BD0	0000	79
		_EEPROM        		CODE           	1192	0000	625
		_initializeLcdScreen		CODE           	303E	0000	21
		_past_run_access		CODE           	248C	0000	189
		_activateDCmotors		CODE           	30E6	0000	9
		_getPressedKeypadKey		CODE           	2ED0	0000	53

main.c estimated size: 4926

C:\Program Files (x86)\Microchip\xc8\v1.40\sources\common\lldiv.c
		___lldiv       		CODE           	23D0	0000	189

C:\Program Files (x86)\Microchip\xc8\v1.40\sources\common\lldiv.c estimated size: 189

