Microchip MPLAB XC8 Compiler V1.40 ()

Linker command line:

-W-3 --edf=C:\Program Files (x86)\Microchip\xc8\v1.40\dat\en_msgs.txt -cs \
  -h+dist/default/production\PIC18_COMPLETE_BASE.X.production.sym \
  --cmf=dist/default/production\PIC18_COMPLETE_BASE.X.production.cmf -z \
  -Q18F4620 -oC:\Users\1234gary\AppData\Local\Temp\s9fc.2 \
  -Mdist/default/production/PIC18_COMPLETE_BASE.X.production.map -E1 \
  -ver=XC8 -ASTACK=080h-0f7fh -pstack=STACK -ACODE=00h-0FFFFh \
  -ACONST=00h-0FFFFh -ASMALLCONST=01000h-010FFhx240 \
  -AMEDIUMCONST=01000h-0FFFFh -ACOMRAM=01h-07Fh -AABS1=00h-0F7Fh \
  -ABIGRAM=01h-0F7Fh -ARAM=080h-0FFh,0100h-01FFhx14,0F00h-0F7Fh \
  -ABANK0=080h-0FFh -ABANK1=0100h-01FFh -ABANK2=0200h-02FFh \
  -ABANK3=0300h-03FFh -ABANK4=0400h-04FFh -ABANK5=0500h-05FFh \
  -ABANK6=0600h-06FFh -ABANK7=0700h-07FFh -ABANK8=0800h-08FFh \
  -ABANK9=0900h-09FFh -ABANK10=0A00h-0AFFh -ABANK11=0B00h-0BFFh \
  -ABANK12=0C00h-0CFFh -ABANK13=0D00h-0DFFh -ABANK14=0E00h-0EFFh \
  -ABANK15=0F00h-0F7Fh -ASFR=0F80h-0FFFh \
  -preset_vec=00h,intcode,intcodelo,powerup,init -pramtop=01000h \
  -psmallconst=SMALLCONST -pmediumconst=MEDIUMCONST -pconst=CONST \
  -AFARRAM=00h-00h -ACONFIG=0300000h-030000Dh -pconfig=CONFIG \
  -AIDLOC=0200000h-0200007h -pidloc=IDLOC -AEEDATA=0F00000h-0F003FFh \
  -peeprom_data=EEDATA \
  -prdata=COMRAM,nvrram=COMRAM,nvbit=COMRAM,rbss=COMRAM,rbit=COMRAM \
  -pfarbss=FARRAM,fardata=FARRAM,nvFARRAM=FARRAM \
  -pintsave_regs=BIGRAM,bigbss=BIGRAM,bigdata=BIGRAM -pbss=RAM \
  -pidata=CODE,irdata=CODE,ibigdata=CODE,ifardata=CODE -prparam=COMRAM \
  C:\Users\1234gary\AppData\Local\Temp\s9fc.obj \
  dist/default/production\PIC18_COMPLETE_BASE.X.production.obj 

Object code version is 3.11

Machine type is 18F4620

Call graph: (short form)




                Name                               Link     Load   Length Selector   Space Scale
C:\Users\1234gary\AppData\Local\Temp\s9fc.obj
                init                                  0        0        4        0       0
                idloc                            200000   200000        8   200000       0
                config                           300000   300000        E   300000       0
dist/default/production\PIC18_COMPLETE_BASE.X.production.obj
                mediumconst                        FE30     FE30      1D0     7F18       0
                text37                             E47C     E47C       16     723E       0
                text36                             E4D0     E4D0       26     7268       0
                text35                             ED7C     ED7C       EE     76BE       0
                text34                             E71C     E71C       56     738E       0
                text33                             E446     E446        C     7223       0
                text32                             E6CA     E6CA       52     7365       0
                text31                             E600     E600       42     7300       0
                text30                             E492     E492       1E     7249       0
                text29                             E452     E452        C     7229       0
                text28                             F882     F882      5AE     7C41       0
                text27                             E5CA     E5CA       36     72E5       0
                text26                             E46A     E46A       12     7235       0
                text25                             E4F6     E4F6       26     727B       0
                text24                             E42C     E42C        8     7216       0
                text23                             E434     E434        8     721A       0
                text22                             E43C     E43C        A     721E       0
                text21                             E7CC     E7CC       66     73E6       0
                text20                             E832     E832       7A     7419       0
                text19                             E56C     E56C       2C     72B6       0
                text18                             EE6A     EE6A      12E     7735       0
                text17                             EB1C     EB1C       BE     758E       0
                text16                             E92E     E92E       8C     7497       0
                text15                             F414     F414      21A     7A0A       0
                text14                             EA62     EA62       BA     7531       0
                text13                             E684     E684       46     7342       0
                text12                             E542     E542       2A     72A1       0
                text11                             E8AC     E8AC       82     7456       0
                text10                             E772     E772       5A     73B9       0
                text9                              E4B0     E4B0       20     7258       0
                text8                              EBDA     EBDA       CE     75ED       0
                text7                              E642     E642       42     7321       0
                text6                              ECA8     ECA8       D4     7654       0
                text5                              EF98     EF98      136     77CC       0
                text4                              E9BA     E9BA       A8     74DD       0
                text3                              E51C     E51C       26     728E       0
                text2                              F21A     F21A      1FA     790D       0
                text1                              F62E     F62E      254     7B17       0
                text0                              F0CE     F0CE      14C     7867       0
                cstackCOMRAM                          1        1       58        1       1
                dataCOMRAM                           69       69        C        1       1
                bssCOMRAM                            59       59       10        1       1
                cinit                              E598     E598       32     72CC       0
                idataCOMRAM                        E45E     E45E        C     E45E       0

TOTAL           Name                               Link     Load   Length     Space
        CLASS   STACK          

        CLASS   CODE           
                init                                  0        0        4         0
                text37                             E47C     E47C       16         0
                text36                             E4D0     E4D0       26         0
                text35                             ED7C     ED7C       EE         0
                text34                             E71C     E71C       56         0
                text33                             E446     E446        C         0
                text32                             E6CA     E6CA       52         0
                text31                             E600     E600       42         0
                text30                             E492     E492       1E         0
                text29                             E452     E452        C         0
                text28                             F882     F882      5AE         0
                text27                             E5CA     E5CA       36         0
                text26                             E46A     E46A       12         0
                text25                             E4F6     E4F6       26         0
                text24                             E42C     E42C        8         0
                text23                             E434     E434        8         0
                text22                             E43C     E43C        A         0
                text21                             E7CC     E7CC       66         0
                text20                             E832     E832       7A         0
                text19                             E56C     E56C       2C         0
                text18                             EE6A     EE6A      12E         0
                text17                             EB1C     EB1C       BE         0
                text16                             E92E     E92E       8C         0
                text15                             F414     F414      21A         0
                text14                             EA62     EA62       BA         0
                text13                             E684     E684       46         0
                text12                             E542     E542       2A         0
                text11                             E8AC     E8AC       82         0
                text10                             E772     E772       5A         0
                text9                              E4B0     E4B0       20         0
                text8                              EBDA     EBDA       CE         0
                text7                              E642     E642       42         0
                text6                              ECA8     ECA8       D4         0
                text5                              EF98     EF98      136         0
                text4                              E9BA     E9BA       A8         0
                text3                              E51C     E51C       26         0
                text2                              F21A     F21A      1FA         0
                text1                              F62E     F62E      254         0
                text0                              F0CE     F0CE      14C         0
                cinit                              E598     E598       32         0
                idataCOMRAM                        E45E     E45E        C         0

        CLASS   CONST          

        CLASS   SMALLCONST     

        CLASS   MEDIUMCONST    
                mediumconst                        FE30     FE30      1D0         0

        CLASS   COMRAM         
                cstackCOMRAM                          1        1       58         1
                dataCOMRAM                           69       69        C         1
                bssCOMRAM                            59       59       10         1

        CLASS   ABS1           

        CLASS   BIGRAM         

        CLASS   RAM            

        CLASS   BANK0          

        CLASS   BANK1          

        CLASS   BANK2          

        CLASS   BANK3          

        CLASS   BANK4          

        CLASS   BANK5          

        CLASS   BANK6          

        CLASS   BANK7          

        CLASS   BANK8          

        CLASS   BANK9          

        CLASS   BANK10         

        CLASS   BANK11         

        CLASS   BANK12         

        CLASS   BANK13         

        CLASS   BANK14         

        CLASS   BANK15         

        CLASS   SFR            

        CLASS   FARRAM         

        CLASS   CONFIG         
                config                           300000   300000        E         0

        CLASS   IDLOC          
                idloc                            200000   200000        8         0

        CLASS   EEDATA         



SEGMENTS        Name                           Load    Length   Top    Selector   Space  Class

                reset_vec                      000000  000004  000004         0       0  CODE    
                cstackCOMRAM                   000001  000074  000075         1       1  COMRAM  
                text24                         00E42C  000008  00E434      7216       0  CODE    
                text23                         00E434  000008  00E43C      721A       0  CODE    
                text22                         00E43C  00000A  00E446      721E       0  CODE    
                text33                         00E446  00000C  00E452      7223       0  CODE    
                text29                         00E452  00000C  00E45E      7229       0  CODE    
                idataCOMRAM                    00E45E  00000C  00E46A      E45E       0  CODE    
                text26                         00E46A  000012  00E47C      7235       0  CODE    
                text37                         00E47C  000016  00E492      723E       0  CODE    
                text30                         00E492  00001E  00E4B0      7249       0  CODE    
                text9                          00E4B0  000020  00E4D0      7258       0  CODE    
                text36                         00E4D0  000026  00E4F6      7268       0  CODE    
                text25                         00E4F6  000026  00E51C      727B       0  CODE    
                text3                          00E51C  000026  00E542      728E       0  CODE    
                text12                         00E542  00002A  00E56C      72A1       0  CODE    
                text19                         00E56C  00002C  00E598      72B6       0  CODE    
                cinit                          00E598  000032  00E5CA      72CC       0  CODE    
                text27                         00E5CA  000036  00E600      72E5       0  CODE    
                text31                         00E600  000042  00E642      7300       0  CODE    
                text7                          00E642  000042  00E684      7321       0  CODE    
                text13                         00E684  000046  00E6CA      7342       0  CODE    
                text32                         00E6CA  000052  00E71C      7365       0  CODE    
                text34                         00E71C  000056  00E772      738E       0  CODE    
                text10                         00E772  00005A  00E7CC      73B9       0  CODE    
                text21                         00E7CC  000066  00E832      73E6       0  CODE    
                text20                         00E832  00007A  00E8AC      7419       0  CODE    
                text11                         00E8AC  000082  00E92E      7456       0  CODE    
                text16                         00E92E  00008C  00E9BA      7497       0  CODE    
                text4                          00E9BA  0000A8  00EA62      74DD       0  CODE    
                text14                         00EA62  0000BA  00EB1C      7531       0  CODE    
                text17                         00EB1C  0000BE  00EBDA      758E       0  CODE    
                text8                          00EBDA  0000CE  00ECA8      75ED       0  CODE    
                text6                          00ECA8  0000D4  00ED7C      7654       0  CODE    
                text35                         00ED7C  0000EE  00EE6A      76BE       0  CODE    
                text18                         00EE6A  00012E  00EF98      7735       0  CODE    
                text5                          00EF98  000136  00F0CE      77CC       0  CODE    
                text0                          00F0CE  00014C  00F21A      7867       0  CODE    
                text2                          00F21A  0001FA  00F414      790D       0  CODE    
                text15                         00F414  00021A  00F62E      7A0A       0  CODE    
                text1                          00F62E  000254  00F882      7B17       0  CODE    
                text28                         00F882  0005AE  00FE30      7C41       0  CODE    
                mediumconst                    00FE30  0001D0  010000      7F18       0  MEDIUMCO
                idloc                          200000  000008  200008    200000       0  IDLOC   
                config                         300000  00000E  30000E    300000       0  CONFIG  


UNUSED ADDRESS RANGES

        Name                Unused          Largest block    Delta
        BANK0            000080-0000FF               80
        BANK1            000100-0001FF              100
        BANK10           000A00-000AFF              100
        BANK11           000B00-000BFF              100
        BANK12           000C00-000CFF              100
        BANK13           000D00-000DFF              100
        BANK14           000E00-000EFF              100
        BANK15           000F00-000F7F               80
        BANK2            000200-0002FF              100
        BANK3            000300-0003FF              100
        BANK4            000400-0004FF              100
        BANK5            000500-0005FF              100
        BANK6            000600-0006FF              100
        BANK7            000700-0007FF              100
        BANK8            000800-0008FF              100
        BANK9            000900-0009FF              100
        BIGRAM           000075-000F7F              F0B
        CODE             000004-00E42B             E428
        COMRAM           000075-00007F                B
        CONST            000004-00E42B             E428
        EEDATA           F00000-F003FF              400
        MEDIUMCONST      001000-00E42B             D42C
        RAM              000080-000F7F              100
        SFR              000F80-000FFF               80
        SMALLCONST       001000-00E42B              100
        STACK            000080-000F7F              F00

                                  Symbol Table

?___lldiv                              cstackCOMRAM 000001
?___lwdiv                              cstackCOMRAM 000001
?___lwmod                              cstackCOMRAM 000008
?___wmul                               cstackCOMRAM 000001
?__doprnt                              cstackCOMRAM 00000D
?_atoi                                 cstackCOMRAM 000007
?_getCurrentTime                       cstackCOMRAM 00002B
?_printf                               cstackCOMRAM 00001F
?_sprintf                              cstackCOMRAM 00001F
EEPROM@i                               cstackCOMRAM 000054
EEPROM@screen_state                    cstackCOMRAM 000052
EEPROM@storage                         cstackCOMRAM 000045
EEPROM@temp                            cstackCOMRAM 000051
EEPROM@timeStorage                     cstackCOMRAM 000037
Eeprom_ReadByte@address                cstackCOMRAM 000007
Eeprom_WriteByte@address               cstackCOMRAM 000007
Eeprom_WriteByte@data                  cstackCOMRAM 000009
I2C_Master_Read@a                      cstackCOMRAM 000002
I2C_Master_Read@temp                   cstackCOMRAM 000003
I2C_Master_Write@d                     cstackCOMRAM 000002
_ACKDT                                 (abs)        007E2D
_ACKEN                                 (abs)        007E2C
_ADCON0                                (abs)        000FC2
_ADCON1                                (abs)        000FC1
_EEADR                                 (abs)        000FA9
_EEADRH                                (abs)        000FAA
_EECON1bits                            (abs)        000FA6
_EECON2                                (abs)        000FA7
_EEDATA                                (abs)        000FA8
_EEPROM                                text15       00F414
_Eeprom_ReadByte                       text37       00E47C
_Eeprom_WriteByte                      text3        00E51C
_I2C_Master_Read                       text25       00E4F6
_I2C_Master_Start                      text24       00E42C
_I2C_Master_Stop                       text23       00E434
_I2C_Master_Wait                       text26       00E46A
_I2C_Master_Write                      text22       00E43C
_INTCONbits                            (abs)        000FF2
_LATB                                  (abs)        000F8A
_LATC                                  (abs)        000F8B
_LATD                                  (abs)        000F8C
_LATDbits                              (abs)        000F8C
_LATE                                  (abs)        000F8D
_PEN                                   (abs)        007E2A
_PIR2bits                              (abs)        000FA1
_PORTAbits                             (abs)        000F80
_PORTB                                 (abs)        000F81
_PORTBbits                             (abs)        000F81
_PORTCbits                             (abs)        000F82
_RCEN                                  (abs)        007E2B
_RSEN                                  (abs)        007E29
_SEN                                   (abs)        007E28
_SSPADD                                (abs)        000FC8
_SSPBUF                                (abs)        000FC9
_SSPCON1                               (abs)        000FC6
_SSPCON2                               (abs)        000FC5
_SSPSTAT                               (abs)        000FC7
_TRISA                                 (abs)        000F92
_TRISB                                 (abs)        000F93
_TRISC                                 (abs)        000F94
_TRISC3                                (abs)        007CA3
_TRISC4                                (abs)        007CA4
_TRISD                                 (abs)        000F95
_TRISE                                 (abs)        000F96
__CFG_BOREN$SBORDIS                    (abs)        000000
__CFG_BORV$3                           (abs)        000000
__CFG_CCP2MX$PORTC                     (abs)        000000
__CFG_CP0$OFF                          (abs)        000000
__CFG_CP1$OFF                          (abs)        000000
__CFG_CP2$OFF                          (abs)        000000
__CFG_CP3$OFF                          (abs)        000000
__CFG_CPB$OFF                          (abs)        000000
__CFG_CPD$OFF                          (abs)        000000
__CFG_EBTR0$OFF                        (abs)        000000
__CFG_EBTR1$OFF                        (abs)        000000
__CFG_EBTR2$OFF                        (abs)        000000
__CFG_EBTR3$OFF                        (abs)        000000
__CFG_EBTRB$OFF                        (abs)        000000
__CFG_FCMEN$OFF                        (abs)        000000
__CFG_IESO$OFF                         (abs)        000000
__CFG_LPT1OSC$OFF                      (abs)        000000
__CFG_LVP$OFF                          (abs)        000000
__CFG_MCLRE$ON                         (abs)        000000
__CFG_OSC$HS                           (abs)        000000
__CFG_PBADEN$ON                        (abs)        000000
__CFG_PWRT$OFF                         (abs)        000000
__CFG_STVREN$ON                        (abs)        000000
__CFG_WDT$OFF                          (abs)        000000
__CFG_WDTPS$32768                      (abs)        000000
__CFG_WRT0$OFF                         (abs)        000000
__CFG_WRT1$OFF                         (abs)        000000
__CFG_WRT2$OFF                         (abs)        000000
__CFG_WRT3$OFF                         (abs)        000000
__CFG_WRTB$OFF                         (abs)        000000
__CFG_WRTC$OFF                         (abs)        000000
__CFG_WRTD$OFF                         (abs)        000000
__CFG_XINST$OFF                        (abs)        000000
__HRAM                                 (abs)        000000
__Habs1                                abs1         000000
__Hbank0                               bank0        000000
__Hbank1                               bank1        000000
__Hbank10                              bank10       000000
__Hbank11                              bank11       000000
__Hbank12                              bank12       000000
__Hbank13                              bank13       000000
__Hbank14                              bank14       000000
__Hbank15                              bank15       000000
__Hbank2                               bank2        000000
__Hbank3                               bank3        000000
__Hbank4                               bank4        000000
__Hbank5                               bank5        000000
__Hbank6                               bank6        000000
__Hbank7                               bank7        000000
__Hbank8                               bank8        000000
__Hbank9                               bank9        000000
__Hbigbss                              bigbss       000000
__Hbigdata                             bigdata      000000
__Hbigram                              bigram       000000
__Hbss                                 bss          000000
__HbssCOMRAM                           bssCOMRAM    000000
__Hcinit                               cinit        000000
__Hclrtext                             clrtext      000000
__Hcomram                              comram       000000
__Hconfig                              config       30000E
__Hconst                               const        000000
__HcstackCOMRAM                        cstackCOMRAM 000000
__Hdata                                data         000000
__HdataCOMRAM                          dataCOMRAM   000000
__Heeprom_data                         eeprom_data  000000
__Hfarbss                              farbss       000000
__Hfardata                             fardata      000000
__Hibigdata                            ibigdata     000000
__Hidata                               idata        000000
__HidataCOMRAM                         idataCOMRAM  000000
__Hidloc                               idloc        200008
__Hifardata                            ifardata     000000
__Hinit                                init         000004
__Hintcode                             intcode      000000
__Hintcode_body                        intcode_body 000000
__Hintcodelo                           intcodelo    000000
__Hintentry                            intentry     000000
__Hintret                              intret       000000
__Hintsave_regs                        intsave_regs 000000
__Hirdata                              irdata       000000
__Hmediumconst                         mediumconst  010000
__HnvFARRAM                            nvFARRAM     000000
__Hnvbit                               nvbit        000000
__Hnvrram                              nvrram       000000
__Hparam                               rparam       000000
__Hpowerup                             powerup      000000
__Hram                                 ram          000000
__Hramtop                              ramtop       001000
__Hrbit                                rbit         000000
__Hrbss                                rbss         000000
__Hrdata                               rdata        000000
__Hreset_vec                           reset_vec    000000
__Hrparam                              rparam       000000
__Hsfr                                 sfr          000000
__Hsmallconst                          smallconst   000000
__Hspace_0                             (abs)        30000E
__Hspace_1                             (abs)        000075
__Hspace_2                             (abs)        000000
__Hstack                               stack        000000
__Hstruct                              struct       000000
__Htemp                                temp         000000
__Htext                                text         000000
__Htext0                               text0        000000
__Htext1                               text1        000000
__Htext10                              text10       000000
__Htext11                              text11       000000
__Htext12                              text12       000000
__Htext13                              text13       000000
__Htext14                              text14       000000
__Htext15                              text15       000000
__Htext16                              text16       000000
__Htext17                              text17       000000
__Htext18                              text18       000000
__Htext19                              text19       000000
__Htext2                               text2        000000
__Htext20                              text20       000000
__Htext21                              text21       000000
__Htext22                              text22       000000
__Htext23                              text23       000000
__Htext24                              text24       000000
__Htext25                              text25       000000
__Htext26                              text26       000000
__Htext27                              text27       000000
__Htext28                              text28       000000
__Htext29                              text29       000000
__Htext3                               text3        000000
__Htext30                              text30       000000
__Htext31                              text31       000000
__Htext32                              text32       000000
__Htext33                              text33       000000
__Htext34                              text34       000000
__Htext35                              text35       000000
__Htext36                              text36       000000
__Htext37                              text37       000000
__Htext38                              text38       000000
__Htext4                               text4        000000
__Htext5                               text5        000000
__Htext6                               text6        000000
__Htext7                               text7        000000
__Htext8                               text8        000000
__Htext9                               text9        000000
__LRAM                                 (abs)        000001
__Labs1                                abs1         000000
__Lbank0                               bank0        000000
__Lbank1                               bank1        000000
__Lbank10                              bank10       000000
__Lbank11                              bank11       000000
__Lbank12                              bank12       000000
__Lbank13                              bank13       000000
__Lbank14                              bank14       000000
__Lbank15                              bank15       000000
__Lbank2                               bank2        000000
__Lbank3                               bank3        000000
__Lbank4                               bank4        000000
__Lbank5                               bank5        000000
__Lbank6                               bank6        000000
__Lbank7                               bank7        000000
__Lbank8                               bank8        000000
__Lbank9                               bank9        000000
__Lbigbss                              bigbss       000000
__Lbigdata                             bigdata      000000
__Lbigram                              bigram       000000
__Lbss                                 bss          000000
__LbssCOMRAM                           bssCOMRAM    000000
__Lcinit                               cinit        000000
__Lclrtext                             clrtext      000000
__Lcomram                              comram       000000
__Lconfig                              config       300000
__Lconst                               const        000000
__LcstackCOMRAM                        cstackCOMRAM 000000
__Ldata                                data         000000
__LdataCOMRAM                          dataCOMRAM   000000
__Leeprom_data                         eeprom_data  000000
__Lfarbss                              farbss       000000
__Lfardata                             fardata      000000
__Libigdata                            ibigdata     000000
__Lidata                               idata        000000
__LidataCOMRAM                         idataCOMRAM  000000
__Lidloc                               idloc        200000
__Lifardata                            ifardata     000000
__Linit                                init         000000
__Lintcode                             intcode      000000
__Lintcode_body                        intcode_body 000000
__Lintcodelo                           intcodelo    000000
__Lintentry                            intentry     000000
__Lintret                              intret       000000
__Lintsave_regs                        intsave_regs 000000
__Lirdata                              irdata       000000
__Lmediumconst                         mediumconst  00FE30
__LnvFARRAM                            nvFARRAM     000000
__Lnvbit                               nvbit        000000
__Lnvrram                              nvrram       000000
__Lparam                               rparam       000000
__Lpowerup                             powerup      000000
__Lram                                 ram          000000
__Lramtop                              ramtop       001000
__Lrbit                                rbit         000000
__Lrbss                                rbss         000000
__Lrdata                               rdata        000000
__Lreset_vec                           reset_vec    000000
__Lrparam                              rparam       000000
__Lsfr                                 sfr          000000
__Lsmallconst                          smallconst   000000
__Lspace_0                             (abs)        000000
__Lspace_1                             (abs)        000000
__Lspace_2                             (abs)        000000
__Lstack                               stack        000000
__Lstruct                              struct       000000
__Ltemp                                temp         000000
__Ltext                                text         000000
__Ltext0                               text0        000000
__Ltext1                               text1        000000
__Ltext10                              text10       000000
__Ltext11                              text11       000000
__Ltext12                              text12       000000
__Ltext13                              text13       000000
__Ltext14                              text14       000000
__Ltext15                              text15       000000
__Ltext16                              text16       000000
__Ltext17                              text17       000000
__Ltext18                              text18       000000
__Ltext19                              text19       000000
__Ltext2                               text2        000000
__Ltext20                              text20       000000
__Ltext21                              text21       000000
__Ltext22                              text22       000000
__Ltext23                              text23       000000
__Ltext24                              text24       000000
__Ltext25                              text25       000000
__Ltext26                              text26       000000
__Ltext27                              text27       000000
__Ltext28                              text28       000000
__Ltext29                              text29       000000
__Ltext3                               text3        000000
__Ltext30                              text30       000000
__Ltext31                              text31       000000
__Ltext32                              text32       000000
__Ltext33                              text33       000000
__Ltext34                              text34       000000
__Ltext35                              text35       000000
__Ltext36                              text36       000000
__Ltext37                              text37       000000
__Ltext38                              text38       000000
__Ltext4                               text4        000000
__Ltext5                               text5        000000
__Ltext6                               text6        000000
__Ltext7                               text7        000000
__Ltext8                               text8        000000
__Ltext9                               text9        000000
__S0                                   (abs)        30000E
__S1                                   (abs)        000075
__S2                                   (abs)        000000
___inthi_sp                            stack        000000
___intlo_sp                            stack        000000
___lldiv                               text11       00E8AC
___lldiv@counter                       cstackCOMRAM 00000D
___lldiv@dividend                      cstackCOMRAM 000001
___lldiv@divisor                       cstackCOMRAM 000005
___lldiv@quotient                      cstackCOMRAM 000009
___lwdiv                               text32       00E6CA
___lwdiv@counter                       cstackCOMRAM 000007
___lwdiv@dividend                      cstackCOMRAM 000001
___lwdiv@divisor                       cstackCOMRAM 000003
___lwdiv@quotient                      cstackCOMRAM 000005
___lwmod                               text31       00E600
___lwmod@counter                       cstackCOMRAM 00000C
___lwmod@dividend                      cstackCOMRAM 000008
___lwmod@divisor                       cstackCOMRAM 00000A
___param_bank                          (abs)        000000
___rparam_used                         (abs)        000001
___sp                                  stack        000000
___wmul                                text36       00E4D0
___wmul@multiplicand                   cstackCOMRAM 000003
___wmul@multiplier                     cstackCOMRAM 000001
___wmul@product                        cstackCOMRAM 000005
__accesstop                            (abs)        000080
__activetblptr                         (abs)        000003
__doprnt                               text28       00F882
__doprnt@ap                            cstackCOMRAM 000011
__doprnt@c                             cstackCOMRAM 00001E
__doprnt@f                             cstackCOMRAM 00000F
__doprnt@flag                          cstackCOMRAM 00001B
__doprnt@idx                           cstackCOMRAM 000017
__doprnt@pb                            cstackCOMRAM 00000D
__doprnt@prec                          cstackCOMRAM 000018
__doprnt@val                           cstackCOMRAM 000019
__doprnt@width                         cstackCOMRAM 00001C
__end_of_EEPROM                        text15       00F62E
__end_of_Eeprom_ReadByte               text37       00E492
__end_of_Eeprom_WriteByte              text3        00E542
__end_of_I2C_Master_Read               text25       00E51C
__end_of_I2C_Master_Start              text24       00E434
__end_of_I2C_Master_Stop               text23       00E43C
__end_of_I2C_Master_Wait               text26       00E47C
__end_of_I2C_Master_Write              text22       00E446
__end_of___lldiv                       text11       00E92E
__end_of___lwdiv                       text32       00E71C
__end_of___lwmod                       text31       00E642
__end_of___wmul                        text36       00E4F6
__end_of__doprnt                       text28       00FE30
__end_of__initialization               cinit        00E5C4
__end_of_atoi                          text8        00ECA8
__end_of_displayMainProgramLcdScreen   text14       00EB1C
__end_of_dpowers                       mediumconst  00FE4C
__end_of_getCurrentTime                text6        00ED7C
__end_of_getEEPROM                     text35       00EE6A
__end_of_getUserInput                  text20       00E8AC
__end_of_hexpowers                     mediumconst  00FE54
__end_of_initializeLCDScreen           text13       00E6CA
__end_of_initializePicPins             text12       00E56C
__end_of_initializePicSettings         text9        00E4D0
__end_of_initializeRTC                 text10       00E7CC
__end_of_isdigit                       text30       00E4B0
__end_of_keys                          mediumconst  00FE42
__end_of_lcdClear                      text19       00E598
__end_of_lcdInst                       text33       00E452
__end_of_lcdNibble                     text34       00E772
__end_of_main                          text0        00F21A
__end_of_moveBinServo                  text5        00F0CE
__end_of_operation                     text1        00F882
__end_of_past_run_access               text17       00EBDA
__end_of_printf                        text27       00E600
__end_of_pushBottle                    text4        00EA62
__end_of_putch                         text29       00E45E
__end_of_saveEEPROM                    text2        00F414
__end_of_sprintf                       text7        00E684
__end_of_updateCurrentTime             text21       00E832
__end_of_update_eeprom_screen_state    text16       00E9BA
__end_of_update_past_run_screen_state  text18       00EF98
__initialization                       cinit        00E598
__mediumconst                          mediumconst  00FE30
__pbssCOMRAM                           bssCOMRAM    000059
__pcinit                               cinit        00E598
__pcstackCOMRAM                        cstackCOMRAM 000001
__pdataCOMRAM                          dataCOMRAM   000069
__pidataCOMRAM                         idataCOMRAM  00E45E
__pmediumconst                         mediumconst  00FE30
__ptext0                               text0        00F0CE
__ptext1                               text1        00F62E
__ptext10                              text10       00E772
__ptext11                              text11       00E8AC
__ptext12                              text12       00E542
__ptext13                              text13       00E684
__ptext14                              text14       00EA62
__ptext15                              text15       00F414
__ptext16                              text16       00E92E
__ptext17                              text17       00EB1C
__ptext18                              text18       00EE6A
__ptext19                              text19       00E56C
__ptext2                               text2        00F21A
__ptext20                              text20       00E832
__ptext21                              text21       00E7CC
__ptext22                              text22       00E43C
__ptext23                              text23       00E434
__ptext24                              text24       00E42C
__ptext25                              text25       00E4F6
__ptext26                              text26       00E46A
__ptext27                              text27       00E5CA
__ptext28                              text28       00F882
__ptext29                              text29       00E452
__ptext3                               text3        00E51C
__ptext30                              text30       00E492
__ptext31                              text31       00E600
__ptext32                              text32       00E6CA
__ptext33                              text33       00E446
__ptext34                              text34       00E71C
__ptext35                              text35       00ED7C
__ptext36                              text36       00E4D0
__ptext37                              text37       00E47C
__ptext38                              text38       000000
__ptext4                               text4        00E9BA
__ptext5                               text5        00EF98
__ptext6                               text6        00ECA8
__ptext7                               text7        00E642
__ptext8                               text8        00EBDA
__ptext9                               text9        00E4B0
__ramtop                               ramtop       001000
__size_of_EEPROM                       (abs)        000000
__size_of_Eeprom_ReadByte              (abs)        000000
__size_of_Eeprom_WriteByte             (abs)        000000
__size_of_I2C_Master_Read              (abs)        000000
__size_of_I2C_Master_Start             (abs)        000000
__size_of_I2C_Master_Stop              (abs)        000000
__size_of_I2C_Master_Wait              (abs)        000000
__size_of_I2C_Master_Write             (abs)        000000
__size_of___lldiv                      (abs)        000000
__size_of___lwdiv                      (abs)        000000
__size_of___lwmod                      (abs)        000000
__size_of___wmul                       (abs)        000000
__size_of__doprnt                      (abs)        000000
__size_of_atoi                         (abs)        000000
__size_of_displayMainProgramLcdScreen  (abs)        000000
__size_of_getCurrentTime               (abs)        000000
__size_of_getEEPROM                    (abs)        000000
__size_of_getUserInput                 (abs)        000000
__size_of_initializeLCDScreen          (abs)        000000
__size_of_initializePicPins            (abs)        000000
__size_of_initializePicSettings        (abs)        000000
__size_of_initializeRTC                (abs)        000000
__size_of_isdigit                      (abs)        000000
__size_of_lcdClear                     (abs)        000000
__size_of_lcdInst                      (abs)        000000
__size_of_lcdNibble                    (abs)        000000
__size_of_main                         (abs)        000000
__size_of_moveBinServo                 (abs)        000000
__size_of_operation                    (abs)        000000
__size_of_past_run_access              (abs)        000000
__size_of_printf                       (abs)        000000
__size_of_pushBottle                   (abs)        000000
__size_of_putch                        (abs)        000000
__size_of_saveEEPROM                   (abs)        000000
__size_of_sprintf                      (abs)        000000
__size_of_updateCurrentTime            (abs)        000000
__size_of_update_eeprom_screen_state   (abs)        000000
__size_of_update_past_run_screen_state (abs)        000000
__smallconst                           smallconst   000000
_atoi                                  text8        00EBDA
_displayMainProgramLcdScreen           text14       00EA62
_dpowers                               mediumconst  00FE42
_getCurrentTime                        text6        00ECA8
_getCurrentTime$1352                   cstackCOMRAM 00002F
_getEEPROM                             text35       00ED7C
_getUserInput                          text20       00E832
_hexpowers                             mediumconst  00FE4C
_initScreenState                       bssCOMRAM    000067
_initializeLCDScreen                   text13       00E684
_initializePicPins                     text12       00E542
_initializePicSettings                 text9        00E4B0
_initializeRTC                         text10       00E772
_isdigit                               text30       00E492
_isdigit$982                           cstackCOMRAM 000002
_keys                                  mediumconst  00FE31
_lastRunTime                           bssCOMRAM    000059
_lcdClear                              text19       00E56C
_lcdInst                               text33       00E446
_lcdNibble                             text34       00E71C
_main                                  text0        00F0CE
_moveBinServo                          text5        00EF98
_nRBPU                                 (abs)        007F8F
_operation                             text1        00F62E
_past_run_access                       text17       00EB1C
_printf                                text27       00E5CA
_pushBottle                            text4        00E9BA
_putch                                 text29       00E452
_runInfo                               dataCOMRAM   000069
_saveEEPROM                            text2        00F21A
_sprintf                               text7        00E642
_time                                  bssCOMRAM    000060
_updateCurrentTime                     text21       00E7CC
_update_eeprom_screen_state            text16       00E92E
_update_past_run_screen_state          text18       00EE6A
atoi@a                                 cstackCOMRAM 00000C
atoi@s                                 cstackCOMRAM 000007
atoi@sign                              cstackCOMRAM 00000B
displayMainProgramLcdScreen@num        cstackCOMRAM 00002D
end_of_initialization                  cinit        00E5C4
getCurrentTime@currentTime             cstackCOMRAM 00002D
getCurrentTime@str                     cstackCOMRAM 000031
getEEPROM@i                            cstackCOMRAM 00000F
getEEPROM@num                          cstackCOMRAM 000009
getUserInput@keypress                  cstackCOMRAM 00002F
initializeRTC@c                        cstackCOMRAM 00000E
intlevel0                              text         000000
intlevel1                              text         000000
intlevel2                              text         000000
intlevel3                              text         000000
isdigit@c                              cstackCOMRAM 000003
lcdInst@data                           cstackCOMRAM 000003
lcdNibble@data                         cstackCOMRAM 000002
lcdNibble@temp                         cstackCOMRAM 000001
main@temp                              cstackCOMRAM 000058
moveBinServo@i                         cstackCOMRAM 000005
moveBinServo@num                       cstackCOMRAM 000001
operation@bottle                       cstackCOMRAM 00003E
operation@bottle_cap                   cstackCOMRAM 00003C
operation@bottle_type                  cstackCOMRAM 00003A
operation@endingTime                   cstackCOMRAM 000037
operation@i                            cstackCOMRAM 000040
operation@startingTime                 cstackCOMRAM 000035
operation@temp                         cstackCOMRAM 000039
past_run_access@screen_state           cstackCOMRAM 000033
past_run_access@temp                   cstackCOMRAM 000032
printf@ap                              cstackCOMRAM 000027
printf@f                               cstackCOMRAM 00001F
printf@pb                              cstackCOMRAM 000029
pushBottle@i                           cstackCOMRAM 000003
putch@data                             cstackCOMRAM 000003
saveEEPROM@i                           cstackCOMRAM 00000D
saveEEPROM@temp                        cstackCOMRAM 00000B
sprintf@ap                             cstackCOMRAM 000025
sprintf@f                              cstackCOMRAM 000021
sprintf@pb                             cstackCOMRAM 000027
sprintf@wh                             cstackCOMRAM 00001F
stackhi                                (abs)        000F7F
stacklo                                (abs)        000080
start                                  init         000000
start_initialization                   cinit        00E598
updateCurrentTime@i                    cstackCOMRAM 000004
update_eeprom_screen_state@num         cstackCOMRAM 00002D
update_past_run_screen_state@num       cstackCOMRAM 00002D


FUNCTION INFORMATION:

 *************** function _main *****************
 Defined at:
		line 31 in file "main.c"
 Parameters:    Size  Location     Type
		None
 Auto vars:     Size  Location     Type
  temp            1   87[COMRAM] unsigned char 
 Return value:  Size  Location     Type
                  1    wreg      void 
 Registers used:
		wreg, fsr1l, fsr1h, fsr2l, fsr2h, status,2, status,0, pclath, tosl, tblptrl, tblptrh, tblptru, prodl, prodh, cstack
 Tracked objects:
		On entry : 
		On exit  : 
		Unchanged: 
 Data sizes:     COMRAM   BANK0   BANK1   BANK2   BANK3   BANK4   BANK5   BANK6   BANK7   BANK8   BANK9  BANK10  BANK11  BANK12  BANK13  BANK14  BANK15
      Params:         0       0       0       0       0       0       0       0       0       0       0       0       0       0       0       0       0
      Locals:         1       0       0       0       0       0       0       0       0       0       0       0       0       0       0       0       0
      Temps:          2       0       0       0       0       0       0       0       0       0       0       0       0       0       0       0       0
      Totals:         3       0       0       0       0       0       0       0       0       0       0       0       0       0       0       0       0
Total ram usage:        3 bytes
 Hardware stack levels required when called:    8
 This function calls:
		_EEPROM
		_displayMainProgramLcdScreen
		_getUserInput
		_initializePicSettings
		_moveBinServo
		_operation
		_past_run_access
 This function is called by:
		Startup code after reset
 This function uses a non-reentrant model


 *************** function _operation *****************
 Defined at:
		line 248 in file "main.c"
 Parameters:    Size  Location     Type
		None
 Auto vars:     Size  Location     Type
  bottle          2   61[COMRAM] int 
  temp            1   56[COMRAM] unsigned char 
  i               2   63[COMRAM] int 
  bottle_cap      2   59[COMRAM] int 
  bottle_type     2   57[COMRAM] int 
  endingTime      2   54[COMRAM] int 
  startingTime    2   52[COMRAM] int 
 Return value:  Size  Location     Type
                  1    wreg      void 
 Registers used:
		wreg, fsr1l, fsr1h, fsr2l, fsr2h, status,2, status,0, pclath, tosl, tblptrl, tblptrh, tblptru, prodl, prodh, cstack
 Tracked objects:
		On entry : 
		On exit  : 
		Unchanged: 
 Data sizes:     COMRAM   BANK0   BANK1   BANK2   BANK3   BANK4   BANK5   BANK6   BANK7   BANK8   BANK9  BANK10  BANK11  BANK12  BANK13  BANK14  BANK15
      Params:         0       0       0       0       0       0       0       0       0       0       0       0       0       0       0       0       0
      Locals:        13       0       0       0       0       0       0       0       0       0       0       0       0       0       0       0       0
      Temps:          2       0       0       0       0       0       0       0       0       0       0       0       0       0       0       0       0
      Totals:        15       0       0       0       0       0       0       0       0       0       0       0       0       0       0       0       0
Total ram usage:       15 bytes
 Hardware stack levels used:    1
 Hardware stack levels required when called:    5
 This function calls:
		_getCurrentTime
		_getUserInput
		_lcdClear
		_lcdInst
		_moveBinServo
		_printf
		_pushBottle
		_saveEEPROM
		_updateCurrentTime
 This function is called by:
		_main
 This function uses a non-reentrant model


 *************** function _saveEEPROM *****************
 Defined at:
		line 428 in file "main.c"
 Parameters:    Size  Location     Type
		None
 Auto vars:     Size  Location     Type
  i               2   12[COMRAM] int 
  temp            2   10[COMRAM] int 
 Return value:  Size  Location     Type
                  1    wreg      void 
 Registers used:
		wreg, fsr2l, fsr2h, status,2, status,0, prodl, prodh, cstack
 Tracked objects:
		On entry : 
		On exit  : 
		Unchanged: 
 Data sizes:     COMRAM   BANK0   BANK1   BANK2   BANK3   BANK4   BANK5   BANK6   BANK7   BANK8   BANK9  BANK10  BANK11  BANK12  BANK13  BANK14  BANK15
      Params:         0       0       0       0       0       0       0       0       0       0       0       0       0       0       0       0       0
      Locals:         4       0       0       0       0       0       0       0       0       0       0       0       0       0       0       0       0
      Temps:          1       0       0       0       0       0       0       0       0       0       0       0       0       0       0       0       0
      Totals:         5       0       0       0       0       0       0       0       0       0       0       0       0       0       0       0       0
Total ram usage:        5 bytes
 Hardware stack levels used:    1
 Hardware stack levels required when called:    1
 This function calls:
		_Eeprom_ReadByte
		_Eeprom_WriteByte
		___wmul
 This function is called by:
		_operation
 This function uses a non-reentrant model


 *************** function _Eeprom_WriteByte *****************
 Defined at:
		line 517 in file "main.c"
 Parameters:    Size  Location     Type
  address         2    6[COMRAM] unsigned int 
  data            1    8[COMRAM] unsigned char 
 Auto vars:     Size  Location     Type
		None
 Return value:  Size  Location     Type
                  1    wreg      void 
 Registers used:
		wreg, status,2
 Tracked objects:
		On entry : 
		On exit  : 
		Unchanged: 
 Data sizes:     COMRAM   BANK0   BANK1   BANK2   BANK3   BANK4   BANK5   BANK6   BANK7   BANK8   BANK9  BANK10  BANK11  BANK12  BANK13  BANK14  BANK15
      Params:         3       0       0       0       0       0       0       0       0       0       0       0       0       0       0       0       0
      Locals:         0       0       0       0       0       0       0       0       0       0       0       0       0       0       0       0       0
      Temps:          0       0       0       0       0       0       0       0       0       0       0       0       0       0       0       0       0
      Totals:         3       0       0       0       0       0       0       0       0       0       0       0       0       0       0       0       0
Total ram usage:        3 bytes
 Hardware stack levels used:    1
 This function calls:
		Nothing
 This function is called by:
		_saveEEPROM
 This function uses a non-reentrant model


 *************** function _pushBottle *****************
 Defined at:
		line 401 in file "main.c"
 Parameters:    Size  Location     Type
		None
 Auto vars:     Size  Location     Type
  i               2    2[COMRAM] unsigned int 
 Return value:  Size  Location     Type
                  1    wreg      void 
 Registers used:
		wreg, status,2, status,0
 Tracked objects:
		On entry : 
		On exit  : 
		Unchanged: 
 Data sizes:     COMRAM   BANK0   BANK1   BANK2   BANK3   BANK4   BANK5   BANK6   BANK7   BANK8   BANK9  BANK10  BANK11  BANK12  BANK13  BANK14  BANK15
      Params:         0       0       0       0       0       0       0       0       0       0       0       0       0       0       0       0       0
      Locals:         2       0       0       0       0       0       0       0       0       0       0       0       0       0       0       0       0
      Temps:          2       0       0       0       0       0       0       0       0       0       0       0       0       0       0       0       0
      Totals:         4       0       0       0       0       0       0       0       0       0       0       0       0       0       0       0       0
Total ram usage:        4 bytes
 Hardware stack levels used:    1
 This function calls:
		Nothing
 This function is called by:
		_operation
 This function uses a non-reentrant model


 *************** function _moveBinServo *****************
 Defined at:
		line 358 in file "main.c"
 Parameters:    Size  Location     Type
  num             2    0[COMRAM] int 
 Auto vars:     Size  Location     Type
  i               2    4[COMRAM] unsigned int 
 Return value:  Size  Location     Type
                  1    wreg      void 
 Registers used:
		wreg, status,2, status,0
 Tracked objects:
		On entry : 
		On exit  : 
		Unchanged: 
 Data sizes:     COMRAM   BANK0   BANK1   BANK2   BANK3   BANK4   BANK5   BANK6   BANK7   BANK8   BANK9  BANK10  BANK11  BANK12  BANK13  BANK14  BANK15
      Params:         2       0       0       0       0       0       0       0       0       0       0       0       0       0       0       0       0
      Locals:         2       0       0       0       0       0       0       0       0       0       0       0       0       0       0       0       0
      Temps:          2       0       0       0       0       0       0       0       0       0       0       0       0       0       0       0       0
      Totals:         6       0       0       0       0       0       0       0       0       0       0       0       0       0       0       0       0
Total ram usage:        6 bytes
 Hardware stack levels used:    1
 This function calls:
		Nothing
 This function is called by:
		_main
		_operation
 This function uses a non-reentrant model


 *************** function _getCurrentTime *****************
 Defined at:
		line 145 in file "main.c"
 Parameters:    Size  Location     Type
		None
 Auto vars:     Size  Location     Type
  str             2   48[COMRAM] unsigned char [2]
  currentTime     2   44[COMRAM] int 
 Return value:  Size  Location     Type
                  2   42[COMRAM] int 
 Registers used:
		wreg, fsr2l, fsr2h, status,2, status,0, pclath, tosl, tblptrl, tblptrh, tblptru, prodl, prodh, cstack
 Tracked objects:
		On entry : 
		On exit  : 
		Unchanged: 
 Data sizes:     COMRAM   BANK0   BANK1   BANK2   BANK3   BANK4   BANK5   BANK6   BANK7   BANK8   BANK9  BANK10  BANK11  BANK12  BANK13  BANK14  BANK15
      Params:         2       0       0       0       0       0       0       0       0       0       0       0       0       0       0       0       0
      Locals:         6       0       0       0       0       0       0       0       0       0       0       0       0       0       0       0       0
      Temps:          0       0       0       0       0       0       0       0       0       0       0       0       0       0       0       0       0
      Totals:         8       0       0       0       0       0       0       0       0       0       0       0       0       0       0       0       0
Total ram usage:        8 bytes
 Hardware stack levels used:    1
 Hardware stack levels required when called:    4
 This function calls:
		___wmul
		_atoi
		_sprintf
 This function is called by:
		_operation
 This function uses a non-reentrant model


 *************** function _sprintf *****************
 Defined at:
		line 13 in file "C:\Program Files (x86)\Microchip\xc8\v1.40\sources\common\sprintf.c"
 Parameters:    Size  Location     Type
  wh              2   30[COMRAM] PTR unsigned char 
		 -> getCurrentTime@str(2), 
  f               2   32[COMRAM] PTR const unsigned char 
		 -> STR_5(5), STR_4(5), STR_3(5), 
 Auto vars:     Size  Location     Type
  pb              4   38[COMRAM] struct __prbuf
  ap              2   36[COMRAM] PTR void [1]
		 -> ?_sprintf(2), ?_printf(2), 
 Return value:  Size  Location     Type
                  2   30[COMRAM] int 
 Registers used:
		wreg, fsr2l, fsr2h, status,2, status,0, pclath, tosl, tblptrl, tblptrh, tblptru, prodl, prodh, cstack
 Tracked objects:
		On entry : 
		On exit  : 
		Unchanged: 
 Data sizes:     COMRAM   BANK0   BANK1   BANK2   BANK3   BANK4   BANK5   BANK6   BANK7   BANK8   BANK9  BANK10  BANK11  BANK12  BANK13  BANK14  BANK15
      Params:         6       0       0       0       0       0       0       0       0       0       0       0       0       0       0       0       0
      Locals:         6       0       0       0       0       0       0       0       0       0       0       0       0       0       0       0       0
      Temps:          0       0       0       0       0       0       0       0       0       0       0       0       0       0       0       0       0
      Totals:        12       0       0       0       0       0       0       0       0       0       0       0       0       0       0       0       0
Total ram usage:       12 bytes
 Hardware stack levels used:    1
 Hardware stack levels required when called:    3
 This function calls:
		__doprnt
 This function is called by:
		_getCurrentTime
 This function uses a non-reentrant model


 *************** function _atoi *****************
 Defined at:
		line 5 in file "C:\Program Files (x86)\Microchip\xc8\v1.40\sources\common\atoi.c"
 Parameters:    Size  Location     Type
  s               2    6[COMRAM] PTR const unsigned char 
		 -> getCurrentTime@str(2), 
 Auto vars:     Size  Location     Type
  a               2   11[COMRAM] int 
  sign            1   10[COMRAM] unsigned char 
 Return value:  Size  Location     Type
                  2    6[COMRAM] int 
 Registers used:
		wreg, fsr2l, fsr2h, status,2, status,0, prodl, prodh, cstack
 Tracked objects:
		On entry : 
		On exit  : 
		Unchanged: 
 Data sizes:     COMRAM   BANK0   BANK1   BANK2   BANK3   BANK4   BANK5   BANK6   BANK7   BANK8   BANK9  BANK10  BANK11  BANK12  BANK13  BANK14  BANK15
      Params:         2       0       0       0       0       0       0       0       0       0       0       0       0       0       0       0       0
      Locals:         3       0       0       0       0       0       0       0       0       0       0       0       0       0       0       0       0
      Temps:          2       0       0       0       0       0       0       0       0       0       0       0       0       0       0       0       0
      Totals:         7       0       0       0       0       0       0       0       0       0       0       0       0       0       0       0       0
Total ram usage:        7 bytes
 Hardware stack levels used:    1
 Hardware stack levels required when called:    1
 This function calls:
		___wmul
		_isdigit
 This function is called by:
		_getCurrentTime
 This function uses a non-reentrant model


 *************** function _initializePicSettings *****************
 Defined at:
		line 74 in file "main.c"
 Parameters:    Size  Location     Type
		None
 Auto vars:     Size  Location     Type
		None
 Return value:  Size  Location     Type
                  1    wreg      void 
 Registers used:
		wreg, status,2, status,0, cstack
 Tracked objects:
		On entry : 
		On exit  : 
		Unchanged: 
 Data sizes:     COMRAM   BANK0   BANK1   BANK2   BANK3   BANK4   BANK5   BANK6   BANK7   BANK8   BANK9  BANK10  BANK11  BANK12  BANK13  BANK14  BANK15
      Params:         0       0       0       0       0       0       0       0       0       0       0       0       0       0       0       0       0
      Locals:         0       0       0       0       0       0       0       0       0       0       0       0       0       0       0       0       0
      Temps:          0       0       0       0       0       0       0       0       0       0       0       0       0       0       0       0       0
      Totals:         0       0       0       0       0       0       0       0       0       0       0       0       0       0       0       0       0
Total ram usage:        0 bytes
 Hardware stack levels used:    1
 Hardware stack levels required when called:    3
 This function calls:
		_initializeLCDScreen
		_initializePicPins
		_initializeRTC
 This function is called by:
		_main
 This function uses a non-reentrant model


 *************** function _initializeRTC *****************
 Defined at:
		line 13 in file "I2C.c"
 Parameters:    Size  Location     Type
  c               4   13[COMRAM] const unsigned long 
 Auto vars:     Size  Location     Type
		None
 Return value:  Size  Location     Type
                  1    wreg      void 
 Registers used:
		wreg, status,2, status,0, cstack
 Tracked objects:
		On entry : 
		On exit  : 
		Unchanged: 
 Data sizes:     COMRAM   BANK0   BANK1   BANK2   BANK3   BANK4   BANK5   BANK6   BANK7   BANK8   BANK9  BANK10  BANK11  BANK12  BANK13  BANK14  BANK15
      Params:         4       0       0       0       0       0       0       0       0       0       0       0       0       0       0       0       0
      Locals:         0       0       0       0       0       0       0       0       0       0       0       0       0       0       0       0       0
      Temps:          4       0       0       0       0       0       0       0       0       0       0       0       0       0       0       0       0
      Totals:         8       0       0       0       0       0       0       0       0       0       0       0       0       0       0       0       0
Total ram usage:        8 bytes
 Hardware stack levels used:    1
 Hardware stack levels required when called:    1
 This function calls:
		___lldiv
 This function is called by:
		_initializePicSettings
 This function uses a non-reentrant model


 *************** function ___lldiv *****************
 Defined at:
		line 8 in file "C:\Program Files (x86)\Microchip\xc8\v1.40\sources\common\lldiv.c"
 Parameters:    Size  Location     Type
  dividend        4    0[COMRAM] unsigned long 
  divisor         4    4[COMRAM] unsigned long 
 Auto vars:     Size  Location     Type
  quotient        4    8[COMRAM] unsigned long 
  counter         1   12[COMRAM] unsigned char 
 Return value:  Size  Location     Type
                  4    0[COMRAM] unsigned long 
 Registers used:
		wreg, status,2, status,0
 Tracked objects:
		On entry : 
		On exit  : 
		Unchanged: 
 Data sizes:     COMRAM   BANK0   BANK1   BANK2   BANK3   BANK4   BANK5   BANK6   BANK7   BANK8   BANK9  BANK10  BANK11  BANK12  BANK13  BANK14  BANK15
      Params:         8       0       0       0       0       0       0       0       0       0       0       0       0       0       0       0       0
      Locals:         5       0       0       0       0       0       0       0       0       0       0       0       0       0       0       0       0
      Temps:          0       0       0       0       0       0       0       0       0       0       0       0       0       0       0       0       0
      Totals:        13       0       0       0       0       0       0       0       0       0       0       0       0       0       0       0       0
Total ram usage:       13 bytes
 Hardware stack levels used:    1
 This function calls:
		Nothing
 This function is called by:
		_initializeRTC
 This function uses a non-reentrant model


 *************** function _initializePicPins *****************
 Defined at:
		line 84 in file "main.c"
 Parameters:    Size  Location     Type
		None
 Auto vars:     Size  Location     Type
		None
 Return value:  Size  Location     Type
                  1    wreg      void 
 Registers used:
		wreg, status,2
 Tracked objects:
		On entry : 
		On exit  : 
		Unchanged: 
 Data sizes:     COMRAM   BANK0   BANK1   BANK2   BANK3   BANK4   BANK5   BANK6   BANK7   BANK8   BANK9  BANK10  BANK11  BANK12  BANK13  BANK14  BANK15
      Params:         0       0       0       0       0       0       0       0       0       0       0       0       0       0       0       0       0
      Locals:         0       0       0       0       0       0       0       0       0       0       0       0       0       0       0       0       0
      Temps:          0       0       0       0       0       0       0       0       0       0       0       0       0       0       0       0       0
      Totals:         0       0       0       0       0       0       0       0       0       0       0       0       0       0       0       0       0
Total ram usage:        0 bytes
 Hardware stack levels used:    1
 This function calls:
		Nothing
 This function is called by:
		_initializePicSettings
 This function uses a non-reentrant model


 *************** function _initializeLCDScreen *****************
 Defined at:
		line 14 in file "lcd.c"
 Parameters:    Size  Location     Type
		None
 Auto vars:     Size  Location     Type
		None
 Return value:  Size  Location     Type
                  1    wreg      void 
 Registers used:
		wreg, status,2, status,0, cstack
 Tracked objects:
		On entry : 
		On exit  : 
		Unchanged: 
 Data sizes:     COMRAM   BANK0   BANK1   BANK2   BANK3   BANK4   BANK5   BANK6   BANK7   BANK8   BANK9  BANK10  BANK11  BANK12  BANK13  BANK14  BANK15
      Params:         0       0       0       0       0       0       0       0       0       0       0       0       0       0       0       0       0
      Locals:         0       0       0       0       0       0       0       0       0       0       0       0       0       0       0       0       0
      Temps:          1       0       0       0       0       0       0       0       0       0       0       0       0       0       0       0       0
      Totals:         1       0       0       0       0       0       0       0       0       0       0       0       0       0       0       0       0
Total ram usage:        1 bytes
 Hardware stack levels used:    1
 Hardware stack levels required when called:    2
 This function calls:
		_lcdInst
 This function is called by:
		_initializePicSettings
 This function uses a non-reentrant model


 *************** function _displayMainProgramLcdScreen *****************
 Defined at:
		line 158 in file "main.c"
 Parameters:    Size  Location     Type
  num             2   44[COMRAM] int 
 Auto vars:     Size  Location     Type
		None
 Return value:  Size  Location     Type
                  1    wreg      void 
 Registers used:
		wreg, fsr2l, fsr2h, status,2, status,0, pclath, tosl, tblptrl, tblptrh, tblptru, prodl, prodh, cstack
 Tracked objects:
		On entry : 
		On exit  : 
		Unchanged: 
 Data sizes:     COMRAM   BANK0   BANK1   BANK2   BANK3   BANK4   BANK5   BANK6   BANK7   BANK8   BANK9  BANK10  BANK11  BANK12  BANK13  BANK14  BANK15
      Params:         2       0       0       0       0       0       0       0       0       0       0       0       0       0       0       0       0
      Locals:         0       0       0       0       0       0       0       0       0       0       0       0       0       0       0       0       0
      Temps:          2       0       0       0       0       0       0       0       0       0       0       0       0       0       0       0       0
      Totals:         4       0       0       0       0       0       0       0       0       0       0       0       0       0       0       0       0
Total ram usage:        4 bytes
 Hardware stack levels used:    1
 Hardware stack levels required when called:    5
 This function calls:
		_lcdClear
		_lcdInst
		_printf
		_updateCurrentTime
 This function is called by:
		_main
 This function uses a non-reentrant model


 *************** function _EEPROM *****************
 Defined at:
		line 315 in file "main.c"
 Parameters:    Size  Location     Type
		None
 Auto vars:     Size  Location     Type
  timeStorage    14   54[COMRAM] int [7]
  storage        12   68[COMRAM] int [6]
  i               2   83[COMRAM] int 
  temp            1   80[COMRAM] unsigned char 
  screen_state    2   81[COMRAM] int 
 Return value:  Size  Location     Type
                  1    wreg      void 
 Registers used:
		wreg, fsr1l, fsr1h, fsr2l, fsr2h, status,2, status,0, pclath, tosl, tblptrl, tblptrh, tblptru, prodl, prodh, cstack
 Tracked objects:
		On entry : 
		On exit  : 
		Unchanged: 
 Data sizes:     COMRAM   BANK0   BANK1   BANK2   BANK3   BANK4   BANK5   BANK6   BANK7   BANK8   BANK9  BANK10  BANK11  BANK12  BANK13  BANK14  BANK15
      Params:         0       0       0       0       0       0       0       0       0       0       0       0       0       0       0       0       0
      Locals:        31       0       0       0       0       0       0       0       0       0       0       0       0       0       0       0       0
      Temps:          2       0       0       0       0       0       0       0       0       0       0       0       0       0       0       0       0
      Totals:        33       0       0       0       0       0       0       0       0       0       0       0       0       0       0       0       0
Total ram usage:       33 bytes
 Hardware stack levels used:    1
 Hardware stack levels required when called:    7
 This function calls:
		_getEEPROM
		_getUserInput
		_past_run_access
		_update_eeprom_screen_state
 This function is called by:
		_main
 This function uses a non-reentrant model


 *************** function _update_eeprom_screen_state *****************
 Defined at:
		line 185 in file "main.c"
 Parameters:    Size  Location     Type
  num             2   44[COMRAM] int 
 Auto vars:     Size  Location     Type
		None
 Return value:  Size  Location     Type
                  1    wreg      void 
 Registers used:
		wreg, fsr2l, fsr2h, status,2, status,0, pclath, tosl, tblptrl, tblptrh, tblptru, prodl, prodh, cstack
 Tracked objects:
		On entry : 
		On exit  : 
		Unchanged: 
 Data sizes:     COMRAM   BANK0   BANK1   BANK2   BANK3   BANK4   BANK5   BANK6   BANK7   BANK8   BANK9  BANK10  BANK11  BANK12  BANK13  BANK14  BANK15
      Params:         2       0       0       0       0       0       0       0       0       0       0       0       0       0       0       0       0
      Locals:         0       0       0       0       0       0       0       0       0       0       0       0       0       0       0       0       0
      Temps:          2       0       0       0       0       0       0       0       0       0       0       0       0       0       0       0       0
      Totals:         4       0       0       0       0       0       0       0       0       0       0       0       0       0       0       0       0
Total ram usage:        4 bytes
 Hardware stack levels used:    1
 Hardware stack levels required when called:    5
 This function calls:
		_lcdClear
		_lcdInst
		_printf
 This function is called by:
		_EEPROM
 This function uses a non-reentrant model


 *************** function _past_run_access *****************
 Defined at:
		line 463 in file "main.c"
 Parameters:    Size  Location     Type
		None
 Auto vars:     Size  Location     Type
  temp            1   49[COMRAM] unsigned char 
  screen_state    2   50[COMRAM] int 
 Return value:  Size  Location     Type
                  1    wreg      void 
 Registers used:
		wreg, fsr2l, fsr2h, status,2, status,0, pclath, tosl, tblptrl, tblptrh, tblptru, prodl, prodh, cstack
 Tracked objects:
		On entry : 
		On exit  : 
		Unchanged: 
 Data sizes:     COMRAM   BANK0   BANK1   BANK2   BANK3   BANK4   BANK5   BANK6   BANK7   BANK8   BANK9  BANK10  BANK11  BANK12  BANK13  BANK14  BANK15
      Params:         0       0       0       0       0       0       0       0       0       0       0       0       0       0       0       0       0
      Locals:         3       0       0       0       0       0       0       0       0       0       0       0       0       0       0       0       0
      Temps:          1       0       0       0       0       0       0       0       0       0       0       0       0       0       0       0       0
      Totals:         4       0       0       0       0       0       0       0       0       0       0       0       0       0       0       0       0
Total ram usage:        4 bytes
 Hardware stack levels used:    1
 Hardware stack levels required when called:    6
 This function calls:
		_getUserInput
		_update_past_run_screen_state
 This function is called by:
		_main
		_EEPROM
 This function uses a non-reentrant model


 *************** function _update_past_run_screen_state *****************
 Defined at:
		line 210 in file "main.c"
 Parameters:    Size  Location     Type
  num             2   44[COMRAM] int 
 Auto vars:     Size  Location     Type
		None
 Return value:  Size  Location     Type
                  1    wreg      void 
 Registers used:
		wreg, fsr2l, fsr2h, status,2, status,0, pclath, tosl, tblptrl, tblptrh, tblptru, prodl, prodh, cstack
 Tracked objects:
		On entry : 
		On exit  : 
		Unchanged: 
 Data sizes:     COMRAM   BANK0   BANK1   BANK2   BANK3   BANK4   BANK5   BANK6   BANK7   BANK8   BANK9  BANK10  BANK11  BANK12  BANK13  BANK14  BANK15
      Params:         2       0       0       0       0       0       0       0       0       0       0       0       0       0       0       0       0
      Locals:         0       0       0       0       0       0       0       0       0       0       0       0       0       0       0       0       0
      Temps:          2       0       0       0       0       0       0       0       0       0       0       0       0       0       0       0       0
      Totals:         4       0       0       0       0       0       0       0       0       0       0       0       0       0       0       0       0
Total ram usage:        4 bytes
 Hardware stack levels used:    1
 Hardware stack levels required when called:    5
 This function calls:
		_lcdClear
		_lcdInst
		_printf
 This function is called by:
		_past_run_access
 This function uses a non-reentrant model


 *************** function _lcdClear *****************
 Defined at:
		line 35 in file "lcd.c"
 Parameters:    Size  Location     Type
		None
 Auto vars:     Size  Location     Type
		None
[...]
		_getUserInput
		_displayMainProgramLcdScreen
		_update_eeprom_screen_state
		_update_past_run_screen_state
		_operation
		_lcdClear
 This function uses a non-reentrant model


 *************** function __doprnt *****************
 Defined at:
		line 458 in file "C:\Program Files (x86)\Microchip\xc8\v1.40\sources\common\doprnt.c"
 Parameters:    Size  Location     Type
  pb              2   12[COMRAM] PTR struct __prbuf
		 -> sprintf@pb(4), printf@pb(4), 
  f               2   14[COMRAM] PTR const unsigned char 
		 -> STR_36(17), STR_35(17), STR_34(17), STR_33(18), 
		 -> STR_32(13), STR_31(12), STR_30(5), STR_29(4), 
		 -> STR_28(17), STR_27(14), STR_26(16), STR_25(18), 
		 -> STR_24(15), STR_23(13), STR_22(17), STR_21(16), 
		 -> STR_20(16), STR_19(14), STR_18(14), STR_17(16), 
		 -> STR_16(17), STR_15(16), STR_14(16), STR_13(16), 
		 -> STR_12(11), STR_11(17), STR_10(17), STR_9(14), 
		 -> STR_8(15), STR_7(13), STR_6(14), STR_5(5), 
		 -> STR_4(5), STR_3(5), STR_2(15), STR_1(13), 
  ap              2   16[COMRAM] PTR PTR void 
		 -> sprintf@ap(2), printf@ap(2), 
 Auto vars:     Size  Location     Type
  idx             1   22[COMRAM] unsigned char 
  tmpval          4    0        struct .
  cp              3    0        PTR const unsigned char 
  width           2   27[COMRAM] int 
  val             2   24[COMRAM] unsigned int 
  len             2    0        unsigned int 
  c               1   29[COMRAM] char 
  flag            1   26[COMRAM] unsigned char 
  prec            1   23[COMRAM] char 
 Return value:  Size  Location     Type
                  2   12[COMRAM] int 
 Registers used:
		wreg, fsr2l, fsr2h, status,2, status,0, pclath, tosl, tblptrl, tblptrh, tblptru, prodl, prodh, cstack
 Tracked objects:
		On entry : 
		On exit  : 
		Unchanged: 
 Data sizes:     COMRAM   BANK0   BANK1   BANK2   BANK3   BANK4   BANK5   BANK6   BANK7   BANK8   BANK9  BANK10  BANK11  BANK12  BANK13  BANK14  BANK15
      Params:         6       0       0       0       0       0       0       0       0       0       0       0       0       0       0       0       0
      Locals:         8       0       0       0       0       0       0       0       0       0       0       0       0       0       0       0       0
      Temps:          4       0       0       0       0       0       0       0       0       0       0       0       0       0       0       0       0
      Totals:        18       0       0       0       0       0       0       0       0       0       0       0       0       0       0       0       0
Total ram usage:       18 bytes
 Hardware stack levels used:    1
 Hardware stack levels required when called:    2
 This function calls:
		Absolute function
		___lwdiv
		___lwmod
		___wmul
		_isdigit
		_putch
 This function is called by:
		_printf
		_sprintf
 This function uses a non-reentrant model


 *************** function _putch *****************
 Defined at:
		line 30 in file "lcd.c"
 Parameters:    Size  Location     Type
  data            1    wreg     unsigned char 
 Auto vars:     Size  Location     Type
  data            1    2[COMRAM] unsigned char 
 Return value:  Size  Location     Type
                  1    wreg      void 
 Registers used:
		wreg, status,2, status,0, cstack
 Tracked objects:
		On entry : 
		On exit  : 
		Unchanged: 
 Data sizes:     COMRAM   BANK0   BANK1   BANK2   BANK3   BANK4   BANK5   BANK6   BANK7   BANK8   BANK9  BANK10  BANK11  BANK12  BANK13  BANK14  BANK15
      Params:         0       0       0       0       0       0       0       0       0       0       0       0       0       0       0       0       0
      Locals:         1       0       0       0       0       0       0       0       0       0       0       0       0       0       0       0       0
      Temps:          0       0       0       0       0       0       0       0       0       0       0       0       0       0       0       0       0
      Totals:         1       0       0       0       0       0       0       0       0       0       0       0       0       0       0       0       0
Total ram usage:        1 bytes
 Hardware stack levels used:    1
 Hardware stack levels required when called:    1
 This function calls:
		_lcdNibble
 This function is called by:
		_printf
		__doprnt
 This function uses a non-reentrant model


 *************** function _isdigit *****************
 Defined at:
		line 8 in file "C:\Program Files (x86)\Microchip\xc8\v1.40\sources\common\isdigit.c"
 Parameters:    Size  Location     Type
  c               1    wreg     unsigned char 
 Auto vars:     Size  Location     Type
  c               1    2[COMRAM] unsigned char 
 Return value:  Size  Location     Type
		None               void
 Registers used:
		wreg, status,2, status,0
 Tracked objects:
		On entry : 
		On exit  : 
		Unchanged: 
 Data sizes:     COMRAM   BANK0   BANK1   BANK2   BANK3   BANK4   BANK5   BANK6   BANK7   BANK8   BANK9  BANK10  BANK11  BANK12  BANK13  BANK14  BANK15
      Params:         0       0       0       0       0       0       0       0       0       0       0       0       0       0       0       0       0
      Locals:         2       0       0       0       0       0       0       0       0       0       0       0       0       0       0       0       0
      Temps:          1       0       0       0       0       0       0       0       0       0       0       0       0       0       0       0       0
      Totals:         3       0       0       0       0       0       0       0       0       0       0       0       0       0       0       0       0
Total ram usage:        3 bytes
 Hardware stack levels used:    1
 This function calls:
		Nothing
 This function is called by:
		__doprnt
		_atoi
 This function uses a non-reentrant model


 *************** function ___lwmod *****************
 Defined at:
		line 8 in file "C:\Program Files (x86)\Microchip\xc8\v1.40\sources\common\lwmod.c"
 Parameters:    Size  Location     Type
  dividend        2    7[COMRAM] unsigned int 
  divisor         2    9[COMRAM] unsigned int 
 Auto vars:     Size  Location     Type
  counter         1   11[COMRAM] unsigned char 
 Return value:  Size  Location     Type
                  2    7[COMRAM] unsigned int 
 Registers used:
		wreg, status,2, status,0
 Tracked objects:
		On entry : 
		On exit  : 
		Unchanged: 
 Data sizes:     COMRAM   BANK0   BANK1   BANK2   BANK3   BANK4   BANK5   BANK6   BANK7   BANK8   BANK9  BANK10  BANK11  BANK12  BANK13  BANK14  BANK15
      Params:         4       0       0       0       0       0       0       0       0       0       0       0       0       0       0       0       0
      Locals:         1       0       0       0       0       0       0       0       0       0       0       0       0       0       0       0       0
      Temps:          0       0       0       0       0       0       0       0       0       0       0       0       0       0       0       0       0
      Totals:         5       0       0       0       0       0       0       0       0       0       0       0       0       0       0       0       0
Total ram usage:        5 bytes
 Hardware stack levels used:    1
 This function calls:
		Nothing
 This function is called by:
		__doprnt
 This function uses a non-reentrant model


 *************** function ___lwdiv *****************
 Defined at:
		line 8 in file "C:\Program Files (x86)\Microchip\xc8\v1.40\sources\common\lwdiv.c"
 Parameters:    Size  Location     Type
  dividend        2    0[COMRAM] unsigned int 
  divisor         2    2[COMRAM] unsigned int 
 Auto vars:     Size  Location     Type
  quotient        2    4[COMRAM] unsigned int 
  counter         1    6[COMRAM] unsigned char 
 Return value:  Size  Location     Type
                  2    0[COMRAM] unsigned int 
 Registers used:
		wreg, status,2, status,0
 Tracked objects:
		On entry : 
		On exit  : 
		Unchanged: 
 Data sizes:     COMRAM   BANK0   BANK1   BANK2   BANK3   BANK4   BANK5   BANK6   BANK7   BANK8   BANK9  BANK10  BANK11  BANK12  BANK13  BANK14  BANK15
      Params:         4       0       0       0       0       0       0       0       0       0       0       0       0       0       0       0       0
      Locals:         3       0       0       0       0       0       0       0       0       0       0       0       0       0       0       0       0
      Temps:          0       0       0       0       0       0       0       0       0       0       0       0       0       0       0       0       0
      Totals:         7       0       0       0       0       0       0       0       0       0       0       0       0       0       0       0       0
Total ram usage:        7 bytes
 Hardware stack levels used:    1
 This function calls:
		Nothing
 This function is called by:
		__doprnt
 This function uses a non-reentrant model


 *************** function _lcdInst *****************
 Defined at:
		line 25 in file "lcd.c"
 Parameters:    Size  Location     Type
  data            1    wreg     unsigned char 
 Auto vars:     Size  Location     Type
  data            1    2[COMRAM] unsigned char 
 Return value:  Size  Location     Type
                  1    wreg      void 
 Registers used:
		wreg, status,2, status,0, cstack
 Tracked objects:
		On entry : 
		On exit  : 
		Unchanged: 
 Data sizes:     COMRAM   BANK0   BANK1   BANK2   BANK3   BANK4   BANK5   BANK6   BANK7   BANK8   BANK9  BANK10  BANK11  BANK12  BANK13  BANK14  BANK15
      Params:         0       0       0       0       0       0       0       0       0       0       0       0       0       0       0       0       0
      Locals:         1       0       0       0       0       0       0       0       0       0       0       0       0       0       0       0       0
      Temps:          0       0       0       0       0       0       0       0       0       0       0       0       0       0       0       0       0
      Totals:         1       0       0       0       0       0       0       0       0       0       0       0       0       0       0       0       0
Total ram usage:        1 bytes
 Hardware stack levels used:    1
 Hardware stack levels required when called:    1
 This function calls:
		_lcdNibble
 This function is called by:
		_getUserInput
		_displayMainProgramLcdScreen
		_update_eeprom_screen_state
		_update_past_run_screen_state
		_operation
		_initializeLCDScreen
		_lcdClear
 This function uses a non-reentrant model


 *************** function _lcdNibble *****************
 Defined at:
		line 43 in file "lcd.c"
 Parameters:    Size  Location     Type
  data            1    wreg     unsigned char 
 Auto vars:     Size  Location     Type
  data            1    1[COMRAM] unsigned char 
  temp            1    0[COMRAM] unsigned char 
 Return value:  Size  Location     Type
                  1    wreg      void 
 Registers used:
		wreg, status,2, status,0
 Tracked objects:
		On entry : 
		On exit  : 
		Unchanged: 
 Data sizes:     COMRAM   BANK0   BANK1   BANK2   BANK3   BANK4   BANK5   BANK6   BANK7   BANK8   BANK9  BANK10  BANK11  BANK12  BANK13  BANK14  BANK15
      Params:         0       0       0       0       0       0       0       0       0       0       0       0       0       0       0       0       0
      Locals:         2       0       0       0       0       0       0       0       0       0       0       0       0       0       0       0       0
      Temps:          0       0       0       0       0       0       0       0       0       0       0       0       0       0       0       0       0
      Totals:         2       0       0       0       0       0       0       0       0       0       0       0       0       0       0       0       0
Total ram usage:        2 bytes
 Hardware stack levels used:    1
 This function calls:
		Nothing
 This function is called by:
		_lcdInst
		_putch
 This function uses a non-reentrant model


 *************** function _getEEPROM *****************
 Defined at:
		line 452 in file "main.c"
 Parameters:    Size  Location     Type
  num             2    8[COMRAM] int 
 Auto vars:     Size  Location     Type
  i               2   14[COMRAM] int 
 Return value:  Size  Location     Type
                  1    wreg      void 
 Registers used:
		wreg, fsr2l, fsr2h, status,2, status,0, prodl, prodh, cstack
 Tracked objects:
		On entry : 
		On exit  : 
		Unchanged: 
 Data sizes:     COMRAM   BANK0   BANK1   BANK2   BANK3   BANK4   BANK5   BANK6   BANK7   BANK8   BANK9  BANK10  BANK11  BANK12  BANK13  BANK14  BANK15
      Params:         2       0       0       0       0       0       0       0       0       0       0       0       0       0       0       0       0
      Locals:         2       0       0       0       0       0       0       0       0       0       0       0       0       0       0       0       0
      Temps:          4       0       0       0       0       0       0       0       0       0       0       0       0       0       0       0       0
      Totals:         8       0       0       0       0       0       0       0       0       0       0       0       0       0       0       0       0
Total ram usage:        8 bytes
 Hardware stack levels used:    1
 Hardware stack levels required when called:    1
 This function calls:
		_Eeprom_ReadByte
		___wmul
 This function is called by:
		_EEPROM
 This function uses a non-reentrant model


 *************** function ___wmul *****************
 Defined at:
		line 15 in file "C:\Program Files (x86)\Microchip\xc8\v1.40\sources\common\Umul16.c"
 Parameters:    Size  Location     Type
  multiplier      2    0[COMRAM] unsigned int 
  multiplicand    2    2[COMRAM] unsigned int 
 Auto vars:     Size  Location     Type
  product         2    4[COMRAM] unsigned int 
 Return value:  Size  Location     Type
                  2    0[COMRAM] unsigned int 
 Registers used:
		wreg, status,2, status,0, prodl, prodh
 Tracked objects:
		On entry : 
		On exit  : 
		Unchanged: 
 Data sizes:     COMRAM   BANK0   BANK1   BANK2   BANK3   BANK4   BANK5   BANK6   BANK7   BANK8   BANK9  BANK10  BANK11  BANK12  BANK13  BANK14  BANK15
      Params:         4       0       0       0       0       0       0       0       0       0       0       0       0       0       0       0       0
      Locals:         2       0       0       0       0       0       0       0       0       0       0       0       0       0       0       0       0
      Temps:          0       0       0       0       0       0       0       0       0       0       0       0       0       0       0       0       0
      Totals:         6       0       0       0       0       0       0       0       0       0       0       0       0       0       0       0       0
Total ram usage:        6 bytes
 Hardware stack levels used:    1
 This function calls:
		Nothing
 This function is called by:
		_getCurrentTime
		_saveEEPROM
		_getEEPROM
		__doprnt
		_atoi
 This function uses a non-reentrant model


 *************** function _Eeprom_ReadByte *****************
 Defined at:
		line 493 in file "main.c"
 Parameters:    Size  Location     Type
  address         2    6[COMRAM] unsigned int 
 Auto vars:     Size  Location     Type
		None
 Return value:  Size  Location     Type
                  1    wreg      unsigned char 
 Registers used:
		wreg, status,2
 Tracked objects:
		On entry : 
		On exit  : 
		Unchanged: 
 Data sizes:     COMRAM   BANK0   BANK1   BANK2   BANK3   BANK4   BANK5   BANK6   BANK7   BANK8   BANK9  BANK10  BANK11  BANK12  BANK13  BANK14  BANK15
      Params:         2       0       0       0       0       0       0       0       0       0       0       0       0       0       0       0       0
      Locals:         0       0       0       0       0       0       0       0       0       0       0       0       0       0       0       0       0
      Temps:          0       0       0       0       0       0       0       0       0       0       0       0       0       0       0       0       0
      Totals:         2       0       0       0       0       0       0       0       0       0       0       0       0       0       0       0       0
Total ram usage:        2 bytes
 Hardware stack levels used:    1
 This function calls:
		Nothing
 This function is called by:
		_saveEEPROM
		_getEEPROM
 This function uses a non-reentrant model



MODULE INFORMATION

Module		Function		Class		Link	Load	Size
C:\Program Files (x86)\Microchip\xc8\v1.40\sources\common\doprnt.c
		__doprnt       		CODE           	F882	0000	1455

C:\Program Files (x86)\Microchip\xc8\v1.40\sources\common\doprnt.c estimated size: 1455

I2C.c
		_I2C_Master_Read		CODE           	E4F6	0000	39
		_I2C_Master_Wait		CODE           	E46A	0000	19
		_I2C_Master_Stop		CODE           	E434	0000	9
		_I2C_Master_Write		CODE           	E43C	0000	11
		_initializeRTC 		CODE           	E772	0000	91
		_I2C_Master_Start		CODE           	E42C	0000	9

I2C.c estimated size: 178

C:\Program Files (x86)\Microchip\xc8\v1.40\sources\common\Umul16.c
		___wmul        		CODE           	E4D0	0000	39

C:\Program Files (x86)\Microchip\xc8\v1.40\sources\common\Umul16.c estimated size: 39

C:\Program Files (x86)\Microchip\xc8\v1.40\sources\common\lwmod.c
		___lwmod       		CODE           	E600	0000	67

C:\Program Files (x86)\Microchip\xc8\v1.40\sources\common\lwmod.c estimated size: 67

C:\Program Files (x86)\Microchip\xc8\v1.40\sources\common\isdigit.c
		_isdigit       		CODE           	E492	0000	31

C:\Program Files (x86)\Microchip\xc8\v1.40\sources\common\isdigit.c estimated size: 31

shared
		_dpowers       		MEDIUMCONST    	FE42	0000	11
		_keys          		MEDIUMCONST    	FE31	0000	18
		__initialization		CODE           	E598	0000	45
		_hexpowers     		MEDIUMCONST    	FE4C	0000	9

shared estimated size: 83

C:\Program Files (x86)\Microchip\xc8\v1.40\sources\common\printf.c
		_printf        		CODE           	E5CA	0000	55

C:\Program Files (x86)\Microchip\xc8\v1.40\sources\common\printf.c estimated size: 55

C:\Program Files (x86)\Microchip\xc8\v1.40\sources\common\atoi.c
		_atoi          		CODE           	EBDA	0000	207

C:\Program Files (x86)\Microchip\xc8\v1.40\sources\common\atoi.c estimated size: 207

lcd.c
		_putch         		CODE           	E452	0000	13
		_lcdInst       		CODE           	E446	0000	13
		_lcdClear      		CODE           	E56C	0000	45
		_lcdNibble     		CODE           	E71C	0000	87
		_initializeLCDScreen		CODE           	E684	0000	71

lcd.c estimated size: 229

C:\Program Files (x86)\Microchip\xc8\v1.40\sources\common\sprintf.c
		_sprintf       		CODE           	E642	0000	67

C:\Program Files (x86)\Microchip\xc8\v1.40\sources\common\sprintf.c estimated size: 67

C:\Program Files (x86)\Microchip\xc8\v1.40\sources\common\lwdiv.c
		___lwdiv       		CODE           	E6CA	0000	83

C:\Program Files (x86)\Microchip\xc8\v1.40\sources\common\lwdiv.c estimated size: 83

main.c
		_pushBottle    		CODE           	E9BA	0000	169
		_getEEPROM     		CODE           	ED7C	0000	239
		_Eeprom_ReadByte		CODE           	E47C	0000	23
		_update_past_run_screen_state		CODE           	EE6A	0000	303
		_initializePicPins		CODE           	E542	0000	43
		_getCurrentTime		CODE           	ECA8	0000	213
		_main          		CODE           	F0CE	0000	333
		_updateCurrentTime		CODE           	E7CC	0000	103
		_displayMainProgramLcdScreen		CODE           	EA62	0000	187
		_update_eeprom_screen_state		CODE           	E92E	0000	141
		_moveBinServo  		CODE           	EF98	0000	311
		_operation     		CODE           	F62E	0000	597
		_getUserInput  		CODE           	E832	0000	123
		_Eeprom_WriteByte		CODE           	E51C	0000	39
		_initializePicSettings		CODE           	E4B0	0000	33
		_saveEEPROM    		CODE           	F21A	0000	507
		_EEPROM        		CODE           	F414	0000	539
		_past_run_access		CODE           	EB1C	0000	191

main.c estimated size: 4094

C:\Program Files (x86)\Microchip\xc8\v1.40\sources\common\lldiv.c
		___lldiv       		CODE           	E8AC	0000	131

C:\Program Files (x86)\Microchip\xc8\v1.40\sources\common\lldiv.c estimated size: 131

